Archive member included to satisfy reference by file (symbol)

/Applications/STM32CubeIDE.app/Contents/Eclipse/plugins/com.st.stm32cube.ide.mcu.externaltools.gnu-tools-for-stm32.14.3.rel1.macosaarch64_1.0.0.202602081740/tools/bin/../lib/gcc/arm-none-eabi/14.3.1/../../../../arm-none-eabi/lib/thumb/v7e-m+fp/hard/libc_nano.a(libc_a-exit.o)
                              /Applications/STM32CubeIDE.app/Contents/Eclipse/plugins/com.st.stm32cube.ide.mcu.externaltools.gnu-tools-for-stm32.14.3.rel1.macosaarch64_1.0.0.202602081740/tools/bin/../lib/gcc/arm-none-eabi/14.3.1/../../../../arm-none-eabi/lib/thumb/v7e-m+fp/hard/crt0.o (exit)
/Applications/STM32CubeIDE.app/Contents/Eclipse/plugins/com.st.stm32cube.ide.mcu.externaltools.gnu-tools-for-stm32.14.3.rel1.macosaarch64_1.0.0.202602081740/tools/bin/../lib/gcc/arm-none-eabi/14.3.1/../../../../arm-none-eabi/lib/thumb/v7e-m+fp/hard/libc_nano.a(libc_a-snprintf.o)
                              ./Core/Src/main.o (snprintf)
/Applications/STM32CubeIDE.app/Contents/Eclipse/plugins/com.st.stm32cube.ide.mcu.externaltools.gnu-tools-for-stm32.14.3.rel1.macosaarch64_1.0.0.202602081740/tools/bin/../lib/gcc/arm-none-eabi/14.3.1/../../../../arm-none-eabi/lib/thumb/v7e-m+fp/hard/libc_nano.a(libc_a-findfp.o)
                              /Applications/STM32CubeIDE.app/Contents/Eclipse/plugins/com.st.stm32cube.ide.mcu.externaltools.gnu-tools-for-stm32.14.3.rel1.macosaarch64_1.0.0.202602081740/tools/bin/../lib/gcc/arm-none-eabi/14.3.1/../../../../arm-none-eabi/lib/thumb/v7e-m+fp/hard/libc_nano.a(libc_a-exit.o) (__stdio_exit_handler)
/Applications/STM32CubeIDE.app/Contents/Eclipse/plugins/com.st.stm32cube.ide.mcu.externaltools.gnu-tools-for-stm32.14.3.rel1.macosaarch64_1.0.0.202602081740/tools/bin/../lib/gcc/arm-none-eabi/14.3.1/../../../../arm-none-eabi/lib/thumb/v7e-m+fp/hard/libc_nano.a(libc_a-fwalk.o)
                              /Applications/STM32CubeIDE.app/Contents/Eclipse/plugins/com.st.stm32cube.ide.mcu.externaltools.gnu-tools-for-stm32.14.3.rel1.macosaarch64_1.0.0.202602081740/tools/bin/../lib/gcc/arm-none-eabi/14.3.1/../../../../arm-none-eabi/lib/thumb/v7e-m+fp/hard/libc_nano.a(libc_a-findfp.o) (_fwalk_sglue)
/Applications/STM32CubeIDE.app/Contents/Eclipse/plugins/com.st.stm32cube.ide.mcu.externaltools.gnu-tools-for-stm32.14.3.rel1.macosaarch64_1.0.0.202602081740/tools/bin/../lib/gcc/arm-none-eabi/14.3.1/../../../../arm-none-eabi/lib/thumb/v7e-m+fp/hard/libc_nano.a(libc_a-memset.o)
                              /Applications/STM32CubeIDE.app/Contents/Eclipse/plugins/com.st.stm32cube.ide.mcu.externaltools.gnu-tools-for-stm32.14.3.rel1.macosaarch64_1.0.0.202602081740/tools/bin/../lib/gcc/arm-none-eabi/14.3.1/../../../../arm-none-eabi/lib/thumb/v7e-m+fp/hard/crt0.o (memset)
/Applications/STM32CubeIDE.app/Contents/Eclipse/plugins/com.st.stm32cube.ide.mcu.externaltools.gnu-tools-for-stm32.14.3.rel1.macosaarch64_1.0.0.202602081740/tools/bin/../lib/gcc/arm-none-eabi/14.3.1/../../../../arm-none-eabi/lib/thumb/v7e-m+fp/hard/libc_nano.a(libc_a-strncpy.o)
                              ./Core/Src/ugfx.o (strncpy)
/Applications/STM32CubeIDE.app/Contents/Eclipse/plugins/com.st.stm32cube.ide.mcu.externaltools.gnu-tools-for-stm32.14.3.rel1.macosaarch64_1.0.0.202602081740/tools/bin/../lib/gcc/arm-none-eabi/14.3.1/../../../../arm-none-eabi/lib/thumb/v7e-m+fp/hard/libc_nano.a(libc_a-errno.o)
                              ./Core/Src/syscalls.o (__errno)
/Applications/STM32CubeIDE.app/Contents/Eclipse/plugins/com.st.stm32cube.ide.mcu.externaltools.gnu-tools-for-stm32.14.3.rel1.macosaarch64_1.0.0.202602081740/tools/bin/../lib/gcc/arm-none-eabi/14.3.1/../../../../arm-none-eabi/lib/thumb/v7e-m+fp/hard/libc_nano.a(libc_a-init.o)
                              /Applications/STM32CubeIDE.app/Contents/Eclipse/plugins/com.st.stm32cube.ide.mcu.externaltools.gnu-tools-for-stm32.14.3.rel1.macosaarch64_1.0.0.202602081740/tools/bin/../lib/gcc/arm-none-eabi/14.3.1/../../../../arm-none-eabi/lib/thumb/v7e-m+fp/hard/crt0.o (__libc_init_array)
/Applications/STM32CubeIDE.app/Contents/Eclipse/plugins/com.st.stm32cube.ide.mcu.externaltools.gnu-tools-for-stm32.14.3.rel1.macosaarch64_1.0.0.202602081740/tools/bin/../lib/gcc/arm-none-eabi/14.3.1/../../../../arm-none-eabi/lib/thumb/v7e-m+fp/hard/libc_nano.a(libc_a-lock.o)
                              /Applications/STM32CubeIDE.app/Contents/Eclipse/plugins/com.st.stm32cube.ide.mcu.externaltools.gnu-tools-for-stm32.14.3.rel1.macosaarch64_1.0.0.202602081740/tools/bin/../lib/gcc/arm-none-eabi/14.3.1/../../../../arm-none-eabi/lib/thumb/v7e-m+fp/hard/libc_nano.a(libc_a-findfp.o) (__retarget_lock_init_recursive)
/Applications/STM32CubeIDE.app/Contents/Eclipse/plugins/com.st.stm32cube.ide.mcu.externaltools.gnu-tools-for-stm32.14.3.rel1.macosaarch64_1.0.0.202602081740/tools/bin/../lib/gcc/arm-none-eabi/14.3.1/../../../../arm-none-eabi/lib/thumb/v7e-m+fp/hard/libc_nano.a(libc_a-impure.o)
[...]
Memory Configuration

Name             Origin             Length             Attributes
CCMRAM           0x10000000         0x00010000         xrw
RAM              0x20000000         0x00030000         xrw
FLASH            0x08000000         0x00100000         xr
*default*        0x00000000         0xffffffff

Linker script and memory map

LOAD /Applications/STM32CubeIDE.app/Contents/Eclipse/plugins/com.st.stm32cube.ide.mcu.externaltools.gnu-tools-for-stm32.14.3.rel1.macosaarch64_1.0.0.202602081740/tools/bin/../lib/gcc/arm-none-eabi/14.3.1/thumb/v7e-m+fp/hard/crti.o
LOAD /Applications/STM32CubeIDE.app/Contents/Eclipse/plugins/com.st.stm32cube.ide.mcu.externaltools.gnu-tools-for-stm32.14.3.rel1.macosaarch64_1.0.0.202602081740/tools/bin/../lib/gcc/arm-none-eabi/14.3.1/thumb/v7e-m+fp/hard/crtbegin.o
LOAD /Applications/STM32CubeIDE.app/Contents/Eclipse/plugins/com.st.stm32cube.ide.mcu.externaltools.gnu-tools-for-stm32.14.3.rel1.macosaarch64_1.0.0.202602081740/tools/bin/../lib/gcc/arm-none-eabi/14.3.1/../../../../arm-none-eabi/lib/thumb/v7e-m+fp/hard/crt0.o
LOAD ./Core/Src/TouchGFXHAL_ILI9488.o
LOAD ./Core/Src/gradient.o
LOAD ./Core/Src/ili9488.o
LOAD ./Core/Src/main.o
LOAD ./Core/Src/stm32f4xx_hal_msp.o
LOAD ./Core/Src/stm32f4xx_it.o
LOAD ./Core/Src/syscalls.o
LOAD ./Core/Src/sysmem.o
LOAD ./Core/Src/system_stm32f4xx.o
LOAD ./Core/Src/ugfx.o
LOAD ./Core/Src/ui_gfx.o
LOAD ./Core/Src/ui_test.o
LOAD ./Core/Src/xpt2046.o
LOAD ./Core/Startup/startup_stm32f429zgtx.o
LOAD ./Drivers/STM32F4xx_HAL_Driver/Src/stm32f4xx_hal.o
LOAD ./Drivers/STM32F4xx_HAL_Driver/Src/stm32f4xx_hal_cortex.o
LOAD ./Drivers/STM32F4xx_HAL_Driver/Src/stm32f4xx_hal_dma.o
LOAD ./Drivers/STM32F4xx_HAL_Driver/Src/stm32f4xx_hal_dma_ex.o
LOAD ./Drivers/STM32F4xx_HAL_Driver/Src/stm32f4xx_hal_exti.o
LOAD ./Drivers/STM32F4xx_HAL_Driver/Src/stm32f4xx_hal_flash.o
LOAD ./Drivers/STM32F4xx_HAL_Driver/Src/stm32f4xx_hal_flash_ex.o
LOAD ./Drivers/STM32F4xx_HAL_Driver/Src/stm32f4xx_hal_flash_ramfunc.o
LOAD ./Drivers/STM32F4xx_HAL_Driver/Src/stm32f4xx_hal_gpio.o
LOAD ./Drivers/STM32F4xx_HAL_Driver/Src/stm32f4xx_hal_pwr.o
LOAD ./Drivers/STM32F4xx_HAL_Driver/Src/stm32f4xx_hal_pwr_ex.o
LOAD ./Drivers/STM32F4xx_HAL_Driver/Src/stm32f4xx_hal_rcc.o
LOAD ./Drivers/STM32F4xx_HAL_Driver/Src/stm32f4xx_hal_rcc_ex.o
LOAD ./Drivers/STM32F4xx_HAL_Driver/Src/stm32f4xx_hal_spi.o
START GROUP
LOAD /Applications/STM32CubeIDE.app/Contents/Eclipse/plugins/com.st.stm32cube.ide.mcu.externaltools.gnu-tools-for-stm32.14.3.rel1.macosaarch64_1.0.0.202602081740/tools/bin/../lib/gcc/arm-none-eabi/14.3.1/../../../../arm-none-eabi/lib/thumb/v7e-m+fp/hard/libc_nano.a
LOAD /Applications/STM32CubeIDE.app/Contents/Eclipse/plugins/com.st.stm32cube.ide.mcu.externaltools.gnu-tools-for-stm32.14.3.rel1.macosaarch64_1.0.0.202602081740/tools/bin/../lib/gcc/arm-none-eabi/14.3.1/../../../../arm-none-eabi/lib/thumb/v7e-m+fp/hard/libm.a
END GROUP
START GROUP
LOAD /Applications/STM32CubeIDE.app/Contents/Eclipse/plugins/com.st.stm32cube.ide.mcu.externaltools.gnu-tools-for-stm32.14.3.rel1.macosaarch64_1.0.0.202602081740/tools/bin/../lib/gcc/arm-none-eabi/14.3.1/thumb/v7e-m+fp/hard/libgcc.a
LOAD /Applications/STM32CubeIDE.app/Contents/Eclipse/plugins/com.st.stm32cube.ide.mcu.externaltools.gnu-tools-for-stm32.14.3.rel1.macosaarch64_1.0.0.202602081740/tools/bin/../lib/gcc/arm-none-eabi/14.3.1/../../../../arm-none-eabi/lib/thumb/v7e-m+fp/hard/libc_nano.a
END GROUP
START GROUP
LOAD /Applications/STM32CubeIDE.app/Contents/Eclipse/plugins/com.st.stm32cube.ide.mcu.externaltools.gnu-tools-for-stm32.14.3.rel1.macosaarch64_1.0.0.202602081740/tools/bin/../lib/gcc/arm-none-eabi/14.3.1/thumb/v7e-m+fp/hard/libgcc.a
LOAD /Applications/STM32CubeIDE.app/Contents/Eclipse/plugins/com.st.stm32cube.ide.mcu.externaltools.gnu-tools-for-stm32.14.3.rel1.macosaarch64_1.0.0.202602081740/tools/bin/../lib/gcc/arm-none-eabi/14.3.1/../../../../arm-none-eabi/lib/thumb/v7e-m+fp/hard/libc_nano.a
LOAD /Applications/STM32CubeIDE.app/Contents/Eclipse/plugins/com.st.stm32cube.ide.mcu.externaltools.gnu-tools-for-stm32.14.3.rel1.macosaarch64_1.0.0.202602081740/tools/bin/../lib/gcc/arm-none-eabi/14.3.1/../../../../arm-none-eabi/lib/thumb/v7e-m+fp/hard/libnosys.a
END GROUP
START GROUP
LOAD /Applications/STM32CubeIDE.app/Contents/Eclipse/plugins/com.st.stm32cube.ide.mcu.externaltools.gnu-tools-for-stm32.14.3.rel1.macosaarch64_1.0.0.202602081740/tools/bin/../lib/gcc/arm-none-eabi/14.3.1/thumb/v7e-m+fp/hard/libgcc.a
LOAD /Applications/STM32CubeIDE.app/Contents/Eclipse/plugins/com.st.stm32cube.ide.mcu.externaltools.gnu-tools-for-stm32.14.3.rel1.macosaarch64_1.0.0.202602081740/tools/bin/../lib/gcc/arm-none-eabi/14.3.1/../../../../arm-none-eabi/lib/thumb/v7e-m+fp/hard/libc_nano.a
LOAD /Applications/STM32CubeIDE.app/Contents/Eclipse/plugins/com.st.stm32cube.ide.mcu.externaltools.gnu-tools-for-stm32.14.3.rel1.macosaarch64_1.0.0.202602081740/tools/bin/../lib/gcc/arm-none-eabi/14.3.1/../../../../arm-none-eabi/lib/thumb/v7e-m+fp/hard/libnosys.a
END GROUP
LOAD /Applications/STM32CubeIDE.app/Contents/Eclipse/plugins/com.st.stm32cube.ide.mcu.externaltools.gnu-tools-for-stm32.14.3.rel1.macosaarch64_1.0.0.202602081740/tools/bin/../lib/gcc/arm-none-eabi/14.3.1/thumb/v7e-m+fp/hard/crtend.o
LOAD /Applications/STM32CubeIDE.app/Contents/Eclipse/plugins/com.st.stm32cube.ide.mcu.externaltools.gnu-tools-for-stm32.14.3.rel1.macosaarch64_1.0.0.202602081740/tools/bin/../lib/gcc/arm-none-eabi/14.3.1/thumb/v7e-m+fp/hard/crtn.o
                0x20030000                        _estack = (ORIGIN (RAM) + LENGTH (RAM))
                0x00000200                        _Min_Heap_Size = 0x200
                0x00000400                        _Min_Stack_Size = 0x400

.isr_vector     0x08000000      0x1ac
                0x08000000                        . = ALIGN (0x4)
 *(.isr_vector)
 .isr_vector    0x08000000      0x1ac ./Core/Startup/startup_stm32f429zgtx.o
                0x08000000                g_pfnVectors
                0x080001ac                        . = ALIGN (0x4)

.text           0x080001b0     0x578c
                0x080001b0                        . = ALIGN (0x4)
 *(.text)
 .text          0x080001b0       0x40 /Applications/STM32CubeIDE.app/Contents/Eclipse/plugins/com.st.stm32cube.ide.mcu.externaltools.gnu-tools-for-stm32.14.3.rel1.macosaarch64_1.0.0.202602081740/tools/bin/../lib/gcc/arm-none-eabi/14.3.1/thumb/v7e-m+fp/hard/crtbegin.o
 .text          0x080001f0       0x10 /Applications/STM32CubeIDE.app/Contents/Eclipse/plugins/com.st.stm32cube.ide.mcu.externaltools.gnu-tools-for-stm32.14.3.rel1.macosaarch64_1.0.0.202602081740/tools/bin/../lib/gcc/arm-none-eabi/14.3.1/../../../../arm-none-eabi/lib/thumb/v7e-m+fp/hard/libc_nano.a(libc_a-strlen.o)
                0x080001f0                strlen
 .text          0x08000200       0xa0 /Applications/STM32CubeIDE.app/Contents/Eclipse/plugins/com.st.stm32cube.ide.mcu.externaltools.gnu-tools-for-stm32.14.3.rel1.macosaarch64_1.0.0.202602081740/tools/bin/../lib/gcc/arm-none-eabi/14.3.1/../../../../arm-none-eabi/lib/thumb/v7e-m+fp/hard/libc_nano.a(libc_a-memchr.o)
                0x08000200                memchr
 .text          0x080002a0       0x30 /Applications/STM32CubeIDE.app/Contents/Eclipse/plugins/com.st.stm32cube.ide.mcu.externaltools.gnu-tools-for-stm32.14.3.rel1.macosaarch64_1.0.0.202602081740/tools/bin/../lib/gcc/arm-none-eabi/14.3.1/thumb/v7e-m+fp/hard/libgcc.a(_aeabi_uldivmod.o)
                0x080002a0                __aeabi_uldivmod
 .text          0x080002d0      0x2f8 /Applications/STM32CubeIDE.app/Contents/Eclipse/plugins/com.st.stm32cube.ide.mcu.externaltools.gnu-tools-for-stm32.14.3.rel1.macosaarch64_1.0.0.202602081740/tools/bin/../lib/gcc/arm-none-eabi/14.3.1/thumb/v7e-m+fp/hard/libgcc.a(_udivmoddi4.o)
                0x080002d0                __udivmoddi4
 .text          0x080005c8        0x4 /Applications/STM32CubeIDE.app/Contents/Eclipse/plugins/com.st.stm32cube.ide.mcu.externaltools.gnu-tools-for-stm32.14.3.rel1.macosaarch64_1.0.0.202602081740/tools/bin/../lib/gcc/arm-none-eabi/14.3.1/thumb/v7e-m+fp/hard/libgcc.a(_dvmd_tls.o)
                0x080005c8                __aeabi_ldiv0
                0x080005c8                __aeabi_idiv0
 *(.text*)
 .text.HueSVtoRGB565
                0x080005cc      0x174 ./Core/Src/gradient.o
 .text.BuildBgColours
                0x08000740       0x36 ./Core/Src/gradient.o
 .text.LerpRGB565
                0x08000776       0xae ./Core/Src/gradient.o
                0x08000776                LerpRGB565
 .text.RoundRectClip
                0x08000824       0xd6 ./Core/Src/gradient.o
 .text.FillRoundRectGradientH
                0x080008fa       0x8c ./Core/Src/gradient.o
 .text.FillRoundRectGradientV
                0x08000986       0x8c ./Core/Src/gradient.o
 .text.FillRoundRectGradient
                0x08000a12       0x5c ./Core/Src/gradient.o
 .text.DrawRoundRectOutline
                0x08000a6e      0x132 ./Core/Src/gradient.o
 .text.ColFn_Rainbow
                0x08000ba0       0x7c ./Core/Src/gradient.o
 .text.ColFn_BlackToRed
                0x08000c1c       0x7c ./Core/Src/gradient.o
 .text.ColFn_AlphaToBlue
                0x08000c98       0x88 ./Core/Src/gradient.o
 .text.DrawStaticSliderImage
                0x08000d20      0x128 ./Core/Src/gradient.o
                0x08000d20                DrawStaticSliderImage
 .text.GRADIENT_RedrawSlider2Track
                0x08000e48       0x64 ./Core/Src/gradient.o
                0x08000e48                GRADIENT_RedrawSlider2Track
 .text._isqrt   0x08000eac       0x48 ./Core/Src/ili9488.o
 .text._DC_Cmd  0x08000ef4       0x18 ./Core/Src/ili9488.o
 .text._DC_Data
                0x08000f0c       0x18 ./Core/Src/ili9488.o
 .text._RST_Low
                0x08000f24       0x18 ./Core/Src/ili9488.o
 .text._RST_High
                0x08000f3c       0x18 ./Core/Src/ili9488.o
 .text._LED_On  0x08000f54       0x18 ./Core/Src/ili9488.o
 .text._LED_Off
                0x08000f6c       0x18 ./Core/Src/ili9488.o
 .text.ILI9488_CS_Assert
                0x08000f84       0x18 ./Core/Src/ili9488.o
                0x08000f84                ILI9488_CS_Assert
 .text.ILI9488_CS_Deassert
                0x08000f9c       0x18 ./Core/Src/ili9488.o
                0x08000f9c                ILI9488_CS_Deassert
 .text._WriteCmd
                0x08000fb4       0x2c ./Core/Src/ili9488.o
 .text._WriteDataBuf
                0x08000fe0       0x2c ./Core/Src/ili9488.o
 .text._WriteReg
                0x0800100c       0x3e ./Core/Src/ili9488.o
 .text.ILI9488_SetWindow
                0x0800104a       0x90 ./Core/Src/ili9488.o
                0x0800104a                ILI9488_SetWindow
 *fill*         0x080010da        0x2 
 .text.ILI9488_Init
                0x080010dc      0x130 ./Core/Src/ili9488.o
                0x080010dc                ILI9488_Init
 .text.ILI9488_SetOrientation
                0x0800120c       0xb0 ./Core/Src/ili9488.o
                0x0800120c                ILI9488_SetOrientation
 .text.ILI9488_FillScreen
                0x080012bc       0x30 ./Core/Src/ili9488.o
                0x080012bc                ILI9488_FillScreen
 .text.ILI9488_DrawPixel
                0x080012ec       0x84 ./Core/Src/ili9488.o
                0x080012ec                ILI9488_DrawPixel
 .text.ILI9488_FillRect
                0x08001370      0x238 ./Core/Src/ili9488.o
                0x08001370                ILI9488_FillRect
 .text.ILI9488_DrawHLine
                0x080015a8       0x36 ./Core/Src/ili9488.o
                0x080015a8                ILI9488_DrawHLine
 .text.ILI9488_DrawVLine
                0x080015de       0x38 ./Core/Src/ili9488.o
                0x080015de                ILI9488_DrawVLine
 .text.ILI9488_DrawRect
                0x08001616       0x7a ./Core/Src/ili9488.o
                0x08001616                ILI9488_DrawRect
 .text.ILI9488_FillCircle
                0x08001690       0x8a ./Core/Src/ili9488.o
                0x08001690                ILI9488_FillCircle
 *fill*         0x0800171a        0x2 
 .text.ILI9488_DrawChar
                0x0800171c      0x1a0 ./Core/Src/ili9488.o
                0x0800171c                ILI9488_DrawChar
 .text.ILI9488_DrawString
                0x080018bc       0x64 ./Core/Src/ili9488.o
                0x080018bc                ILI9488_DrawString
 .text.OnSliderR_Changed
                0x08001920       0x74 ./Core/Src/main.o
 .text.OnSliderG_Changed
                0x08001994       0x48 ./Core/Src/main.o
 .text.OnSliderB_Changed
                0x080019dc       0x48 ./Core/Src/main.o
 .text.OnOkPressed
                0x08001a24       0xac ./Core/Src/main.o
 .text.OnTestPressed
                0x08001ad0       0xb8 ./Core/Src/main.o
 .text.OnTestPresseda
                0x08001b88       0x24 ./Core/Src/main.o
 .text.main     0x08001bac      0x218 ./Core/Src/main.o
                0x08001bac                main
 .text.SystemClock_Config
                0x08001dc4       0xe0 ./Core/Src/main.o
                0x08001dc4                SystemClock_Config
 .text.MX_SPI1_Init
                0x08001ea4       0x6c ./Core/Src/main.o
 .text.MX_GPIO_Init
                0x08001f10      0x120 ./Core/Src/main.o
 .text.Error_Handler
                0x08002030        0xc ./Core/Src/main.o
                0x08002030                Error_Handler
 .text.HAL_MspInit
                0x0800203c       0x50 ./Core/Src/stm32f4xx_hal_msp.o
                0x0800203c                HAL_MspInit
 .text.HAL_SPI_MspInit
                0x0800208c       0x90 ./Core/Src/stm32f4xx_hal_msp.o
                0x0800208c                HAL_SPI_MspInit
 .text.NMI_Handler
                0x0800211c        0x8 ./Core/Src/stm32f4xx_it.o
                0x0800211c                NMI_Handler
 .text.HardFault_Handler
                0x08002124        0x8 ./Core/Src/stm32f4xx_it.o
                0x08002124                HardFault_Handler
 .text.MemManage_Handler
                0x0800212c        0x8 ./Core/Src/stm32f4xx_it.o
                0x0800212c                MemManage_Handler
 .text.BusFault_Handler
                0x08002134        0x8 ./Core/Src/stm32f4xx_it.o
                0x08002134                BusFault_Handler
 .text.UsageFault_Handler
                0x0800213c        0x8 ./Core/Src/stm32f4xx_it.o
                0x0800213c                UsageFault_Handler
 .text.SVC_Handler
                0x08002144        0xe ./Core/Src/stm32f4xx_it.o
                0x08002144                SVC_Handler
 .text.DebugMon_Handler
                0x08002152        0xe ./Core/Src/stm32f4xx_it.o
                0x08002152                DebugMon_Handler
 .text.PendSV_Handler
                0x08002160        0xe ./Core/Src/stm32f4xx_it.o
                0x08002160                PendSV_Handler
 .text.SysTick_Handler
                0x0800216e        0xc ./Core/Src/stm32f4xx_it.o
                0x0800216e                SysTick_Handler
 *fill*         0x0800217a        0x2 
 .text._sbrk    0x0800217c       0x6c ./Core/Src/sysmem.o
                0x0800217c                _sbrk
 .text.SystemInit
                0x080021e8       0x24 ./Core/Src/system_stm32f4xx.o
                0x080021e8                SystemInit
 .text._TransformTouch
                0x0800220c       0xa4 ./Core/Src/ugfx.o
 .text._TransformOrigin
                0x080022b0       0xa4 ./Core/Src/ugfx.o
 .text._SliderValToPos
                0x08002354       0xaa ./Core/Src/ugfx.o
 .text._SliderPosToVal
                0x080023fe       0x7e ./Core/Src/ugfx.o
 .text.UGFX_SliderDraw
                0x0800247c      0x1c6 ./Core/Src/ugfx.o
                0x0800247c                UGFX_SliderDraw
 .text.UGFX_ButtonDraw
                0x08002642      0x15e ./Core/Src/ugfx.o
                0x08002642                UGFX_ButtonDraw
 .text.UGFX_IconDraw
                0x080027a0       0x5a ./Core/Src/ugfx.o
                0x080027a0                UGFX_IconDraw
 .text.UGFX_LabelDraw
                0x080027fa       0x98 ./Core/Src/ugfx.o
                0x080027fa                UGFX_LabelDraw
 .text._InRect  0x08002892       0x5c ./Core/Src/ugfx.o
 .text._SliderTouch
                0x080028ee       0xf4 ./Core/Src/ugfx.o
 .text._SliderRelease
                0x080029e2       0x1c ./Core/Src/ugfx.o
 .text._ButtonInBounds
                0x080029fe       0x3a ./Core/Src/ugfx.o
 .text.UGFX_Init
                0x08002a38       0x88 ./Core/Src/ugfx.o
                0x08002a38                UGFX_Init
 .text.UGFX_Begin
                0x08002ac0       0xdc ./Core/Src/ugfx.o
                0x08002ac0                UGFX_Begin
 .text.UGFX_Commit
                0x08002b9c       0xcc ./Core/Src/ugfx.o
                0x08002b9c                UGFX_Commit
 .text.UGFX_SliderSetValue
                0x08002c68       0x46 ./Core/Src/ugfx.o
                0x08002c68                UGFX_SliderSetValue
 .text.UGFX_LabelSetText
                0x08002cae       0x44 ./Core/Src/ugfx.o
                0x08002cae                UGFX_LabelSetText
 *fill*         0x08002cf2        0x2 
 .text.UGFX_Poll
                0x08002cf4      0x1a0 ./Core/Src/ugfx.o
                0x08002cf4                UGFX_Poll
 .text._SB_frame
                0x08002e94       0x2a ./Core/Src/ugfx.o
 .text._SB_origin
                0x08002ebe       0x2a ./Core/Src/ugfx.o
 .text._SB_direction
                0x08002ee8       0x20 ./Core/Src/ugfx.o
 .text._SB_colors
                0x08002f08       0x3a ./Core/Src/ugfx.o
 .text._SB_touchMask
                0x08002f42       0x20 ./Core/Src/ugfx.o
 .text._SB_onChanged
                0x08002f62       0x1e ./Core/Src/ugfx.o
 .text._SB_build
                0x08002f80       0x6c ./Core/Src/ugfx.o
 .text.Slider   0x08002fec       0xa0 ./Core/Src/ugfx.o
                0x08002fec                Slider
 .text._BB_frame
                0x0800308c       0x2a ./Core/Src/ugfx.o
 .text._BB_origin
                0x080030b6       0x2a ./Core/Src/ugfx.o
 .text._BB_labelSize
                0x080030e0       0x20 ./Core/Src/ugfx.o
 .text._BB_colors
                0x08003100       0x40 ./Core/Src/ugfx.o
 .text._BB_touchMask
                0x08003140       0x20 ./Core/Src/ugfx.o
 .text._BB_onTap
                0x08003160       0x1e ./Core/Src/ugfx.o
 *fill*         0x0800317e        0x2 
 .text._BB_build
                0x08003180       0x5c ./Core/Src/ugfx.o
 .text.Button   0x080031dc       0x98 ./Core/Src/ugfx.o
                0x080031dc                Button
 .text.UI_DrawBitmap
                0x08003274       0xee ./Core/Src/ui_gfx.o
                0x08003274                UI_DrawBitmap
 *fill*         0x08003362        0x2 
 .text._SPI_SetPrescaler
                0x08003364       0x6c ./Core/Src/xpt2046.o
 .text._TOUCH_CS_Assert
                0x080033d0       0x18 ./Core/Src/xpt2046.o
 .text._TOUCH_CS_Deassert
                0x080033e8       0x18 ./Core/Src/xpt2046.o
 .text._ReadChannel
                0x08003400       0x60 ./Core/Src/xpt2046.o
 .text._SampleAvg
                0x08003460       0x40 ./Core/Src/xpt2046.o
 .text.XPT2046_Init
                0x080034a0       0x3c ./Core/Src/xpt2046.o
                0x080034a0                XPT2046_Init
 .text.XPT2046_GetTouchRaw
                0x080034dc       0xa6 ./Core/Src/xpt2046.o
                0x080034dc                XPT2046_GetTouchRaw
 *fill*         0x08003582        0x2 
 .text.XPT2046_GetTouchPixel
                0x08003584      0x1a0 ./Core/Src/xpt2046.o
                0x08003584                XPT2046_GetTouchPixel
 .text.Reset_Handler
                0x08003724       0x50 ./Core/Startup/startup_stm32f429zgtx.o
                0x08003724                Reset_Handler
 .text.Default_Handler
                0x08003774        0x2 ./Core/Startup/startup_stm32f429zgtx.o
                0x08003774                DMA1_Stream3_IRQHandler
                0x08003774                HASH_RNG_IRQHandler
                0x08003774                EXTI2_IRQHandler
                0x08003774                TIM8_CC_IRQHandler
                0x08003774                UART8_IRQHandler
                0x08003774                SPI4_IRQHandler
                0x08003774                TIM1_CC_IRQHandler
                0x08003774                DMA2_Stream5_IRQHandler
                0x08003774                DMA1_Stream5_IRQHandler
                0x08003774                PVD_IRQHandler
                0x08003774                SDIO_IRQHandler
                0x08003774                TAMP_STAMP_IRQHandler
                0x08003774                CAN2_RX1_IRQHandler
                0x08003774                EXTI3_IRQHandler
                0x08003774                TIM8_TRG_COM_TIM14_IRQHandler
                0x08003774                TIM1_UP_TIM10_IRQHandler
                0x08003774                TIM8_UP_TIM13_IRQHandler
                0x08003774                I2C3_ER_IRQHandler
                0x08003774                EXTI0_IRQHandler
                0x08003774                I2C2_EV_IRQHandler
                0x08003774                DMA1_Stream2_IRQHandler
                0x08003774                CAN1_RX0_IRQHandler
                0x08003774                FPU_IRQHandler
                0x08003774                OTG_HS_WKUP_IRQHandler
                0x08003774                LTDC_ER_IRQHandler
                0x08003774                CAN2_SCE_IRQHandler
                0x08003774                DMA2_Stream2_IRQHandler
                0x08003774                SPI1_IRQHandler
                0x08003774                TIM6_DAC_IRQHandler
                0x08003774                TIM1_BRK_TIM9_IRQHandler
                0x08003774                DCMI_IRQHandler
                0x08003774                CAN2_RX0_IRQHandler
                0x08003774                DMA2_Stream3_IRQHandler
                0x08003774                USART6_IRQHandler
                0x08003774                USART3_IRQHandler
                0x08003774                CAN1_RX1_IRQHandler
                0x08003774                UART5_IRQHandler
                0x08003774                DMA2_Stream0_IRQHandler
                0x08003774                TIM4_IRQHandler
                0x08003774                I2C1_EV_IRQHandler
                0x08003774                DMA1_Stream6_IRQHandler
                0x08003774                DMA1_Stream1_IRQHandler
                0x08003774                UART4_IRQHandler
                0x08003774                TIM3_IRQHandler
                0x08003774                RCC_IRQHandler
                0x08003774                TIM8_BRK_TIM12_IRQHandler
                0x08003774                Default_Handler
                0x08003774                EXTI15_10_IRQHandler
                0x08003774                ADC_IRQHandler
                0x08003774                DMA1_Stream7_IRQHandler
                0x08003774                SPI5_IRQHandler
                0x08003774                TIM7_IRQHandler
                0x08003774                CAN2_TX_IRQHandler
                0x08003774                TIM5_IRQHandler
                0x08003774                DMA2_Stream7_IRQHandler
                0x08003774                I2C3_EV_IRQHandler
                0x08003774                EXTI9_5_IRQHandler
                0x08003774                RTC_WKUP_IRQHandler
                0x08003774                LTDC_IRQHandler
                0x08003774                ETH_WKUP_IRQHandler
                0x08003774                SPI2_IRQHandler
                0x08003774                OTG_HS_EP1_IN_IRQHandler
                0x08003774                DMA1_Stream0_IRQHandler
                0x08003774                CAN1_TX_IRQHandler
                0x08003774                EXTI4_IRQHandler
                0x08003774                ETH_IRQHandler
                0x08003774                OTG_HS_EP1_OUT_IRQHandler
                0x08003774                WWDG_IRQHandler
                0x08003774                SPI6_IRQHandler
                0x08003774                TIM2_IRQHandler
                0x08003774                OTG_FS_WKUP_IRQHandler
                0x08003774                TIM1_TRG_COM_TIM11_IRQHandler
                0x08003774                OTG_HS_IRQHandler
                0x08003774                DMA2D_IRQHandler
                0x08003774                EXTI1_IRQHandler
                0x08003774                UART7_IRQHandler
                0x08003774                USART2_IRQHandler
                0x08003774                I2C2_ER_IRQHandler
                0x08003774                DMA2_Stream1_IRQHandler
                0x08003774                CAN1_SCE_IRQHandler
                0x08003774                FLASH_IRQHandler
                0x08003774                DMA2_Stream4_IRQHandler
                0x08003774                USART1_IRQHandler
                0x08003774                OTG_FS_IRQHandler
                0x08003774                SPI3_IRQHandler
                0x08003774                DMA1_Stream4_IRQHandler
                0x08003774                I2C1_ER_IRQHandler
                0x08003774                FMC_IRQHandler
                0x08003774                DMA2_Stream6_IRQHandler
                0x08003774                SAI1_IRQHandler
                0x08003774                RTC_Alarm_IRQHandler
 *fill*         0x08003776        0x2 
 .text.HAL_Init
                0x08003778       0x44 ./Drivers/STM32F4xx_HAL_Driver/Src/stm32f4xx_hal.o
                0x08003778                HAL_Init
 .text.HAL_InitTick
                0x080037bc       0x60 ./Drivers/STM32F4xx_HAL_Driver/Src/stm32f4xx_hal.o
                0x080037bc                HAL_InitTick
 .text.HAL_IncTick
                0x0800381c       0x28 ./Drivers/STM32F4xx_HAL_Driver/Src/stm32f4xx_hal.o
                0x0800381c                HAL_IncTick
 .text.HAL_GetTick
                0x08003844       0x18 ./Drivers/STM32F4xx_HAL_Driver/Src/stm32f4xx_hal.o
                0x08003844                HAL_GetTick
 .text.HAL_Delay
                0x0800385c       0x48 ./Drivers/STM32F4xx_HAL_Driver/Src/stm32f4xx_hal.o
                0x0800385c                HAL_Delay
 .text.__NVIC_SetPriorityGrouping
                0x080038a4       0x48 ./Drivers/STM32F4xx_HAL_Driver/Src/stm32f4xx_hal_cortex.o
 .text.__NVIC_GetPriorityGrouping
                0x080038ec       0x1c ./Drivers/STM32F4xx_HAL_Driver/Src/stm32f4xx_hal_cortex.o
 .text.__NVIC_SetPriority
                0x08003908       0x54 ./Drivers/STM32F4xx_HAL_Driver/Src/stm32f4xx_hal_cortex.o
 .text.NVIC_EncodePriority
                0x0800395c       0x66 ./Drivers/STM32F4xx_HAL_Driver/Src/stm32f4xx_hal_cortex.o
 *fill*         0x080039c2        0x2 
 .text.SysTick_Config
                0x080039c4       0x44 ./Drivers/STM32F4xx_HAL_Driver/Src/stm32f4xx_hal_cortex.o
 .text.HAL_NVIC_SetPriorityGrouping
                0x08003a08       0x16 ./Drivers/STM32F4xx_HAL_Driver/Src/stm32f4xx_hal_cortex.o
                0x08003a08                HAL_NVIC_SetPriorityGrouping
 .text.HAL_NVIC_SetPriority
                0x08003a1e       0x38 ./Drivers/STM32F4xx_HAL_Driver/Src/stm32f4xx_hal_cortex.o
                0x08003a1e                HAL_NVIC_SetPriority
 .text.HAL_SYSTICK_Config
                0x08003a56       0x18 ./Drivers/STM32F4xx_HAL_Driver/Src/stm32f4xx_hal_cortex.o
                0x08003a56                HAL_SYSTICK_Config
 *fill*         0x08003a6e        0x2 
 .text.HAL_GPIO_Init
                0x08003a70      0x358 ./Drivers/STM32F4xx_HAL_Driver/Src/stm32f4xx_hal_gpio.o
                0x08003a70                HAL_GPIO_Init
 .text.HAL_GPIO_WritePin
                0x08003dc8       0x32 ./Drivers/STM32F4xx_HAL_Driver/Src/stm32f4xx_hal_gpio.o
                0x08003dc8                HAL_GPIO_WritePin
 *fill*         0x08003dfa        0x2 
 .text.HAL_PWREx_EnableOverDrive
                0x08003dfc       0xa0 ./Drivers/STM32F4xx_HAL_Driver/Src/stm32f4xx_hal_pwr_ex.o
                0x08003dfc                HAL_PWREx_EnableOverDrive
 .text.HAL_RCC_OscConfig
                0x08003e9c      0x4f0 ./Drivers/STM32F4xx_HAL_Driver/Src/stm32f4xx_hal_rcc.o
                0x08003e9c                HAL_RCC_OscConfig
 .text.HAL_RCC_ClockConfig
                0x0800438c      0x1cc ./Drivers/STM32F4xx_HAL_Driver/Src/stm32f4xx_hal_rcc.o
                0x0800438c                HAL_RCC_ClockConfig
 .text.HAL_RCC_GetSysClockFreq
                0x08004558      0x188 ./Drivers/STM32F4xx_HAL_Driver/Src/stm32f4xx_hal_rcc.o
                0x08004558                HAL_RCC_GetSysClockFreq
 .text.HAL_SPI_Init
                0x080046e0      0x112 ./Drivers/STM32F4xx_HAL_Driver/Src/stm32f4xx_hal_spi.o
                0x080046e0                HAL_SPI_Init
 .text.HAL_SPI_Transmit
                0x080047f2      0x288 ./Drivers/STM32F4xx_HAL_Driver/Src/stm32f4xx_hal_spi.o
                0x080047f2                HAL_SPI_Transmit
 .text.HAL_SPI_TransmitReceive
                0x08004a7a      0x352 ./Drivers/STM32F4xx_HAL_Driver/Src/stm32f4xx_hal_spi.o
                0x08004a7a                HAL_SPI_TransmitReceive
 .text.SPI_WaitFlagStateUntilTimeout
                0x08004dcc      0x110 ./Drivers/STM32F4xx_HAL_Driver/Src/stm32f4xx_hal_spi.o
 .text.SPI_EndRxTxTransaction
                0x08004edc       0xa8 ./Drivers/STM32F4xx_HAL_Driver/Src/stm32f4xx_hal_spi.o
 .text.snprintf
                0x08004f84       0x6c /Applications/STM32CubeIDE.app/Contents/Eclipse/plugins/com.st.stm32cube.ide.mcu.externaltools.gnu-tools-for-stm32.14.3.rel1.macosaarch64_1.0.0.202602081740/tools/bin/../lib/gcc/arm-none-eabi/14.3.1/../../../../arm-none-eabi/lib/thumb/v7e-m+fp/hard/libc_nano.a(libc_a-snprintf.o)
                0x08004f84                snprintf
                0x08004f84                sniprintf
 .text.memset   0x08004ff0       0x10 /Applications/STM32CubeIDE.app/Contents/Eclipse/plugins/com.st.stm32cube.ide.mcu.externaltools.gnu-tools-for-stm32.14.3.rel1.macosaarch64_1.0.0.202602081740/tools/bin/../lib/gcc/arm-none-eabi/14.3.1/../../../../arm-none-eabi/lib/thumb/v7e-m+fp/hard/libc_nano.a(libc_a-memset.o)
                0x08004ff0                memset
 .text.strncpy  0x08005000       0x26 /Applications/STM32CubeIDE.app/Contents/Eclipse/plugins/com.st.stm32cube.ide.mcu.externaltools.gnu-tools-for-stm32.14.3.rel1.macosaarch64_1.0.0.202602081740/tools/bin/../lib/gcc/arm-none-eabi/14.3.1/../../../../arm-none-eabi/lib/thumb/v7e-m+fp/hard/libc_nano.a(libc_a-strncpy.o)
                0x08005000                strncpy
 *fill*         0x08005026        0x2 
 .text.__errno  0x08005028        0xc /Applications/STM32CubeIDE.app/Contents/Eclipse/plugins/com.st.stm32cube.ide.mcu.externaltools.gnu-tools-for-stm32.14.3.rel1.macosaarch64_1.0.0.202602081740/tools/bin/../lib/gcc/arm-none-eabi/14.3.1/../../../../arm-none-eabi/lib/thumb/v7e-m+fp/hard/libc_nano.a(libc_a-errno.o)
                0x08005028                __errno
 .text.__libc_init_array
                0x08005034       0x48 /Applications/STM32CubeIDE.app/Contents/Eclipse/plugins/com.st.stm32cube.ide.mcu.externaltools.gnu-tools-for-stm32.14.3.rel1.macosaarch64_1.0.0.202602081740/tools/bin/../lib/gcc/arm-none-eabi/14.3.1/../../../../arm-none-eabi/lib/thumb/v7e-m+fp/hard/libc_nano.a(libc_a-init.o)
                0x08005034                __libc_init_array
 .text.__retarget_lock_acquire_recursive
                0x0800507c        0x2 /Applications/STM32CubeIDE.app/Contents/Eclipse/plugins/com.st.stm32cube.ide.mcu.externaltools.gnu-tools-for-stm32.14.3.rel1.macosaarch64_1.0.0.202602081740/tools/bin/../lib/gcc/arm-none-eabi/14.3.1/../../../../arm-none-eabi/lib/thumb/v7e-m+fp/hard/libc_nano.a(libc_a-lock.o)
                0x0800507c                __retarget_lock_acquire_recursive
 .text.__retarget_lock_release_recursive
                0x0800507e        0x2 /Applications/STM32CubeIDE.app/Contents/Eclipse/plugins/com.st.stm32cube.ide.mcu.externaltools.gnu-tools-for-stm32.14.3.rel1.macosaarch64_1.0.0.202602081740/tools/bin/../lib/gcc/arm-none-eabi/14.3.1/../../../../arm-none-eabi/lib/thumb/v7e-m+fp/hard/libc_nano.a(libc_a-lock.o)
                0x0800507e                __retarget_lock_release_recursive
 .text.memcpy   0x08005080       0x1c /Applications/STM32CubeIDE.app/Contents/Eclipse/plugins/com.st.stm32cube.ide.mcu.externaltools.gnu-tools-for-stm32.14.3.rel1.macosaarch64_1.0.0.202602081740/tools/bin/../lib/gcc/arm-none-eabi/14.3.1/../../../../arm-none-eabi/lib/thumb/v7e-m+fp/hard/libc_nano.a(libc_a-memcpy-stub.o)
                0x08005080                memcpy
 .text.__ssputs_r
                0x0800509c       0xc0 /Applications/STM32CubeIDE.app/Contents/Eclipse/plugins/com.st.stm32cube.ide.mcu.externaltools.gnu-tools-for-stm32.14.3.rel1.macosaarch64_1.0.0.202602081740/tools/bin/../lib/gcc/arm-none-eabi/14.3.1/../../../../arm-none-eabi/lib/thumb/v7e-m+fp/hard/libc_nano.a(libc_a-nano-svfprintf.o)
                0x0800509c                __ssputs_r
 .text._svfprintf_r
                0x0800515c      0x1f0 /Applications/STM32CubeIDE.app/Contents/Eclipse/plugins/com.st.stm32cube.ide.mcu.externaltools.gnu-tools-for-stm32.14.3.rel1.macosaarch64_1.0.0.202602081740/tools/bin/../lib/gcc/arm-none-eabi/14.3.1/../../../../arm-none-eabi/lib/thumb/v7e-m+fp/hard/libc_nano.a(libc_a-nano-svfprintf.o)
                0x0800515c                _svfprintf_r
                0x0800515c                _svfiprintf_r
 .text.sbrk_aligned
                0x0800534c       0x44 /Applications/STM32CubeIDE.app/Contents/Eclipse/plugins/com.st.stm32cube.ide.mcu.externaltools.gnu-tools-for-stm32.14.3.rel1.macosaarch64_1.0.0.202602081740/tools/bin/../lib/gcc/arm-none-eabi/14.3.1/../../../../arm-none-eabi/lib/thumb/v7e-m+fp/hard/libc_nano.a(libc_a-mallocr.o)
 .text._malloc_r
                0x08005390      0x100 /Applications/STM32CubeIDE.app/Contents/Eclipse/plugins/com.st.stm32cube.ide.mcu.externaltools.gnu-tools-for-stm32.14.3.rel1.macosaarch64_1.0.0.202602081740/tools/bin/../lib/gcc/arm-none-eabi/14.3.1/../../../../arm-none-eabi/lib/thumb/v7e-m+fp/hard/libc_nano.a(libc_a-mallocr.o)
                0x08005390                _malloc_r
 .text._printf_common
                0x08005490       0xda /Applications/STM32CubeIDE.app/Contents/Eclipse/plugins/com.st.stm32cube.ide.mcu.externaltools.gnu-tools-for-stm32.14.3.rel1.macosaarch64_1.0.0.202602081740/tools/bin/../lib/gcc/arm-none-eabi/14.3.1/../../../../arm-none-eabi/lib/thumb/v7e-m+fp/hard/libc_nano.a(libc_a-nano-vfprintf_i.o)
                0x08005490                _printf_common
 *fill*         0x0800556a        0x2 
 .text._printf_i
                0x0800556c      0x24c /Applications/STM32CubeIDE.app/Contents/Eclipse/plugins/com.st.stm32cube.ide.mcu.externaltools.gnu-tools-for-stm32.14.3.rel1.macosaarch64_1.0.0.202602081740/tools/bin/../lib/gcc/arm-none-eabi/14.3.1/../../../../arm-none-eabi/lib/thumb/v7e-m+fp/hard/libc_nano.a(libc_a-nano-vfprintf_i.o)
                0x0800556c                _printf_i
 .text.__malloc_lock
                0x080057b8        0xc /Applications/STM32CubeIDE.app/Contents/Eclipse/plugins/com.st.stm32cube.ide.mcu.externaltools.gnu-tools-for-stm32.14.3.rel1.macosaarch64_1.0.0.202602081740/tools/bin/../lib/gcc/arm-none-eabi/14.3.1/../../../../arm-none-eabi/lib/thumb/v7e-m+fp/hard/libc_nano.a(libc_a-mlock.o)
                0x080057b8                __malloc_lock
 .text.__malloc_unlock
                0x080057c4        0xc /Applications/STM32CubeIDE.app/Contents/Eclipse/plugins/com.st.stm32cube.ide.mcu.externaltools.gnu-tools-for-stm32.14.3.rel1.macosaarch64_1.0.0.202602081740/tools/bin/../lib/gcc/arm-none-eabi/14.3.1/../../../../arm-none-eabi/lib/thumb/v7e-m+fp/hard/libc_nano.a(libc_a-mlock.o)
                0x080057c4                __malloc_unlock
 .text._realloc_r
                0x080057d0       0x5c /Applications/STM32CubeIDE.app/Contents/Eclipse/plugins/com.st.stm32cube.ide.mcu.externaltools.gnu-tools-for-stm32.14.3.rel1.macosaarch64_1.0.0.202602081740/tools/bin/../lib/gcc/arm-none-eabi/14.3.1/../../../../arm-none-eabi/lib/thumb/v7e-m+fp/hard/libc_nano.a(libc_a-reallocr.o)
                0x080057d0                _realloc_r
 .text.memmove  0x0800582c       0x32 /Applications/STM32CubeIDE.app/Contents/Eclipse/plugins/com.st.stm32cube.ide.mcu.externaltools.gnu-tools-for-stm32.14.3.rel1.macosaarch64_1.0.0.202602081740/tools/bin/../lib/gcc/arm-none-eabi/14.3.1/../../../../arm-none-eabi/lib/thumb/v7e-m+fp/hard/libc_nano.a(libc_a-memmove.o)
                0x0800582c                memmove
 *fill*         0x0800585e        0x2 
 .text._sbrk_r  0x08005860       0x20 /Applications/STM32CubeIDE.app/Contents/Eclipse/plugins/com.st.stm32cube.ide.mcu.externaltools.gnu-tools-for-stm32.14.3.rel1.macosaarch64_1.0.0.202602081740/tools/bin/../lib/gcc/arm-none-eabi/14.3.1/../../../../arm-none-eabi/lib/thumb/v7e-m+fp/hard/libc_nano.a(libc_a-sbrkr.o)
                0x08005860                _sbrk_r
 .text._free_r  0x08005880       0x94 /Applications/STM32CubeIDE.app/Contents/Eclipse/plugins/com.st.stm32cube.ide.mcu.externaltools.gnu-tools-for-stm32.14.3.rel1.macosaarch64_1.0.0.202602081740/tools/bin/../lib/gcc/arm-none-eabi/14.3.1/../../../../arm-none-eabi/lib/thumb/v7e-m+fp/hard/libc_nano.a(libc_a-freer.o)
                0x08005880                _free_r
 .text._malloc_usable_size_r
                0x08005914       0x10 /Applications/STM32CubeIDE.app/Contents/Eclipse/plugins/com.st.stm32cube.ide.mcu.externaltools.gnu-tools-for-stm32.14.3.rel1.macosaarch64_1.0.0.202602081740/tools/bin/../lib/gcc/arm-none-eabi/14.3.1/../../../../arm-none-eabi/lib/thumb/v7e-m+fp/hard/libc_nano.a(libc_a-msizer.o)
                0x08005914                _malloc_usable_size_r
 *(.glue_7)
 .glue_7        0x08005924        0x0 linker stubs
 *(.glue_7t)
 .glue_7t       0x08005924        0x0 linker stubs
 *(.eh_frame)
 .eh_frame      0x08005924        0x0 /Applications/STM32CubeIDE.app/Contents/Eclipse/plugins/com.st.stm32cube.ide.mcu.externaltools.gnu-tools-for-stm32.14.3.rel1.macosaarch64_1.0.0.202602081740/tools/bin/../lib/gcc/arm-none-eabi/14.3.1/thumb/v7e-m+fp/hard/crtbegin.o
 *(.init)
 .init          0x08005924        0x4 /Applications/STM32CubeIDE.app/Contents/Eclipse/plugins/com.st.stm32cube.ide.mcu.externaltools.gnu-tools-for-stm32.14.3.rel1.macosaarch64_1.0.0.202602081740/tools/bin/../lib/gcc/arm-none-eabi/14.3.1/thumb/v7e-m+fp/hard/crti.o
                0x08005924                _init
 .init          0x08005928        0x8 /Applications/STM32CubeIDE.app/Contents/Eclipse/plugins/com.st.stm32cube.ide.mcu.externaltools.gnu-tools-for-stm32.14.3.rel1.macosaarch64_1.0.0.202602081740/tools/bin/../lib/gcc/arm-none-eabi/14.3.1/thumb/v7e-m+fp/hard/crtn.o
 *(.fini)
 .fini          0x08005930        0x4 /Applications/STM32CubeIDE.app/Contents/Eclipse/plugins/com.st.stm32cube.ide.mcu.externaltools.gnu-tools-for-stm32.14.3.rel1.macosaarch64_1.0.0.202602081740/tools/bin/../lib/gcc/arm-none-eabi/14.3.1/thumb/v7e-m+fp/hard/crti.o
                0x08005930                _fini
 .fini          0x08005934        0x8 /Applications/STM32CubeIDE.app/Contents/Eclipse/plugins/com.st.stm32cube.ide.mcu.externaltools.gnu-tools-for-stm32.14.3.rel1.macosaarch64_1.0.0.202602081740/tools/bin/../lib/gcc/arm-none-eabi/14.3.1/thumb/v7e-m+fp/hard/crtn.o
                0x0800593c                        . = ALIGN (0x4)
                0x0800593c                        _etext = .

.vfp11_veneer   0x0800593c        0x0
 .vfp11_veneer  0x0800593c        0x0 linker stubs

.v4_bx          0x0800593c        0x0
 .v4_bx         0x0800593c        0x0 linker stubs

.iplt           0x0800593c        0x0
 .iplt          0x0800593c        0x0 /Applications/STM32CubeIDE.app/Contents/Eclipse/plugins/com.st.stm32cube.ide.mcu.externaltools.gnu-tools-for-stm32.14.3.rel1.macosaarch64_1.0.0.202602081740/tools/bin/../lib/gcc/arm-none-eabi/14.3.1/thumb/v7e-m+fp/hard/crtbegin.o

.rodata         0x0800593c      0x2e8
                0x0800593c                        . = ALIGN (0x4)
 *(.rodata)
 .rodata        0x0800593c       0x4c ./Core/Src/main.o
 *(.rodata*)
 .rodata.s_sliders
                0x08005988       0x30 ./Core/Src/gradient.o
 .rodata.stops.3
                0x080059b8        0xe ./Core/Src/gradient.o
 .rodata.CHK_DARK.2
                0x080059c6        0x2 ./Core/Src/gradient.o
 .rodata.CHK_LIGHT.1
                0x080059c8        0x2 ./Core/Src/gradient.o
 .rodata.BLUE.0
                0x080059ca        0x2 ./Core/Src/gradient.o
 .rodata._font5x7
                0x080059cc      0x1c7 ./Core/Src/ili9488.o
 *fill*         0x08005b93        0x1 
 .rodata.p.12   0x08005b94        0xf ./Core/Src/ili9488.o
 *fill*         0x08005ba3        0x1 
 .rodata.p.11   0x08005ba4        0xf ./Core/Src/ili9488.o
 *fill*         0x08005bb3        0x1 
 .rodata.p.10   0x08005bb4        0x2 ./Core/Src/ili9488.o
 *fill*         0x08005bb6        0x2 
 .rodata.p.9    0x08005bb8        0x1 ./Core/Src/ili9488.o
 *fill*         0x08005bb9        0x3 
 .rodata.p.8    0x08005bbc        0x3 ./Core/Src/ili9488.o
 *fill*         0x08005bbf        0x1 
 .rodata.p.7    0x08005bc0        0x1 ./Core/Src/ili9488.o
 *fill*         0x08005bc1        0x3 
 .rodata.p.6    0x08005bc4        0x1 ./Core/Src/ili9488.o
 *fill*         0x08005bc5        0x3 
 .rodata.p.5    0x08005bc8        0x1 ./Core/Src/ili9488.o
 *fill*         0x08005bc9        0x3 
 .rodata.p.4    0x08005bcc        0x1 ./Core/Src/ili9488.o
 *fill*         0x08005bcd        0x3 
 .rodata.p.3    0x08005bd0        0x1 ./Core/Src/ili9488.o
 *fill*         0x08005bd1        0x3 
 .rodata.p.2    0x08005bd4        0x3 ./Core/Src/ili9488.o
 *fill*         0x08005bd7        0x1 
 .rodata.p.1    0x08005bd8        0x1 ./Core/Src/ili9488.o
 *fill*         0x08005bd9        0x3 
 .rodata.p.0    0x08005bdc        0x4 ./Core/Src/ili9488.o
 .rodata.AHBPrescTable
                0x08005be0       0x10 ./Core/Src/system_stm32f4xx.o
                0x08005be0                AHBPrescTable
 .rodata._svfprintf_r.str1.1
                0x08005bf0       0x33 /Applications/STM32CubeIDE.app/Contents/Eclipse/plugins/com.st.stm32cube.ide.mcu.externaltools.gnu-tools-for-stm32.14.3.rel1.macosaarch64_1.0.0.202602081740/tools/bin/../lib/gcc/arm-none-eabi/14.3.1/../../../../arm-none-eabi/lib/thumb/v7e-m+fp/hard/libc_nano.a(libc_a-nano-svfprintf.o)
                                 0x11 (size before relaxing)
 .rodata._printf_i.str1.1
                0x08005c23       0x22 /Applications/STM32CubeIDE.app/Contents/Eclipse/plugins/com.st.stm32cube.ide.mcu.externaltools.gnu-tools-for-stm32.14.3.rel1.macosaarch64_1.0.0.202602081740/tools/bin/../lib/gcc/arm-none-eabi/14.3.1/../../../../arm-none-eabi/lib/thumb/v7e-m+fp/hard/libc_nano.a(libc_a-nano-vfprintf_i.o)
                0x08005c48                        . = ALIGN (0x4)
 *fill*         0x08005c23        0x1 

.ARM.extab      0x08005c24        0x0
                0x08005c24                        . = ALIGN (0x4)
 *(.ARM.extab* .gnu.linkonce.armextab.*)
                0x08005c24                        . = ALIGN (0x4)

.ARM            0x08005c24        0x8
                0x08005c24                        . = ALIGN (0x4)
                0x08005c24                        __exidx_start = .
 *(.ARM.exidx*)
 .ARM.exidx     0x08005c24        0x8 /Applications/STM32CubeIDE.app/Contents/Eclipse/plugins/com.st.stm32cube.ide.mcu.externaltools.gnu-tools-for-stm32.14.3.rel1.macosaarch64_1.0.0.202602081740/tools/bin/../lib/gcc/arm-none-eabi/14.3.1/../../../../arm-none-eabi/lib/thumb/v7e-m+fp/hard/libc_nano.a(libc_a-strlen.o)
 .ARM.exidx     0x08005c2c        0x0 /Applications/STM32CubeIDE.app/Contents/Eclipse/plugins/com.st.stm32cube.ide.mcu.externaltools.gnu-tools-for-stm32.14.3.rel1.macosaarch64_1.0.0.202602081740/tools/bin/../lib/gcc/arm-none-eabi/14.3.1/../../../../arm-none-eabi/lib/thumb/v7e-m+fp/hard/libc_nano.a(libc_a-memchr.o)
                                  0x8 (size before relaxing)
 .ARM.exidx     0x08005c2c        0x0 /Applications/STM32CubeIDE.app/Contents/Eclipse/plugins/com.st.stm32cube.ide.mcu.externaltools.gnu-tools-for-stm32.14.3.rel1.macosaarch64_1.0.0.202602081740/tools/bin/../lib/gcc/arm-none-eabi/14.3.1/thumb/v7e-m+fp/hard/libgcc.a(_udivmoddi4.o)
                                  0x8 (size before relaxing)
                0x08005c2c                        __exidx_end = .
                0x08005c2c                        . = ALIGN (0x4)

.preinit_array  0x08005c2c        0x0
                0x08005c2c                        . = ALIGN (0x4)
                0x08005c2c                        PROVIDE (__preinit_array_start = .)
 *(.preinit_array*)
                0x08005c2c                        PROVIDE (__preinit_array_end = .)
                0x08005c2c                        . = ALIGN (0x4)

.init_array     0x08005c2c        0x4
                0x08005c2c                        . = ALIGN (0x4)
                0x08005c2c                        PROVIDE (__init_array_start = .)
 *(SORT_BY_NAME(.init_array.*))
 *(.init_array*)
 .init_array    0x08005c2c        0x4 /Applications/STM32CubeIDE.app/Contents/Eclipse/plugins/com.st.stm32cube.ide.mcu.externaltools.gnu-tools-for-stm32.14.3.rel1.macosaarch64_1.0.0.202602081740/tools/bin/../lib/gcc/arm-none-eabi/14.3.1/thumb/v7e-m+fp/hard/crtbegin.o
                0x08005c30                        PROVIDE (__init_array_end = .)
                0x08005c30                        . = ALIGN (0x4)

.fini_array     0x08005c30        0x4
                0x08005c30                        . = ALIGN (0x4)
                [!provide]                        PROVIDE (__fini_array_start = .)
 *(SORT_BY_NAME(.fini_array.*))
 *(.fini_array*)
 .fini_array    0x08005c30        0x4 /Applications/STM32CubeIDE.app/Contents/Eclipse/plugins/com.st.stm32cube.ide.mcu.externaltools.gnu-tools-for-stm32.14.3.rel1.macosaarch64_1.0.0.202602081740/tools/bin/../lib/gcc/arm-none-eabi/14.3.1/thumb/v7e-m+fp/hard/crtbegin.o
                [!provide]                        PROVIDE (__fini_array_end = .)
                0x08005c34                        . = ALIGN (0x4)
                0x08005c34                        _sidata = LOADADDR (.data)

.rel.dyn        0x08005c34        0x0
 .rel.iplt      0x08005c34        0x0 /Applications/STM32CubeIDE.app/Contents/Eclipse/plugins/com.st.stm32cube.ide.mcu.externaltools.gnu-tools-for-stm32.14.3.rel1.macosaarch64_1.0.0.202602081740/tools/bin/../lib/gcc/arm-none-eabi/14.3.1/thumb/v7e-m+fp/hard/crtbegin.o

.data           0x20000000       0x64 load address 0x08005c34
                0x20000000                        . = ALIGN (0x4)
                0x20000000                        _sdata = .
 *(.data)
 *(.data*)
 .data.g_Slider2_Hue
                0x20000000        0x2 ./Core/Src/gradient.o
                0x20000000                g_Slider2_Hue
 .data._width   0x20000002        0x2 ./Core/Src/ili9488.o
 .data._height  0x20000004        0x2 ./Core/Src/ili9488.o
 *fill*         0x20000006        0x2 
 .data.SystemCoreClock
                0x20000008        0x4 ./Core/Src/system_stm32f4xx.o
                0x20000008                SystemCoreClock
 .data.uwTickPrio
                0x2000000c        0x4 ./Drivers/STM32F4xx_HAL_Driver/Src/stm32f4xx_hal.o
                0x2000000c                uwTickPrio
 .data.uwTickFreq
                0x20000010        0x1 ./Drivers/STM32F4xx_HAL_Driver/Src/stm32f4xx_hal.o
                0x20000010                uwTickFreq
 *fill*         0x20000011        0x3 
 .data._impure_ptr
                0x20000014        0x4 /Applications/STM32CubeIDE.app/Contents/Eclipse/plugins/com.st.stm32cube.ide.mcu.externaltools.gnu-tools-for-stm32.14.3.rel1.macosaarch64_1.0.0.202602081740/tools/bin/../lib/gcc/arm-none-eabi/14.3.1/../../../../arm-none-eabi/lib/thumb/v7e-m+fp/hard/libc_nano.a(libc_a-impure.o)
                0x20000014                _impure_ptr
 .data._impure_data
                0x20000018       0x4c /Applications/STM32CubeIDE.app/Contents/Eclipse/plugins/com.st.stm32cube.ide.mcu.externaltools.gnu-tools-for-stm32.14.3.rel1.macosaarch64_1.0.0.202602081740/tools/bin/../lib/gcc/arm-none-eabi/14.3.1/../../../../arm-none-eabi/lib/thumb/v7e-m+fp/hard/libc_nano.a(libc_a-impure.o)
                0x20000018                _impure_data
 *(.RamFunc)
 *(.RamFunc*)
                0x20000064                        . = ALIGN (0x4)
                0x20000064                        _edata = .
                0x08005c98                        _siccmram = LOADADDR (.ccmram)

.igot.plt       0x20000064        0x0 load address 0x08005c98
 .igot.plt      0x20000064        0x0 /Applications/STM32CubeIDE.app/Contents/Eclipse/plugins/com.st.stm32cube.ide.mcu.externaltools.gnu-tools-for-stm32.14.3.rel1.macosaarch64_1.0.0.202602081740/tools/bin/../lib/gcc/arm-none-eabi/14.3.1/thumb/v7e-m+fp/hard/crtbegin.o

.ccmram         0x10000000        0x0 load address 0x08005c98
                0x10000000                        . = ALIGN (0x4)
                0x10000000                        _sccmram = .
 *(.ccmram)
 *(.ccmram*)
                0x10000000                        . = ALIGN (0x4)
                0x10000000                        _eccmram = .
                0x10000000                        . = ALIGN (0x4)

.bss            0x20000064      0x6f0
                0x20000064                        _sbss = .
                0x20000064                        __bss_start__ = _sbss
 *(.bss)
 .bss           0x20000064       0x1c /Applications/STM32CubeIDE.app/Contents/Eclipse/plugins/com.st.stm32cube.ide.mcu.externaltools.gnu-tools-for-stm32.14.3.rel1.macosaarch64_1.0.0.202602081740/tools/bin/../lib/gcc/arm-none-eabi/14.3.1/thumb/v7e-m+fp/hard/crtbegin.o
 *(.bss*)
 .bss._hspi     0x20000080        0x4 ./Core/Src/ili9488.o
 .bss.hspi1     0x20000084       0x58 ./Core/Src/main.o
                0x20000084                hspi1
 .bss.msg       0x200000dc       0x40 ./Core/Src/main.o
 .bss.g_sliderR
                0x2000011c        0x4 ./Core/Src/main.o
 .bss.g_sliderG
                0x20000120        0x4 ./Core/Src/main.o
 .bss.g_sliderB
                0x20000124        0x4 ./Core/Src/main.o
 .bss.g_label   0x20000128        0x4 ./Core/Src/main.o
 .bss.atest     0x2000012c        0x4 ./Core/Src/main.o
                0x2000012c                atest
 .bss.btest     0x20000130        0x4 ./Core/Src/main.o
                0x20000130                btest
 .bss.ctest     0x20000134        0x4 ./Core/Src/main.o
                0x20000134                ctest
 .bss.test      0x20000138        0x4 ./Core/Src/main.o
                0x20000138                test
 .bss.__sbrk_heap_end
                0x2000013c        0x4 ./Core/Src/sysmem.o
 .bss._sliders  0x20000140      0x140 ./Core/Src/ugfx.o
 .bss._buttons  0x20000280      0x100 ./Core/Src/ugfx.o
 .bss._icons    0x20000380       0x80 ./Core/Src/ugfx.o
 .bss._labels   0x20000400      0x160 ./Core/Src/ugfx.o
 .bss._n_sliders
                0x20000560        0x1 ./Core/Src/ugfx.o
 .bss._n_buttons
                0x20000561        0x1 ./Core/Src/ugfx.o
 .bss._n_icons  0x20000562        0x1 ./Core/Src/ugfx.o
 .bss._n_labels
                0x20000563        0x1 ./Core/Src/ugfx.o
 .bss._sb       0x20000564       0x44 ./Core/Src/ugfx.o
 .bss._bb       0x200005a8       0x3c ./Core/Src/ugfx.o
 .bss._rotation
                0x200005e4        0x1 ./Core/Src/ugfx.o
 .bss._was_touched
                0x200005e5        0x1 ./Core/Src/ugfx.o
 *fill*         0x200005e6        0x2 
 .bss._hspi     0x200005e8        0x4 ./Core/Src/xpt2046.o
 .bss._touched  0x200005ec        0x1 ./Core/Src/xpt2046.o
 *fill*         0x200005ed        0x3 
 .bss._calib    0x200005f0       0x18 ./Core/Src/xpt2046.o
 .bss.uwTick    0x20000608        0x4 ./Drivers/STM32F4xx_HAL_Driver/Src/stm32f4xx_hal.o
                0x20000608                uwTick
 .bss.__sf      0x2000060c      0x138 /Applications/STM32CubeIDE.app/Contents/Eclipse/plugins/com.st.stm32cube.ide.mcu.externaltools.gnu-tools-for-stm32.14.3.rel1.macosaarch64_1.0.0.202602081740/tools/bin/../lib/gcc/arm-none-eabi/14.3.1/../../../../arm-none-eabi/lib/thumb/v7e-m+fp/hard/libc_nano.a(libc_a-findfp.o)
                0x2000060c                __sf
 .bss.__lock___malloc_recursive_mutex
                0x20000744        0x1 /Applications/STM32CubeIDE.app/Contents/Eclipse/plugins/com.st.stm32cube.ide.mcu.externaltools.gnu-tools-for-stm32.14.3.rel1.macosaarch64_1.0.0.202602081740/tools/bin/../lib/gcc/arm-none-eabi/14.3.1/../../../../arm-none-eabi/lib/thumb/v7e-m+fp/hard/libc_nano.a(libc_a-lock.o)
                0x20000744                __lock___malloc_recursive_mutex
 *fill*         0x20000745        0x3 
 .bss.__malloc_sbrk_start
                0x20000748        0x4 /Applications/STM32CubeIDE.app/Contents/Eclipse/plugins/com.st.stm32cube.ide.mcu.externaltools.gnu-tools-for-stm32.14.3.rel1.macosaarch64_1.0.0.202602081740/tools/bin/../lib/gcc/arm-none-eabi/14.3.1/../../../../arm-none-eabi/lib/thumb/v7e-m+fp/hard/libc_nano.a(libc_a-mallocr.o)
                0x20000748                __malloc_sbrk_start
 .bss.__malloc_free_list
                0x2000074c        0x4 /Applications/STM32CubeIDE.app/Contents/Eclipse/plugins/com.st.stm32cube.ide.mcu.externaltools.gnu-tools-for-stm32.14.3.rel1.macosaarch64_1.0.0.202602081740/tools/bin/../lib/gcc/arm-none-eabi/14.3.1/../../../../arm-none-eabi/lib/thumb/v7e-m+fp/hard/libc_nano.a(libc_a-mallocr.o)
                0x2000074c                __malloc_free_list
 .bss.errno     0x20000750        0x4 /Applications/STM32CubeIDE.app/Contents/Eclipse/plugins/com.st.stm32cube.ide.mcu.externaltools.gnu-tools-for-stm32.14.3.rel1.macosaarch64_1.0.0.202602081740/tools/bin/../lib/gcc/arm-none-eabi/14.3.1/../../../../arm-none-eabi/lib/thumb/v7e-m+fp/hard/libc_nano.a(libc_a-reent.o)
                0x20000750                errno
 *(COMMON)
                0x20000754                        . = ALIGN (0x4)
                0x20000754                        _ebss = .
                0x20000754                        __bss_end__ = _ebss

._user_heap_stack
                0x20000754      0x604
                0x20000758                        . = ALIGN (0x8)
 *fill*         0x20000754        0x4 
                [!provide]                        PROVIDE (end = .)
                0x20000758                        PROVIDE (_end = .)
                0x20000958                        . = (. + _Min_Heap_Size)
 *fill*         0x20000758      0x200 
                0x20000d58                        . = (. + _Min_Stack_Size)
 *fill*         0x20000958      0x400 
                0x20000d58                        . = ALIGN (0x8)

/DISCARD/
 libc.a(*)
 libm.a(*)
 libgcc.a(*)

.ARM.attributes
                0x00000000       0x30
 *(.ARM.attributes)
 .ARM.attributes
                0x00000000       0x22 /Applications/STM32CubeIDE.app/Contents/Eclipse/plugins/com.st.stm32cube.ide.mcu.externaltools.gnu-tools-for-stm32.14.3.rel1.macosaarch64_1.0.0.202602081740/tools/bin/../lib/gcc/arm-none-eabi/14.3.1/thumb/v7e-m+fp/hard/crti.o
 .ARM.attributes
                0x00000022       0x34 /Applications/STM32CubeIDE.app/Contents/Eclipse/plugins/com.st.stm32cube.ide.mcu.externaltools.gnu-tools-for-stm32.14.3.rel1.macosaarch64_1.0.0.202602081740/tools/bin/../lib/gcc/arm-none-eabi/14.3.1/thumb/v7e-m+fp/hard/crtbegin.o
 .ARM.attributes
                0x00000056       0x34 ./Core/Src/gradient.o
 .ARM.attributes
                0x0000008a       0x34 ./Core/Src/ili9488.o
 .ARM.attributes
                0x000000be       0x34 ./Core/Src/main.o
 .ARM.attributes
                0x000000f2       0x34 ./Core/Src/stm32f4xx_hal_msp.o
 .ARM.attributes
                0x00000126       0x34 ./Core/Src/stm32f4xx_it.o
 .ARM.attributes
                0x0000015a       0x34 ./Core/Src/sysmem.o
 .ARM.attributes
                0x0000018e       0x34 ./Core/Src/system_stm32f4xx.o
 .ARM.attributes
                0x000001c2       0x34 ./Core/Src/ugfx.o
 .ARM.attributes
                0x000001f6       0x34 ./Core/Src/ui_gfx.o
 .ARM.attributes
                0x0000022a       0x34 ./Core/Src/xpt2046.o
 .ARM.attributes
                0x0000025e       0x21 ./Core/Startup/startup_stm32f429zgtx.o
 .ARM.attributes
                0x0000027f       0x34 ./Drivers/STM32F4xx_HAL_Driver/Src/stm32f4xx_hal.o
 .ARM.attributes
                0x000002b3       0x34 ./Drivers/STM32F4xx_HAL_Driver/Src/stm32f4xx_hal_cortex.o
 .ARM.attributes
                0x000002e7       0x34 ./Drivers/STM32F4xx_HAL_Driver/Src/stm32f4xx_hal_gpio.o
 .ARM.attributes
                0x0000031b       0x34 ./Drivers/STM32F4xx_HAL_Driver/Src/stm32f4xx_hal_pwr_ex.o
 .ARM.attributes
                0x0000034f       0x34 ./Drivers/STM32F4xx_HAL_Driver/Src/stm32f4xx_hal_rcc.o
 .ARM.attributes
                0x00000383       0x34 ./Drivers/STM32F4xx_HAL_Driver/Src/stm32f4xx_hal_spi.o
 .ARM.attributes
                0x000003b7       0x34 /Applications/STM32CubeIDE.app/Contents/Eclipse/plugins/com.st.stm32cube.ide.mcu.externaltools.gnu-tools-for-stm32.14.3.rel1.macosaarch64_1.0.0.202602081740/tools/bin/../lib/gcc/arm-none-eabi/14.3.1/../../../../arm-none-eabi/lib/thumb/v7e-m+fp/hard/libc_nano.a(libc_a-snprintf.o)
 .ARM.attributes
                0x000003eb       0x34 /Applications/STM32CubeIDE.app/Contents/Eclipse/plugins/com.st.stm32cube.ide.mcu.externaltools.gnu-tools-for-stm32.14.3.rel1.macosaarch64_1.0.0.202602081740/tools/bin/../lib/gcc/arm-none-eabi/14.3.1/../../../../arm-none-eabi/lib/thumb/v7e-m+fp/hard/libc_nano.a(libc_a-findfp.o)
 .ARM.attributes
                0x0000041f       0x34 /Applications/STM32CubeIDE.app/Contents/Eclipse/plugins/com.st.stm32cube.ide.mcu.externaltools.gnu-tools-for-stm32.14.3.rel1.macosaarch64_1.0.0.202602081740/tools/bin/../lib/gcc/arm-none-eabi/14.3.1/../../../../arm-none-eabi/lib/thumb/v7e-m+fp/hard/libc_nano.a(libc_a-memset.o)
 .ARM.attributes
                0x00000453       0x34 /Applications/STM32CubeIDE.app/Contents/Eclipse/plugins/com.st.stm32cube.ide.mcu.externaltools.gnu-tools-for-stm32.14.3.rel1.macosaarch64_1.0.0.202602081740/tools/bin/../lib/gcc/arm-none-eabi/14.3.1/../../../../arm-none-eabi/lib/thumb/v7e-m+fp/hard/libc_nano.a(libc_a-strncpy.o)
 .ARM.attributes
                0x00000487       0x34 /Applications/STM32CubeIDE.app/Contents/Eclipse/plugins/com.st.stm32cube.ide.mcu.externaltools.gnu-tools-for-stm32.14.3.rel1.macosaarch64_1.0.0.202602081740/tools/bin/../lib/gcc/arm-none-eabi/14.3.1/../../../../arm-none-eabi/lib/thumb/v7e-m+fp/hard/libc_nano.a(libc_a-errno.o)
 .ARM.attributes
                0x000004bb       0x34 /Applications/STM32CubeIDE.app/Contents/Eclipse/plugins/com.st.stm32cube.ide.mcu.externaltools.gnu-tools-for-stm32.14.3.rel1.macosaarch64_1.0.0.202602081740/tools/bin/../lib/gcc/arm-none-eabi/14.3.1/../../../../arm-none-eabi/lib/thumb/v7e-m+fp/hard/libc_nano.a(libc_a-init.o)
 .ARM.attributes
                0x000004ef       0x34 /Applications/STM32CubeIDE.app/Contents/Eclipse/plugins/com.st.stm32cube.ide.mcu.externaltools.gnu-tools-for-stm32.14.3.rel1.macosaarch64_1.0.0.202602081740/tools/bin/../lib/gcc/arm-none-eabi/14.3.1/../../../../arm-none-eabi/lib/thumb/v7e-m+fp/hard/libc_nano.a(libc_a-lock.o)
 .ARM.attributes
                0x00000523       0x34 /Applications/STM32CubeIDE.app/Contents/Eclipse/plugins/com.st.stm32cube.ide.mcu.externaltools.gnu-tools-for-stm32.14.3.rel1.macosaarch64_1.0.0.202602081740/tools/bin/../lib/gcc/arm-none-eabi/14.3.1/../../../../arm-none-eabi/lib/thumb/v7e-m+fp/hard/libc_nano.a(libc_a-impure.o)
 .ARM.attributes
                0x00000557       0x34 /Applications/STM32CubeIDE.app/Contents/Eclipse/plugins/com.st.stm32cube.ide.mcu.externaltools.gnu-tools-for-stm32.14.3.rel1.macosaarch64_1.0.0.202602081740/tools/bin/../lib/gcc/arm-none-eabi/14.3.1/../../../../arm-none-eabi/lib/thumb/v7e-m+fp/hard/libc_nano.a(libc_a-memcpy-stub.o)
 .ARM.attributes
                0x0000058b       0x17 /Applications/STM32CubeIDE.app/Contents/Eclipse/plugins/com.st.stm32cube.ide.mcu.externaltools.gnu-tools-for-stm32.14.3.rel1.macosaarch64_1.0.0.202602081740/tools/bin/../lib/gcc/arm-none-eabi/14.3.1/../../../../arm-none-eabi/lib/thumb/v7e-m+fp/hard/libc_nano.a(libc_a-strlen.o)
 .ARM.attributes
                0x000005a2       0x34 /Applications/STM32CubeIDE.app/Contents/Eclipse/plugins/com.st.stm32cube.ide.mcu.externaltools.gnu-tools-for-stm32.14.3.rel1.macosaarch64_1.0.0.202602081740/tools/bin/../lib/gcc/arm-none-eabi/14.3.1/../../../../arm-none-eabi/lib/thumb/v7e-m+fp/hard/libc_nano.a(libc_a-nano-svfprintf.o)
 .ARM.attributes
                0x000005d6       0x34 /Applications/STM32CubeIDE.app/Contents/Eclipse/plugins/com.st.stm32cube.ide.mcu.externaltools.gnu-tools-for-stm32.14.3.rel1.macosaarch64_1.0.0.202602081740/tools/bin/../lib/gcc/arm-none-eabi/14.3.1/../../../../arm-none-eabi/lib/thumb/v7e-m+fp/hard/libc_nano.a(libc_a-mallocr.o)
 .ARM.attributes
                0x0000060a       0x34 /Applications/STM32CubeIDE.app/Contents/Eclipse/plugins/com.st.stm32cube.ide.mcu.externaltools.gnu-tools-for-stm32.14.3.rel1.macosaarch64_1.0.0.202602081740/tools/bin/../lib/gcc/arm-none-eabi/14.3.1/../../../../arm-none-eabi/lib/thumb/v7e-m+fp/hard/libc_nano.a(libc_a-nano-vfprintf_i.o)
 .ARM.attributes
                0x0000063e       0x34 /Applications/STM32CubeIDE.app/Contents/Eclipse/plugins/com.st.stm32cube.ide.mcu.externaltools.gnu-tools-for-stm32.14.3.rel1.macosaarch64_1.0.0.202602081740/tools/bin/../lib/gcc/arm-none-eabi/14.3.1/../../../../arm-none-eabi/lib/thumb/v7e-m+fp/hard/libc_nano.a(libc_a-mlock.o)
 .ARM.attributes
                0x00000672       0x34 /Applications/STM32CubeIDE.app/Contents/Eclipse/plugins/com.st.stm32cube.ide.mcu.externaltools.gnu-tools-for-stm32.14.3.rel1.macosaarch64_1.0.0.202602081740/tools/bin/../lib/gcc/arm-none-eabi/14.3.1/../../../../arm-none-eabi/lib/thumb/v7e-m+fp/hard/libc_nano.a(libc_a-reallocr.o)
 .ARM.attributes
                0x000006a6       0x34 /Applications/STM32CubeIDE.app/Contents/Eclipse/plugins/com.st.stm32cube.ide.mcu.externaltools.gnu-tools-for-stm32.14.3.rel1.macosaarch64_1.0.0.202602081740/tools/bin/../lib/gcc/arm-none-eabi/14.3.1/../../../../arm-none-eabi/lib/thumb/v7e-m+fp/hard/libc_nano.a(libc_a-memmove.o)
 .ARM.attributes
                0x000006da       0x34 /Applications/STM32CubeIDE.app/Contents/Eclipse/plugins/com.st.stm32cube.ide.mcu.externaltools.gnu-tools-for-stm32.14.3.rel1.macosaarch64_1.0.0.202602081740/tools/bin/../lib/gcc/arm-none-eabi/14.3.1/../../../../arm-none-eabi/lib/thumb/v7e-m+fp/hard/libc_nano.a(libc_a-sbrkr.o)
 .ARM.attributes
                0x0000070e       0x34 /Applications/STM32CubeIDE.app/Contents/Eclipse/plugins/com.st.stm32cube.ide.mcu.externaltools.gnu-tools-for-stm32.14.3.rel1.macosaarch64_1.0.0.202602081740/tools/bin/../lib/gcc/arm-none-eabi/14.3.1/../../../../arm-none-eabi/lib/thumb/v7e-m+fp/hard/libc_nano.a(libc_a-reent.o)
 .ARM.attributes
                0x00000742       0x1c /Applications/STM32CubeIDE.app/Contents/Eclipse/plugins/com.st.stm32cube.ide.mcu.externaltools.gnu-tools-for-stm32.14.3.rel1.macosaarch64_1.0.0.202602081740/tools/bin/../lib/gcc/arm-none-eabi/14.3.1/../../../../arm-none-eabi/lib/thumb/v7e-m+fp/hard/libc_nano.a(libc_a-memchr.o)
 .ARM.attributes
                0x0000075e       0x34 /Applications/STM32CubeIDE.app/Contents/Eclipse/plugins/com.st.stm32cube.ide.mcu.externaltools.gnu-tools-for-stm32.14.3.rel1.macosaarch64_1.0.0.202602081740/tools/bin/../lib/gcc/arm-none-eabi/14.3.1/../../../../arm-none-eabi/lib/thumb/v7e-m+fp/hard/libc_nano.a(libc_a-freer.o)
 .ARM.attributes
                0x00000792       0x34 /Applications/STM32CubeIDE.app/Contents/Eclipse/plugins/com.st.stm32cube.ide.mcu.externaltools.gnu-tools-for-stm32.14.3.rel1.macosaarch64_1.0.0.202602081740/tools/bin/../lib/gcc/arm-none-eabi/14.3.1/../../../../arm-none-eabi/lib/thumb/v7e-m+fp/hard/libc_nano.a(libc_a-msizer.o)
 .ARM.attributes
                0x000007c6       0x22 /Applications/STM32CubeIDE.app/Contents/Eclipse/plugins/com.st.stm32cube.ide.mcu.externaltools.gnu-tools-for-stm32.14.3.rel1.macosaarch64_1.0.0.202602081740/tools/bin/../lib/gcc/arm-none-eabi/14.3.1/thumb/v7e-m+fp/hard/libgcc.a(_aeabi_uldivmod.o)
 .ARM.attributes
                0x000007e8       0x34 /Applications/STM32CubeIDE.app/Contents/Eclipse/plugins/com.st.stm32cube.ide.mcu.externaltools.gnu-tools-for-stm32.14.3.rel1.macosaarch64_1.0.0.202602081740/tools/bin/../lib/gcc/arm-none-eabi/14.3.1/thumb/v7e-m+fp/hard/libgcc.a(_udivmoddi4.o)
 .ARM.attributes
                0x0000081c       0x22 /Applications/STM32CubeIDE.app/Contents/Eclipse/plugins/com.st.stm32cube.ide.mcu.externaltools.gnu-tools-for-stm32.14.3.rel1.macosaarch64_1.0.0.202602081740/tools/bin/../lib/gcc/arm-none-eabi/14.3.1/thumb/v7e-m+fp/hard/libgcc.a(_dvmd_tls.o)
 .ARM.attributes
                0x0000083e       0x22 /Applications/STM32CubeIDE.app/Contents/Eclipse/plugins/com.st.stm32cube.ide.mcu.externaltools.gnu-tools-for-stm32.14.3.rel1.macosaarch64_1.0.0.202602081740/tools/bin/../lib/gcc/arm-none-eabi/14.3.1/thumb/v7e-m+fp/hard/crtn.o
OUTPUT(TOUCH_TFT.elf elf32-littlearm)
LOAD linker stubs
LOAD /Applications/STM32CubeIDE.app/Contents/Eclipse/plugins/com.st.stm32cube.ide.mcu.externaltools.gnu-tools-for-stm32.14.3.rel1.macosaarch64_1.0.0.202602081740/tools/bin/../lib/gcc/arm-none-eabi/14.3.1/../../../../arm-none-eabi/lib/thumb/v7e-m+fp/hard/libc.a
LOAD /Applications/STM32CubeIDE.app/Contents/Eclipse/plugins/com.st.stm32cube.ide.mcu.externaltools.gnu-tools-for-stm32.14.3.rel1.macosaarch64_1.0.0.202602081740/tools/bin/../lib/gcc/arm-none-eabi/14.3.1/../../../../arm-none-eabi/lib/thumb/v7e-m+fp/hard/libm.a
LOAD /Applications/STM32CubeIDE.app/Contents/Eclipse/plugins/com.st.stm32cube.ide.mcu.externaltools.gnu-tools-for-stm32.14.3.rel1.macosaarch64_1.0.0.202602081740/tools/bin/../lib/gcc/arm-none-eabi/14.3.1/thumb/v7e-m+fp/hard/libgcc.a

.debug_info     0x00000000     0xb31d
 .debug_info    0x00000000      0x833 ./Core/Src/gradient.o
 .debug_info    0x00000833     0x1395 ./Core/Src/ili9488.o
 .debug_info    0x00001bc8     0x154e ./Core/Src/main.o
 .debug_info    0x00003116      0x931 ./Core/Src/stm32f4xx_hal_msp.o
 .debug_info    0x00003a47      0x112 ./Core/Src/stm32f4xx_it.o
 .debug_info    0x00003b59      0x168 ./Core/Src/sysmem.o
 .debug_info    0x00003cc1      0x52e ./Core/Src/system_stm32f4xx.o
 .debug_info    0x000041ef     0x19e0 ./Core/Src/ugfx.o
 .debug_info    0x00005bcf      0x8d7 ./Core/Src/ui_gfx.o
 .debug_info    0x000064a6      0xb32 ./Core/Src/xpt2046.o
 .debug_info    0x00006fd8       0x30 ./Core/Startup/startup_stm32f429zgtx.o
 .debug_info    0x00007008      0x9ba ./Drivers/STM32F4xx_HAL_Driver/Src/stm32f4xx_hal.o
 .debug_info    0x000079c2      0xdc2 ./Drivers/STM32F4xx_HAL_Driver/Src/stm32f4xx_hal_cortex.o
 .debug_info    0x00008784      0x6db ./Drivers/STM32F4xx_HAL_Driver/Src/stm32f4xx_hal_gpio.o
 .debug_info    0x00008e5f      0x6be ./Drivers/STM32F4xx_HAL_Driver/Src/stm32f4xx_hal_pwr_ex.o
 .debug_info    0x0000951d      0x8db ./Drivers/STM32F4xx_HAL_Driver/Src/stm32f4xx_hal_rcc.o
 .debug_info    0x00009df8     0x1525 ./Drivers/STM32F4xx_HAL_Driver/Src/stm32f4xx_hal_spi.o

.debug_abbrev   0x00000000     0x21c4
 .debug_abbrev  0x00000000      0x222 ./Core/Src/gradient.o
 .debug_abbrev  0x00000222      0x2c2 ./Core/Src/ili9488.o
 .debug_abbrev  0x000004e4      0x325 ./Core/Src/main.o
 .debug_abbrev  0x00000809      0x1ae ./Core/Src/stm32f4xx_hal_msp.o
 .debug_abbrev  0x000009b7       0x73 ./Core/Src/stm32f4xx_it.o
 .debug_abbrev  0x00000a2a       0xbc ./Core/Src/sysmem.o
 .debug_abbrev  0x00000ae6      0x11a ./Core/Src/system_stm32f4xx.o
 .debug_abbrev  0x00000c00      0x2fd ./Core/Src/ugfx.o
 .debug_abbrev  0x00000efd      0x1e9 ./Core/Src/ui_gfx.o
 .debug_abbrev  0x000010e6      0x2b5 ./Core/Src/xpt2046.o
 .debug_abbrev  0x0000139b       0x24 ./Core/Startup/startup_stm32f429zgtx.o
 .debug_abbrev  0x000013bf      0x214 ./Drivers/STM32F4xx_HAL_Driver/Src/stm32f4xx_hal.o
 .debug_abbrev  0x000015d3      0x31d ./Drivers/STM32F4xx_HAL_Driver/Src/stm32f4xx_hal_cortex.o
 .debug_abbrev  0x000018f0      0x1d4 ./Drivers/STM32F4xx_HAL_Driver/Src/stm32f4xx_hal_gpio.o
 .debug_abbrev  0x00001ac4      0x1cf ./Drivers/STM32F4xx_HAL_Driver/Src/stm32f4xx_hal_pwr_ex.o
 .debug_abbrev  0x00001c93      0x2b7 ./Drivers/STM32F4xx_HAL_Driver/Src/stm32f4xx_hal_rcc.o
 .debug_abbrev  0x00001f4a      0x27a ./Drivers/STM32F4xx_HAL_Driver/Src/stm32f4xx_hal_spi.o

.debug_aranges  0x00000000      0xac0
 .debug_aranges
                0x00000000       0x80 ./Core/Src/gradient.o
 .debug_aranges
                0x00000080      0x110 ./Core/Src/ili9488.o
 .debug_aranges
                0x00000190       0x78 ./Core/Src/main.o
 .debug_aranges
                0x00000208       0x30 ./Core/Src/stm32f4xx_hal_msp.o
 .debug_aranges
                0x00000238       0x60 ./Core/Src/stm32f4xx_it.o
 .debug_aranges
                0x00000298       0x20 ./Core/Src/sysmem.o
 .debug_aranges
                0x000002b8       0x28 ./Core/Src/system_stm32f4xx.o
 .debug_aranges
                0x000002e0      0x188 ./Core/Src/ugfx.o
 .debug_aranges
                0x00000468       0x78 ./Core/Src/ui_gfx.o
 .debug_aranges
                0x000004e0       0x78 ./Core/Src/xpt2046.o
 .debug_aranges
                0x00000558       0x28 ./Core/Startup/startup_stm32f429zgtx.o
 .debug_aranges
                0x00000580      0x100 ./Drivers/STM32F4xx_HAL_Driver/Src/stm32f4xx_hal.o
 .debug_aranges
                0x00000680      0x130 ./Drivers/STM32F4xx_HAL_Driver/Src/stm32f4xx_hal_cortex.o
 .debug_aranges
                0x000007b0       0x58 ./Drivers/STM32F4xx_HAL_Driver/Src/stm32f4xx_hal_gpio.o
 .debug_aranges
                0x00000808       0x60 ./Drivers/STM32F4xx_HAL_Driver/Src/stm32f4xx_hal_pwr_ex.o
 .debug_aranges
                0x00000868       0x88 ./Drivers/STM32F4xx_HAL_Driver/Src/stm32f4xx_hal_rcc.o
 .debug_aranges
                0x000008f0      0x1d0 ./Drivers/STM32F4xx_HAL_Driver/Src/stm32f4xx_hal_spi.o

.debug_rnglists
                0x00000000      0x81c
 .debug_rnglists
                0x00000000       0x63 ./Core/Src/gradient.o
 .debug_rnglists
                0x00000063       0xde ./Core/Src/ili9488.o
 .debug_rnglists
                0x00000141       0x5a ./Core/Src/main.o
 .debug_rnglists
                0x0000019b       0x20 ./Core/Src/stm32f4xx_hal_msp.o
 .debug_rnglists
                0x000001bb       0x43 ./Core/Src/stm32f4xx_it.o
 .debug_rnglists
                0x000001fe       0x13 ./Core/Src/sysmem.o
 .debug_rnglists
                0x00000211       0x1a ./Core/Src/system_stm32f4xx.o
 .debug_rnglists
                0x0000022b      0x12f ./Core/Src/ugfx.o
 .debug_rnglists
                0x0000035a       0x5c ./Core/Src/ui_gfx.o
 .debug_rnglists
                0x000003b6       0x57 ./Core/Src/xpt2046.o
 .debug_rnglists
                0x0000040d       0x19 ./Core/Startup/startup_stm32f429zgtx.o
 .debug_rnglists
                0x00000426       0xbb ./Drivers/STM32F4xx_HAL_Driver/Src/stm32f4xx_hal.o
 .debug_rnglists
                0x000004e1       0xe0 ./Drivers/STM32F4xx_HAL_Driver/Src/stm32f4xx_hal_cortex.o
 .debug_rnglists
                0x000005c1       0x3f ./Drivers/STM32F4xx_HAL_Driver/Src/stm32f4xx_hal_gpio.o
 .debug_rnglists
                0x00000600       0x47 ./Drivers/STM32F4xx_HAL_Driver/Src/stm32f4xx_hal_pwr_ex.o
 .debug_rnglists
                0x00000647       0x66 ./Drivers/STM32F4xx_HAL_Driver/Src/stm32f4xx_hal_rcc.o
 .debug_rnglists
                0x000006ad      0x16f ./Drivers/STM32F4xx_HAL_Driver/Src/stm32f4xx_hal_spi.o

.debug_macro    0x00000000    0x231b9
 .debug_macro   0x00000000      0x2a9 ./Core/Src/gradient.o
 .debug_macro   0x000002a9       0x22 ./Core/Src/gradient.o
 .debug_macro   0x000002cb       0x8e ./Core/Src/gradient.o
 .debug_macro   0x00000359       0x51 ./Core/Src/gradient.o
 .debug_macro   0x000003aa      0x103 ./Core/Src/gradient.o
 .debug_macro   0x000004ad       0x6a ./Core/Src/gradient.o
 .debug_macro   0x00000517      0x1df ./Core/Src/gradient.o
 .debug_macro   0x000006f6      0x295 ./Core/Src/gradient.o
 .debug_macro   0x0000098b       0x2e ./Core/Src/gradient.o
 .debug_macro   0x000009b9       0x28 ./Core/Src/gradient.o
 .debug_macro   0x000009e1       0x1c ./Core/Src/gradient.o
 .debug_macro   0x000009fd       0x22 ./Core/Src/gradient.o
 .debug_macro   0x00000a1f       0xfb ./Core/Src/gradient.o
 .debug_macro   0x00000b1a     0x1011 ./Core/Src/gradient.o
 .debug_macro   0x00001b2b      0x11f ./Core/Src/gradient.o
 .debug_macro   0x00001c4a    0x17ff1 ./Core/Src/gradient.o
 .debug_macro   0x00019c3b       0x6d ./Core/Src/gradient.o
 .debug_macro   0x00019ca8     0x370a ./Core/Src/gradient.o
 .debug_macro   0x0001d3b2      0x190 ./Core/Src/gradient.o
 .debug_macro   0x0001d542       0x5c ./Core/Src/gradient.o
 .debug_macro   0x0001d59e      0xcba ./Core/Src/gradient.o
 .debug_macro   0x0001e258      0x9e9 ./Core/Src/gradient.o
 .debug_macro   0x0001ec41      0x115 ./Core/Src/gradient.o
 .debug_macro   0x0001ed56      0x156 ./Core/Src/gradient.o
 .debug_macro   0x0001eeac       0xa5 ./Core/Src/gradient.o
 .debug_macro   0x0001ef51      0x182 ./Core/Src/gradient.o
 .debug_macro   0x0001f0d3      0x287 ./Core/Src/gradient.o
 .debug_macro   0x0001f35a       0x5f ./Core/Src/gradient.o
 .debug_macro   0x0001f3b9      0x236 ./Core/Src/gradient.o
 .debug_macro   0x0001f5ef      0x132 ./Core/Src/gradient.o
 .debug_macro   0x0001f721      0x41d ./Core/Src/gradient.o
 .debug_macro   0x0001fb3e       0x2e ./Core/Src/gradient.o
 .debug_macro   0x0001fb6c      0x127 ./Core/Src/gradient.o
 .debug_macro   0x0001fc93       0xe2 ./Core/Src/gradient.o
 .debug_macro   0x0001fd75       0x89 ./Core/Src/gradient.o
 .debug_macro   0x0001fdfe      0x225 ./Core/Src/gradient.o
 .debug_macro   0x00020023      0x134 ./Core/Src/gradient.o
 .debug_macro   0x00020157       0x70 ./Core/Src/gradient.o
 .debug_macro   0x000201c7       0x22 ./Core/Src/gradient.o
 .debug_macro   0x000201e9       0x52 ./Core/Src/gradient.o
 .debug_macro   0x0002023b      0x3ad ./Core/Src/ili9488.o
 .debug_macro   0x000205e8       0x2a ./Core/Src/ili9488.o
 .debug_macro   0x00020612       0x61 ./Core/Src/ili9488.o
 .debug_macro   0x00020673       0x43 ./Core/Src/ili9488.o
 .debug_macro   0x000206b6       0x34 ./Core/Src/ili9488.o
 .debug_macro   0x000206ea       0x16 ./Core/Src/ili9488.o
 .debug_macro   0x00020700       0x3c ./Core/Src/ili9488.o
 .debug_macro   0x0002073c      0x364 ./Core/Src/ili9488.o
 .debug_macro   0x00020aa0       0x16 ./Core/Src/ili9488.o
 .debug_macro   0x00020ab6       0x4a ./Core/Src/ili9488.o
 .debug_macro   0x00020b00       0x34 ./Core/Src/ili9488.o
 .debug_macro   0x00020b34       0x10 ./Core/Src/ili9488.o
 .debug_macro   0x00020b44       0x58 ./Core/Src/ili9488.o
 .debug_macro   0x00020b9c       0x8e ./Core/Src/ili9488.o
 .debug_macro   0x00020c2a       0x1c ./Core/Src/ili9488.o
 .debug_macro   0x00020c46      0x17e ./Core/Src/ili9488.o
 .debug_macro   0x00020dc4       0x16 ./Core/Src/ili9488.o
 .debug_macro   0x00020dda       0x29 ./Core/Src/ili9488.o
 .debug_macro   0x00020e03       0x16 ./Core/Src/ili9488.o
 .debug_macro   0x00020e19       0x20 ./Core/Src/ili9488.o
 .debug_macro   0x00020e39      0x33e ./Core/Src/main.o
 .debug_macro   0x00021177       0xa9 ./Core/Src/main.o
 .debug_macro   0x00021220       0x40 ./Core/Src/main.o
 .debug_macro   0x00021260       0x16 ./Core/Src/main.o
 .debug_macro   0x00021276       0x10 ./Core/Src/main.o
 .debug_macro   0x00021286       0x16 ./Core/Src/main.o
 .debug_macro   0x0002129c       0x16 ./Core/Src/main.o
 .debug_macro   0x000212b2      0x146 ./Core/Src/main.o
 .debug_macro   0x000213f8       0x5e ./Core/Src/main.o
 .debug_macro   0x00021456      0x1c9 ./Core/Src/stm32f4xx_hal_msp.o
 .debug_macro   0x0002161f      0x1d3 ./Core/Src/stm32f4xx_it.o
 .debug_macro   0x000217f2      0x112 ./Core/Src/sysmem.o
 .debug_macro   0x00021904      0x23c ./Core/Src/sysmem.o
 .debug_macro   0x00021b40      0x1ba ./Core/Src/system_stm32f4xx.o
 .debug_macro   0x00021cfa      0x2e0 ./Core/Src/ugfx.o
 .debug_macro   0x00021fda       0x10 ./Core/Src/ugfx.o
 .debug_macro   0x00021fea       0x56 ./Core/Src/ugfx.o
 .debug_macro   0x00022040      0x2fb ./Core/Src/ui_gfx.o
 .debug_macro   0x0002233b       0x58 ./Core/Src/ui_gfx.o
 .debug_macro   0x00022393      0x319 ./Core/Src/xpt2046.o
 .debug_macro   0x000226ac      0x21a ./Drivers/STM32F4xx_HAL_Driver/Src/stm32f4xx_hal.o
 .debug_macro   0x000228c6      0x1ba ./Drivers/STM32F4xx_HAL_Driver/Src/stm32f4xx_hal_cortex.o
 .debug_macro   0x00022a80      0x1c0 ./Drivers/STM32F4xx_HAL_Driver/Src/stm32f4xx_hal_gpio.o
 .debug_macro   0x00022c40      0x1d2 ./Drivers/STM32F4xx_HAL_Driver/Src/stm32f4xx_hal_pwr_ex.o
 .debug_macro   0x00022e12      0x1de ./Drivers/STM32F4xx_HAL_Driver/Src/stm32f4xx_hal_rcc.o
 .debug_macro   0x00022ff0      0x1c9 ./Drivers/STM32F4xx_HAL_Driver/Src/stm32f4xx_hal_spi.o

.debug_line     0x00000000     0xc413
 .debug_line    0x00000000      0xb66 ./Core/Src/gradient.o
 .debug_line    0x00000b66     0x1016 ./Core/Src/ili9488.o
 .debug_line    0x00001b7c      0xbe5 ./Core/Src/main.o
 .debug_line    0x00002761      0x70a ./Core/Src/stm32f4xx_hal_msp.o
 .debug_line    0x00002e6b      0x76c ./Core/Src/stm32f4xx_it.o
 .debug_line    0x000035d7      0x53a ./Core/Src/sysmem.o
 .debug_line    0x00003b11      0x733 ./Core/Src/system_stm32f4xx.o
 .debug_line    0x00004244     0x1440 ./Core/Src/ugfx.o
 .debug_line    0x00005684      0xd0a ./Core/Src/ui_gfx.o
 .debug_line    0x0000638e      0xb56 ./Core/Src/xpt2046.o
 .debug_line    0x00006ee4       0x7a ./Core/Startup/startup_stm32f429zgtx.o
 .debug_line    0x00006f5e      0x9e8 ./Drivers/STM32F4xx_HAL_Driver/Src/stm32f4xx_hal.o
 .debug_line    0x00007946      0xc7f ./Drivers/STM32F4xx_HAL_Driver/Src/stm32f4xx_hal_cortex.o
 .debug_line    0x000085c5      0xb2c ./Drivers/STM32F4xx_HAL_Driver/Src/stm32f4xx_hal_gpio.o
 .debug_line    0x000090f1      0x91c ./Drivers/STM32F4xx_HAL_Driver/Src/stm32f4xx_hal_pwr_ex.o
 .debug_line    0x00009a0d      0xdbc ./Drivers/STM32F4xx_HAL_Driver/Src/stm32f4xx_hal_rcc.o
 .debug_line    0x0000a7c9     0x1c4a ./Drivers/STM32F4xx_HAL_Driver/Src/stm32f4xx_hal_spi.o

.debug_str      0x00000000    0xd2ed5
 .debug_str     0x00000000    0xd2ed5 ./Core/Src/gradient.o
                              0xcbb22 (size before relaxing)
 .debug_str     0x000d2ed5    0xcf536 ./Core/Src/ili9488.o
 .debug_str     0x000d2ed5    0xd013f ./Core/Src/main.o
 .debug_str     0x000d2ed5    0xcbbcb ./Core/Src/stm32f4xx_hal_msp.o
 .debug_str     0x000d2ed5    0xcb643 ./Core/Src/stm32f4xx_it.o
 .debug_str     0x000d2ed5     0x76f3 ./Core/Src/sysmem.o
 .debug_str     0x000d2ed5    0xcb5b5 ./Core/Src/system_stm32f4xx.o
 .debug_str     0x000d2ed5    0xcf55e ./Core/Src/ugfx.o
 .debug_str     0x000d2ed5    0xcf578 ./Core/Src/ui_gfx.o
 .debug_str     0x000d2ed5    0xcf126 ./Core/Src/xpt2046.o
 .debug_str     0x000d2ed5       0x6b ./Core/Startup/startup_stm32f429zgtx.o
 .debug_str     0x000d2ed5    0xcc1d8 ./Drivers/STM32F4xx_HAL_Driver/Src/stm32f4xx_hal.o
 .debug_str     0x000d2ed5    0xcbf06 ./Drivers/STM32F4xx_HAL_Driver/Src/stm32f4xx_hal_cortex.o
 .debug_str     0x000d2ed5    0xcb730 ./Drivers/STM32F4xx_HAL_Driver/Src/stm32f4xx_hal_gpio.o
 .debug_str     0x000d2ed5    0xcb78d ./Drivers/STM32F4xx_HAL_Driver/Src/stm32f4xx_hal_pwr_ex.o
 .debug_str     0x000d2ed5    0xcb9e9 ./Drivers/STM32F4xx_HAL_Driver/Src/stm32f4xx_hal_rcc.o
 .debug_str     0x000d2ed5    0xcbe60 ./Drivers/STM32F4xx_HAL_Driver/Src/stm32f4xx_hal_spi.o

.comment        0x00000000       0x43
 .comment       0x00000000       0x43 ./Core/Src/gradient.o
                                 0x44 (size before relaxing)
 .comment       0x00000043       0x44 ./Core/Src/ili9488.o
 .comment       0x00000043       0x44 ./Core/Src/main.o
 .comment       0x00000043       0x44 ./Core/Src/stm32f4xx_hal_msp.o
 .comment       0x00000043       0x44 ./Core/Src/stm32f4xx_it.o
 .comment       0x00000043       0x44 ./Core/Src/sysmem.o
 .comment       0x00000043       0x44 ./Core/Src/system_stm32f4xx.o
 .comment       0x00000043       0x44 ./Core/Src/ugfx.o
 .comment       0x00000043       0x44 ./Core/Src/ui_gfx.o
 .comment       0x00000043       0x44 ./Core/Src/xpt2046.o
 .comment       0x00000043       0x44 ./Drivers/STM32F4xx_HAL_Driver/Src/stm32f4xx_hal.o
 .comment       0x00000043       0x44 ./Drivers/STM32F4xx_HAL_Driver/Src/stm32f4xx_hal_cortex.o
 .comment       0x00000043       0x44 ./Drivers/STM32F4xx_HAL_Driver/Src/stm32f4xx_hal_gpio.o
 .comment       0x00000043       0x44 ./Drivers/STM32F4xx_HAL_Driver/Src/stm32f4xx_hal_pwr_ex.o
 .comment       0x00000043       0x44 ./Drivers/STM32F4xx_HAL_Driver/Src/stm32f4xx_hal_rcc.o
 .comment       0x00000043       0x44 ./Drivers/STM32F4xx_HAL_Driver/Src/stm32f4xx_hal_spi.o

.debug_frame    0x00000000     0x2ef8
 .debug_frame   0x00000000      0x20c ./Core/Src/gradient.o
 .debug_frame   0x0000020c      0x464 ./Core/Src/ili9488.o
 .debug_frame   0x00000670      0x1a8 ./Core/Src/main.o
 .debug_frame   0x00000818       0x7c ./Core/Src/stm32f4xx_hal_msp.o
 .debug_frame   0x00000894       0xf8 ./Core/Src/stm32f4xx_it.o
 .debug_frame   0x0000098c       0x34 ./Core/Src/sysmem.o
 .debug_frame   0x000009c0       0x50 ./Core/Src/system_stm32f4xx.o
 .debug_frame   0x00000a10      0x6bc ./Core/Src/ugfx.o
 .debug_frame   0x000010cc      0x1d4 ./Core/Src/ui_gfx.o
 .debug_frame   0x000012a0      0x1a0 ./Core/Src/xpt2046.o
 .debug_frame   0x00001440      0x354 ./Drivers/STM32F4xx_HAL_Driver/Src/stm32f4xx_hal.o
 .debug_frame   0x00001794      0x4b8 ./Drivers/STM32F4xx_HAL_Driver/Src/stm32f4xx_hal_cortex.o
 .debug_frame   0x00001c4c      0x130 ./Drivers/STM32F4xx_HAL_Driver/Src/stm32f4xx_hal_gpio.o
 .debug_frame   0x00001d7c      0x13c ./Drivers/STM32F4xx_HAL_Driver/Src/stm32f4xx_hal_pwr_ex.o
 .debug_frame   0x00001eb8      0x1d8 ./Drivers/STM32F4xx_HAL_Driver/Src/stm32f4xx_hal_rcc.o
 .debug_frame   0x00002090      0x7e0 ./Drivers/STM32F4xx_HAL_Driver/Src/stm32f4xx_hal_spi.o
 .debug_frame   0x00002870       0x7c /Applications/STM32CubeIDE.app/Contents/Eclipse/plugins/com.st.stm32cube.ide.mcu.externaltools.gnu-tools-for-stm32.14.3.rel1.macosaarch64_1.0.0.202602081740/tools/bin/../lib/gcc/arm-none-eabi/14.3.1/../../../../arm-none-eabi/lib/thumb/v7e-m+fp/hard/libc_nano.a(libc_a-snprintf.o)
 .debug_frame   0x000028ec      0x144 /Applications/STM32CubeIDE.app/Contents/Eclipse/plugins/com.st.stm32cube.ide.mcu.externaltools.gnu-tools-for-stm32.14.3.rel1.macosaarch64_1.0.0.202602081740/tools/bin/../lib/gcc/arm-none-eabi/14.3.1/../../../../arm-none-eabi/lib/thumb/v7e-m+fp/hard/libc_nano.a(libc_a-findfp.o)
 .debug_frame   0x00002a30       0x20 /Applications/STM32CubeIDE.app/Contents/Eclipse/plugins/com.st.stm32cube.ide.mcu.externaltools.gnu-tools-for-stm32.14.3.rel1.macosaarch64_1.0.0.202602081740/tools/bin/../lib/gcc/arm-none-eabi/14.3.1/../../../../arm-none-eabi/lib/thumb/v7e-m+fp/hard/libc_nano.a(libc_a-memset.o)
 .debug_frame   0x00002a50       0x28 /Applications/STM32CubeIDE.app/Contents/Eclipse/plugins/com.st.stm32cube.ide.mcu.externaltools.gnu-tools-for-stm32.14.3.rel1.macosaarch64_1.0.0.202602081740/tools/bin/../lib/gcc/arm-none-eabi/14.3.1/../../../../arm-none-eabi/lib/thumb/v7e-m+fp/hard/libc_nano.a(libc_a-strncpy.o)
 .debug_frame   0x00002a78       0x20 /Applications/STM32CubeIDE.app/Contents/Eclipse/plugins/com.st.stm32cube.ide.mcu.externaltools.gnu-tools-for-stm32.14.3.rel1.macosaarch64_1.0.0.202602081740/tools/bin/../lib/gcc/arm-none-eabi/14.3.1/../../../../arm-none-eabi/lib/thumb/v7e-m+fp/hard/libc_nano.a(libc_a-errno.o)
 .debug_frame   0x00002a98       0x2c /Applications/STM32CubeIDE.app/Contents/Eclipse/plugins/com.st.stm32cube.ide.mcu.externaltools.gnu-tools-for-stm32.14.3.rel1.macosaarch64_1.0.0.202602081740/tools/bin/../lib/gcc/arm-none-eabi/14.3.1/../../../../arm-none-eabi/lib/thumb/v7e-m+fp/hard/libc_nano.a(libc_a-init.o)
 .debug_frame   0x00002ac4       0xb0 /Applications/STM32CubeIDE.app/Contents/Eclipse/plugins/com.st.stm32cube.ide.mcu.externaltools.gnu-tools-for-stm32.14.3.rel1.macosaarch64_1.0.0.202602081740/tools/bin/../lib/gcc/arm-none-eabi/14.3.1/../../../../arm-none-eabi/lib/thumb/v7e-m+fp/hard/libc_nano.a(libc_a-lock.o)
 .debug_frame   0x00002b74       0x28 /Applications/STM32CubeIDE.app/Contents/Eclipse/plugins/com.st.stm32cube.ide.mcu.externaltools.gnu-tools-for-stm32.14.3.rel1.macosaarch64_1.0.0.202602081740/tools/bin/../lib/gcc/arm-none-eabi/14.3.1/../../../../arm-none-eabi/lib/thumb/v7e-m+fp/hard/libc_nano.a(libc_a-memcpy-stub.o)
 .debug_frame   0x00002b9c       0x20 /Applications/STM32CubeIDE.app/Contents/Eclipse/plugins/com.st.stm32cube.ide.mcu.externaltools.gnu-tools-for-stm32.14.3.rel1.macosaarch64_1.0.0.202602081740/tools/bin/../lib/gcc/arm-none-eabi/14.3.1/../../../../arm-none-eabi/lib/thumb/v7e-m+fp/hard/libc_nano.a(libc_a-strlen.o)
 .debug_frame   0x00002bbc       0x90 /Applications/STM32CubeIDE.app/Contents/Eclipse/plugins/com.st.stm32cube.ide.mcu.externaltools.gnu-tools-for-stm32.14.3.rel1.macosaarch64_1.0.0.202602081740/tools/bin/../lib/gcc/arm-none-eabi/14.3.1/../../../../arm-none-eabi/lib/thumb/v7e-m+fp/hard/libc_nano.a(libc_a-nano-svfprintf.o)
 .debug_frame   0x00002c4c       0x50 /Applications/STM32CubeIDE.app/Contents/Eclipse/plugins/com.st.stm32cube.ide.mcu.externaltools.gnu-tools-for-stm32.14.3.rel1.macosaarch64_1.0.0.202602081740/tools/bin/../lib/gcc/arm-none-eabi/14.3.1/../../../../arm-none-eabi/lib/thumb/v7e-m+fp/hard/libc_nano.a(libc_a-mallocr.o)
 .debug_frame   0x00002c9c       0x60 /Applications/STM32CubeIDE.app/Contents/Eclipse/plugins/com.st.stm32cube.ide.mcu.externaltools.gnu-tools-for-stm32.14.3.rel1.macosaarch64_1.0.0.202602081740/tools/bin/../lib/gcc/arm-none-eabi/14.3.1/../../../../arm-none-eabi/lib/thumb/v7e-m+fp/hard/libc_nano.a(libc_a-nano-vfprintf_i.o)
 .debug_frame   0x00002cfc       0x30 /Applications/STM32CubeIDE.app/Contents/Eclipse/plugins/com.st.stm32cube.ide.mcu.externaltools.gnu-tools-for-stm32.14.3.rel1.macosaarch64_1.0.0.202602081740/tools/bin/../lib/gcc/arm-none-eabi/14.3.1/../../../../arm-none-eabi/lib/thumb/v7e-m+fp/hard/libc_nano.a(libc_a-mlock.o)
 .debug_frame   0x00002d2c       0x3c /Applications/STM32CubeIDE.app/Contents/Eclipse/plugins/com.st.stm32cube.ide.mcu.externaltools.gnu-tools-for-stm32.14.3.rel1.macosaarch64_1.0.0.202602081740/tools/bin/../lib/gcc/arm-none-eabi/14.3.1/../../../../arm-none-eabi/lib/thumb/v7e-m+fp/hard/libc_nano.a(libc_a-reallocr.o)
 .debug_frame   0x00002d68       0x28 /Applications/STM32CubeIDE.app/Contents/Eclipse/plugins/com.st.stm32cube.ide.mcu.externaltools.gnu-tools-for-stm32.14.3.rel1.macosaarch64_1.0.0.202602081740/tools/bin/../lib/gcc/arm-none-eabi/14.3.1/../../../../arm-none-eabi/lib/thumb/v7e-m+fp/hard/libc_nano.a(libc_a-memmove.o)
 .debug_frame   0x00002d90       0x2c /Applications/STM32CubeIDE.app/Contents/Eclipse/plugins/com.st.stm32cube.ide.mcu.externaltools.gnu-tools-for-stm32.14.3.rel1.macosaarch64_1.0.0.202602081740/tools/bin/../lib/gcc/arm-none-eabi/14.3.1/../../../../arm-none-eabi/lib/thumb/v7e-m+fp/hard/libc_nano.a(libc_a-sbrkr.o)
 .debug_frame   0x00002dbc       0x38 /Applications/STM32CubeIDE.app/Contents/Eclipse/plugins/com.st.stm32cube.ide.mcu.externaltools.gnu-tools-for-stm32.14.3.rel1.macosaarch64_1.0.0.202602081740/tools/bin/../lib/gcc/arm-none-eabi/14.3.1/../../../../arm-none-eabi/lib/thumb/v7e-m+fp/hard/libc_nano.a(libc_a-reent.o)
 .debug_frame   0x00002df4       0x4c /Applications/STM32CubeIDE.app/Contents/Eclipse/plugins/com.st.stm32cube.ide.mcu.externaltools.gnu-tools-for-stm32.14.3.rel1.macosaarch64_1.0.0.202602081740/tools/bin/../lib/gcc/arm-none-eabi/14.3.1/../../../../arm-none-eabi/lib/thumb/v7e-m+fp/hard/libc_nano.a(libc_a-memchr.o)
 .debug_frame   0x00002e40       0x38 /Applications/STM32CubeIDE.app/Contents/Eclipse/plugins/com.st.stm32cube.ide.mcu.externaltools.gnu-tools-for-stm32.14.3.rel1.macosaarch64_1.0.0.202602081740/tools/bin/../lib/gcc/arm-none-eabi/14.3.1/../../../../arm-none-eabi/lib/thumb/v7e-m+fp/hard/libc_nano.a(libc_a-freer.o)
 .debug_frame   0x00002e78       0x20 /Applications/STM32CubeIDE.app/Contents/Eclipse/plugins/com.st.stm32cube.ide.mcu.externaltools.gnu-tools-for-stm32.14.3.rel1.macosaarch64_1.0.0.202602081740/tools/bin/../lib/gcc/arm-none-eabi/14.3.1/../../../../arm-none-eabi/lib/thumb/v7e-m+fp/hard/libc_nano.a(libc_a-msizer.o)
 .debug_frame   0x00002e98       0x2c /Applications/STM32CubeIDE.app/Contents/Eclipse/plugins/com.st.stm32cube.ide.mcu.externaltools.gnu-tools-for-stm32.14.3.rel1.macosaarch64_1.0.0.202602081740/tools/bin/../lib/gcc/arm-none-eabi/14.3.1/thumb/v7e-m+fp/hard/libgcc.a(_aeabi_uldivmod.o)
 .debug_frame   0x00002ec4       0x34 /Applications/STM32CubeIDE.app/Contents/Eclipse/plugins/com.st.stm32cube.ide.mcu.externaltools.gnu-tools-for-stm32.14.3.rel1.macosaarch64_1.0.0.202602081740/tools/bin/../lib/gcc/arm-none-eabi/14.3.1/thumb/v7e-m+fp/hard/libgcc.a(_udivmoddi4.o)

.debug_line_str
                0x00000000       0x4f
 .debug_line_str
                0x00000000       0x4f ./Core/Startup/startup_stm32f429zgtx.o
