Archive member included to satisfy reference by file (symbol)

/Applications/STM32CubeIDE.app/Contents/Eclipse/plugins/com.st.stm32cube.ide.mcu.externaltools.gnu-tools-for-stm32.14.3.rel1.macosaarch64_1.0.0.202602081740/tools/bin/../lib/gcc/arm-none-eabi/14.3.1/../../../../arm-none-eabi/lib/thumb/v7e-m+fp/hard/libc_nano.a(libc_a-exit.o)
                              /Applications/STM32CubeIDE.app/Contents/Eclipse/plugins/com.st.stm32cube.ide.mcu.externaltools.gnu-tools-for-stm32.14.3.rel1.macosaarch64_1.0.0.202602081740/tools/bin/../lib/gcc/arm-none-eabi/14.3.1/../../../../arm-none-eabi/lib/thumb/v7e-m+fp/hard/crt0.o (exit)
/Applications/STM32CubeIDE.app/Contents/Eclipse/plugins/com.st.stm32cube.ide.mcu.externaltools.gnu-tools-for-stm32.14.3.rel1.macosaarch64_1.0.0.202602081740/tools/bin/../lib/gcc/arm-none-eabi/14.3.1/../../../../arm-none-eabi/lib/thumb/v7e-m+fp/hard/libc_nano.a(libc_a-snprintf.o)
                              ./Core/Src/main.o (snprintf)
/Applications/STM32CubeIDE.app/Contents/Eclipse/plugins/com.st.stm32cube.ide.mcu.externaltools.gnu-tools-for-stm32.14.3.rel1.macosaarch64_1.0.0.202602081740/tools/bin/../lib/gcc/arm-none-eabi/14.3.1/../../../../arm-none-eabi/lib/thumb/v7e-m+fp/hard/libc_nano.a(libc_a-findfp.o)
                              /Applications/STM32CubeIDE.app/Contents/Eclipse/plugins/com.st.stm32cube.ide.mcu.externaltools.gnu-tools-for-stm32.14.3.rel1.macosaarch64_1.0.0.202602081740/tools/bin/../lib/gcc/arm-none-eabi/14.3.1/../../../../arm-none-eabi/lib/thumb/v7e-m+fp/hard/libc_nano.a(libc_a-exit.o) (__stdio_exit_handler)
/Applications/STM32CubeIDE.app/Contents/Eclipse/plugins/com.st.stm32cube.ide.mcu.externaltools.gnu-tools-for-stm32.14.3.rel1.macosaarch64_1.0.0.202602081740/tools/bin/../lib/gcc/arm-none-eabi/14.3.1/../../../../arm-none-eabi/lib/thumb/v7e-m+fp/hard/libc_nano.a(libc_a-fwalk.o)
                              /Applications/STM32CubeIDE.app/Contents/Eclipse/plugins/com.st.stm32cube.ide.mcu.externaltools.gnu-tools-for-stm32.14.3.rel1.macosaarch64_1.0.0.202602081740/tools/bin/../lib/gcc/arm-none-eabi/14.3.1/../../../../arm-none-eabi/lib/thumb/v7e-m+fp/hard/libc_nano.a(libc_a-findfp.o) (_fwalk_sglue)
/Applications/STM32CubeIDE.app/Contents/Eclipse/plugins/com.st.stm32cube.ide.mcu.externaltools.gnu-tools-for-stm32.14.3.rel1.macosaarch64_1.0.0.202602081740/tools/bin/../lib/gcc/arm-none-eabi/14.3.1/../../../../arm-none-eabi/lib/thumb/v7e-m+fp/hard/libc_nano.a(libc_a-memset.o)
                              /Applications/STM32CubeIDE.app/Contents/Eclipse/plugins/com.st.stm32cube.ide.mcu.externaltools.gnu-tools-for-stm32.14.3.rel1.macosaarch64_1.0.0.202602081740/tools/bin/../lib/gcc/arm-none-eabi/14.3.1/../../../../arm-none-eabi/lib/thumb/v7e-m+fp/hard/crt0.o (memset)
/Applications/STM32CubeIDE.app/Contents/Eclipse/plugins/com.st.stm32cube.ide.mcu.externaltools.gnu-tools-for-stm32.14.3.rel1.macosaarch64_1.0.0.202602081740/tools/bin/../lib/gcc/arm-none-eabi/14.3.1/../../../../arm-none-eabi/lib/thumb/v7e-m+fp/hard/libc_nano.a(libc_a-strncpy.o)
                              ./Core/Src/ugfx.o (strncpy)
/Applications/STM32CubeIDE.app/Contents/Eclipse/plugins/com.st.stm32cube.ide.mcu.externaltools.gnu-tools-for-stm32.14.3.rel1.macosaarch64_1.0.0.202602081740/tools/bin/../lib/gcc/arm-none-eabi/14.3.1/../../../../arm-none-eabi/lib/thumb/v7e-m+fp/hard/libc_nano.a(libc_a-errno.o)
                              ./Core/Src/syscalls.o (__errno)
/Applications/STM32CubeIDE.app/Contents/Eclipse/plugins/com.st.stm32cube.ide.mcu.externaltools.gnu-tools-for-stm32.14.3.rel1.macosaarch64_1.0.0.202602081740/tools/bin/../lib/gcc/arm-none-eabi/14.3.1/../../../../arm-none-eabi/lib/thumb/v7e-m+fp/hard/libc_nano.a(libc_a-init.o)
                              /Applications/STM32CubeIDE.app/Contents/Eclipse/plugins/com.st.stm32cube.ide.mcu.externaltools.gnu-tools-for-stm32.14.3.rel1.macosaarch64_1.0.0.202602081740/tools/bin/../lib/gcc/arm-none-eabi/14.3.1/../../../../arm-none-eabi/lib/thumb/v7e-m+fp/hard/crt0.o (__libc_init_array)
/Applications/STM32CubeIDE.app/Contents/Eclipse/plugins/com.st.stm32cube.ide.mcu.externaltools.gnu-tools-for-stm32.14.3.rel1.macosaarch64_1.0.0.202602081740/tools/bin/../lib/gcc/arm-none-eabi/14.3.1/../../../../arm-none-eabi/lib/thumb/v7e-m+fp/hard/libc_nano.a(libc_a-lock.o)
                              /Applications/STM32CubeIDE.app/Contents/Eclipse/plugins/com.st.stm32cube.ide.mcu.externaltools.gnu-tools-for-stm32.14.3.rel1.macosaarch64_1.0.0.202602081740/tools/bin/../lib/gcc/arm-none-eabi/14.3.1/../../../../arm-none-eabi/lib/thumb/v7e-m+fp/hard/libc_nano.a(libc_a-findfp.o) (__retarget_lock_init_recursive)
/Applications/STM32CubeIDE.app/Contents/Eclipse/plugins/com.st.stm32cube.ide.mcu.externaltools.gnu-tools-for-stm32.14.3.rel1.macosaarch64_1.0.0.202602081740/tools/bin/../lib/gcc/arm-none-eabi/14.3.1/../../../../arm-none-eabi/lib/thumb/v7e-m+fp/hard/libc_nano.a(libc_a-impure.o)
[...]
Memory Configuration

Name             Origin             Length             Attributes
CCMRAM           0x10000000         0x00010000         xrw
RAM              0x20000000         0x00030000         xrw
FLASH            0x08000000         0x00100000         xr
*default*        0x00000000         0xffffffff

Linker script and memory map

LOAD /Applications/STM32CubeIDE.app/Contents/Eclipse/plugins/com.st.stm32cube.ide.mcu.externaltools.gnu-tools-for-stm32.14.3.rel1.macosaarch64_1.0.0.202602081740/tools/bin/../lib/gcc/arm-none-eabi/14.3.1/thumb/v7e-m+fp/hard/crti.o
LOAD /Applications/STM32CubeIDE.app/Contents/Eclipse/plugins/com.st.stm32cube.ide.mcu.externaltools.gnu-tools-for-stm32.14.3.rel1.macosaarch64_1.0.0.202602081740/tools/bin/../lib/gcc/arm-none-eabi/14.3.1/thumb/v7e-m+fp/hard/crtbegin.o
LOAD /Applications/STM32CubeIDE.app/Contents/Eclipse/plugins/com.st.stm32cube.ide.mcu.externaltools.gnu-tools-for-stm32.14.3.rel1.macosaarch64_1.0.0.202602081740/tools/bin/../lib/gcc/arm-none-eabi/14.3.1/../../../../arm-none-eabi/lib/thumb/v7e-m+fp/hard/crt0.o
LOAD ./Core/Src/TouchGFXHAL_ILI9488.o
LOAD ./Core/Src/ili9488.o
LOAD ./Core/Src/main.o
LOAD ./Core/Src/stm32f4xx_hal_msp.o
LOAD ./Core/Src/stm32f4xx_it.o
LOAD ./Core/Src/syscalls.o
LOAD ./Core/Src/sysmem.o
LOAD ./Core/Src/system_stm32f4xx.o
LOAD ./Core/Src/ugfx.o
LOAD ./Core/Src/ui_gfx.o
LOAD ./Core/Src/ui_test.o
LOAD ./Core/Src/xpt2046.o
LOAD ./Core/Startup/startup_stm32f429zgtx.o
LOAD ./Drivers/STM32F4xx_HAL_Driver/Src/stm32f4xx_hal.o
LOAD ./Drivers/STM32F4xx_HAL_Driver/Src/stm32f4xx_hal_cortex.o
LOAD ./Drivers/STM32F4xx_HAL_Driver/Src/stm32f4xx_hal_dma.o
LOAD ./Drivers/STM32F4xx_HAL_Driver/Src/stm32f4xx_hal_dma_ex.o
LOAD ./Drivers/STM32F4xx_HAL_Driver/Src/stm32f4xx_hal_exti.o
LOAD ./Drivers/STM32F4xx_HAL_Driver/Src/stm32f4xx_hal_flash.o
LOAD ./Drivers/STM32F4xx_HAL_Driver/Src/stm32f4xx_hal_flash_ex.o
LOAD ./Drivers/STM32F4xx_HAL_Driver/Src/stm32f4xx_hal_flash_ramfunc.o
LOAD ./Drivers/STM32F4xx_HAL_Driver/Src/stm32f4xx_hal_gpio.o
LOAD ./Drivers/STM32F4xx_HAL_Driver/Src/stm32f4xx_hal_pwr.o
LOAD ./Drivers/STM32F4xx_HAL_Driver/Src/stm32f4xx_hal_pwr_ex.o
LOAD ./Drivers/STM32F4xx_HAL_Driver/Src/stm32f4xx_hal_rcc.o
LOAD ./Drivers/STM32F4xx_HAL_Driver/Src/stm32f4xx_hal_rcc_ex.o
LOAD ./Drivers/STM32F4xx_HAL_Driver/Src/stm32f4xx_hal_spi.o
START GROUP
LOAD /Applications/STM32CubeIDE.app/Contents/Eclipse/plugins/com.st.stm32cube.ide.mcu.externaltools.gnu-tools-for-stm32.14.3.rel1.macosaarch64_1.0.0.202602081740/tools/bin/../lib/gcc/arm-none-eabi/14.3.1/../../../../arm-none-eabi/lib/thumb/v7e-m+fp/hard/libc_nano.a
LOAD /Applications/STM32CubeIDE.app/Contents/Eclipse/plugins/com.st.stm32cube.ide.mcu.externaltools.gnu-tools-for-stm32.14.3.rel1.macosaarch64_1.0.0.202602081740/tools/bin/../lib/gcc/arm-none-eabi/14.3.1/../../../../arm-none-eabi/lib/thumb/v7e-m+fp/hard/libm.a
END GROUP
START GROUP
LOAD /Applications/STM32CubeIDE.app/Contents/Eclipse/plugins/com.st.stm32cube.ide.mcu.externaltools.gnu-tools-for-stm32.14.3.rel1.macosaarch64_1.0.0.202602081740/tools/bin/../lib/gcc/arm-none-eabi/14.3.1/thumb/v7e-m+fp/hard/libgcc.a
LOAD /Applications/STM32CubeIDE.app/Contents/Eclipse/plugins/com.st.stm32cube.ide.mcu.externaltools.gnu-tools-for-stm32.14.3.rel1.macosaarch64_1.0.0.202602081740/tools/bin/../lib/gcc/arm-none-eabi/14.3.1/../../../../arm-none-eabi/lib/thumb/v7e-m+fp/hard/libc_nano.a
END GROUP
START GROUP
LOAD /Applications/STM32CubeIDE.app/Contents/Eclipse/plugins/com.st.stm32cube.ide.mcu.externaltools.gnu-tools-for-stm32.14.3.rel1.macosaarch64_1.0.0.202602081740/tools/bin/../lib/gcc/arm-none-eabi/14.3.1/thumb/v7e-m+fp/hard/libgcc.a
LOAD /Applications/STM32CubeIDE.app/Contents/Eclipse/plugins/com.st.stm32cube.ide.mcu.externaltools.gnu-tools-for-stm32.14.3.rel1.macosaarch64_1.0.0.202602081740/tools/bin/../lib/gcc/arm-none-eabi/14.3.1/../../../../arm-none-eabi/lib/thumb/v7e-m+fp/hard/libc_nano.a
LOAD /Applications/STM32CubeIDE.app/Contents/Eclipse/plugins/com.st.stm32cube.ide.mcu.externaltools.gnu-tools-for-stm32.14.3.rel1.macosaarch64_1.0.0.202602081740/tools/bin/../lib/gcc/arm-none-eabi/14.3.1/../../../../arm-none-eabi/lib/thumb/v7e-m+fp/hard/libnosys.a
END GROUP
START GROUP
LOAD /Applications/STM32CubeIDE.app/Contents/Eclipse/plugins/com.st.stm32cube.ide.mcu.externaltools.gnu-tools-for-stm32.14.3.rel1.macosaarch64_1.0.0.202602081740/tools/bin/../lib/gcc/arm-none-eabi/14.3.1/thumb/v7e-m+fp/hard/libgcc.a
LOAD /Applications/STM32CubeIDE.app/Contents/Eclipse/plugins/com.st.stm32cube.ide.mcu.externaltools.gnu-tools-for-stm32.14.3.rel1.macosaarch64_1.0.0.202602081740/tools/bin/../lib/gcc/arm-none-eabi/14.3.1/../../../../arm-none-eabi/lib/thumb/v7e-m+fp/hard/libc_nano.a
LOAD /Applications/STM32CubeIDE.app/Contents/Eclipse/plugins/com.st.stm32cube.ide.mcu.externaltools.gnu-tools-for-stm32.14.3.rel1.macosaarch64_1.0.0.202602081740/tools/bin/../lib/gcc/arm-none-eabi/14.3.1/../../../../arm-none-eabi/lib/thumb/v7e-m+fp/hard/libnosys.a
END GROUP
LOAD /Applications/STM32CubeIDE.app/Contents/Eclipse/plugins/com.st.stm32cube.ide.mcu.externaltools.gnu-tools-for-stm32.14.3.rel1.macosaarch64_1.0.0.202602081740/tools/bin/../lib/gcc/arm-none-eabi/14.3.1/thumb/v7e-m+fp/hard/crtend.o
LOAD /Applications/STM32CubeIDE.app/Contents/Eclipse/plugins/com.st.stm32cube.ide.mcu.externaltools.gnu-tools-for-stm32.14.3.rel1.macosaarch64_1.0.0.202602081740/tools/bin/../lib/gcc/arm-none-eabi/14.3.1/thumb/v7e-m+fp/hard/crtn.o
                0x20030000                        _estack = (ORIGIN (RAM) + LENGTH (RAM))
                0x00000200                        _Min_Heap_Size = 0x200
                0x00000400                        _Min_Stack_Size = 0x400

.isr_vector     0x08000000      0x1ac
                0x08000000                        . = ALIGN (0x4)
 *(.isr_vector)
 .isr_vector    0x08000000      0x1ac ./Core/Startup/startup_stm32f429zgtx.o
                0x08000000                g_pfnVectors
                0x080001ac                        . = ALIGN (0x4)

.text           0x080001b0     0x523c
                0x080001b0                        . = ALIGN (0x4)
 *(.text)
 .text          0x080001b0       0x40 /Applications/STM32CubeIDE.app/Contents/Eclipse/plugins/com.st.stm32cube.ide.mcu.externaltools.gnu-tools-for-stm32.14.3.rel1.macosaarch64_1.0.0.202602081740/tools/bin/../lib/gcc/arm-none-eabi/14.3.1/thumb/v7e-m+fp/hard/crtbegin.o
 .text          0x080001f0       0x10 /Applications/STM32CubeIDE.app/Contents/Eclipse/plugins/com.st.stm32cube.ide.mcu.externaltools.gnu-tools-for-stm32.14.3.rel1.macosaarch64_1.0.0.202602081740/tools/bin/../lib/gcc/arm-none-eabi/14.3.1/../../../../arm-none-eabi/lib/thumb/v7e-m+fp/hard/libc_nano.a(libc_a-strlen.o)
                0x080001f0                strlen
 .text          0x08000200       0xa0 /Applications/STM32CubeIDE.app/Contents/Eclipse/plugins/com.st.stm32cube.ide.mcu.externaltools.gnu-tools-for-stm32.14.3.rel1.macosaarch64_1.0.0.202602081740/tools/bin/../lib/gcc/arm-none-eabi/14.3.1/../../../../arm-none-eabi/lib/thumb/v7e-m+fp/hard/libc_nano.a(libc_a-memchr.o)
                0x08000200                memchr
 .text          0x080002a0       0x30 /Applications/STM32CubeIDE.app/Contents/Eclipse/plugins/com.st.stm32cube.ide.mcu.externaltools.gnu-tools-for-stm32.14.3.rel1.macosaarch64_1.0.0.202602081740/tools/bin/../lib/gcc/arm-none-eabi/14.3.1/thumb/v7e-m+fp/hard/libgcc.a(_aeabi_uldivmod.o)
                0x080002a0                __aeabi_uldivmod
 .text          0x080002d0      0x2f8 /Applications/STM32CubeIDE.app/Contents/Eclipse/plugins/com.st.stm32cube.ide.mcu.externaltools.gnu-tools-for-stm32.14.3.rel1.macosaarch64_1.0.0.202602081740/tools/bin/../lib/gcc/arm-none-eabi/14.3.1/thumb/v7e-m+fp/hard/libgcc.a(_udivmoddi4.o)
                0x080002d0                __udivmoddi4
 .text          0x080005c8        0x4 /Applications/STM32CubeIDE.app/Contents/Eclipse/plugins/com.st.stm32cube.ide.mcu.externaltools.gnu-tools-for-stm32.14.3.rel1.macosaarch64_1.0.0.202602081740/tools/bin/../lib/gcc/arm-none-eabi/14.3.1/thumb/v7e-m+fp/hard/libgcc.a(_dvmd_tls.o)
                0x080005c8                __aeabi_ldiv0
                0x080005c8                __aeabi_idiv0
 *(.text*)
 .text._isqrt   0x080005cc       0x48 ./Core/Src/ili9488.o
 .text._DC_Cmd  0x08000614       0x18 ./Core/Src/ili9488.o
 .text._DC_Data
                0x0800062c       0x18 ./Core/Src/ili9488.o
 .text._RST_Low
                0x08000644       0x18 ./Core/Src/ili9488.o
 .text._RST_High
                0x0800065c       0x18 ./Core/Src/ili9488.o
 .text._LED_On  0x08000674       0x18 ./Core/Src/ili9488.o
 .text._LED_Off
                0x0800068c       0x18 ./Core/Src/ili9488.o
 .text.ILI9488_CS_Assert
                0x080006a4       0x18 ./Core/Src/ili9488.o
                0x080006a4                ILI9488_CS_Assert
 .text.ILI9488_CS_Deassert
                0x080006bc       0x18 ./Core/Src/ili9488.o
                0x080006bc                ILI9488_CS_Deassert
 .text._WriteCmd
                0x080006d4       0x2c ./Core/Src/ili9488.o
 .text._WriteDataBuf
                0x08000700       0x2c ./Core/Src/ili9488.o
 .text._WriteReg
                0x0800072c       0x3e ./Core/Src/ili9488.o
 .text.ILI9488_SetWindow
                0x0800076a       0x90 ./Core/Src/ili9488.o
                0x0800076a                ILI9488_SetWindow
 *fill*         0x080007fa        0x2 
 .text.ILI9488_Init
                0x080007fc      0x130 ./Core/Src/ili9488.o
                0x080007fc                ILI9488_Init
 .text.ILI9488_SetOrientation
                0x0800092c       0xb0 ./Core/Src/ili9488.o
                0x0800092c                ILI9488_SetOrientation
 .text.ILI9488_FillScreen
                0x080009dc       0x30 ./Core/Src/ili9488.o
                0x080009dc                ILI9488_FillScreen
 .text.ILI9488_DrawPixel
                0x08000a0c       0x84 ./Core/Src/ili9488.o
                0x08000a0c                ILI9488_DrawPixel
 .text.ILI9488_FillRect
                0x08000a90      0x238 ./Core/Src/ili9488.o
                0x08000a90                ILI9488_FillRect
 .text.ILI9488_DrawHLine
                0x08000cc8       0x36 ./Core/Src/ili9488.o
                0x08000cc8                ILI9488_DrawHLine
 .text.ILI9488_DrawVLine
                0x08000cfe       0x38 ./Core/Src/ili9488.o
                0x08000cfe                ILI9488_DrawVLine
 .text.ILI9488_DrawRect
                0x08000d36       0x7a ./Core/Src/ili9488.o
                0x08000d36                ILI9488_DrawRect
 .text._DrawCirclePoints
                0x08000db0       0xe6 ./Core/Src/ili9488.o
 .text.ILI9488_DrawCircle
                0x08000e96       0xb2 ./Core/Src/ili9488.o
                0x08000e96                ILI9488_DrawCircle
 .text.ILI9488_FillCircle
                0x08000f48       0x8a ./Core/Src/ili9488.o
                0x08000f48                ILI9488_FillCircle
 *fill*         0x08000fd2        0x2 
 .text.ILI9488_DrawChar
                0x08000fd4      0x1a0 ./Core/Src/ili9488.o
                0x08000fd4                ILI9488_DrawChar
 .text.ILI9488_DrawString
                0x08001174       0x64 ./Core/Src/ili9488.o
                0x08001174                ILI9488_DrawString
 .text.DrawSliderCircle
                0x080011d8       0x58 ./Core/Src/main.o
 .text.DrawStaticSliderImage
                0x08001230      0x1f8 ./Core/Src/main.o
 .text.OnSliderR_Changed
                0x08001428       0x48 ./Core/Src/main.o
 .text.OnSliderG_Changed
                0x08001470       0x48 ./Core/Src/main.o
 .text.OnSliderB_Changed
                0x080014b8       0x48 ./Core/Src/main.o
 .text.OnOkPressed
                0x08001500       0x9c ./Core/Src/main.o
 .text.OnTestPressed
                0x0800159c       0xac ./Core/Src/main.o
 .text.OnTestPresseda
                0x08001648       0x24 ./Core/Src/main.o
 .text.main     0x0800166c      0x208 ./Core/Src/main.o
                0x0800166c                main
 .text.SystemClock_Config
                0x08001874       0xe0 ./Core/Src/main.o
                0x08001874                SystemClock_Config
 .text.MX_SPI1_Init
                0x08001954       0x6c ./Core/Src/main.o
 .text.MX_GPIO_Init
                0x080019c0      0x120 ./Core/Src/main.o
 .text.Error_Handler
                0x08001ae0        0xc ./Core/Src/main.o
                0x08001ae0                Error_Handler
 .text.HAL_MspInit
                0x08001aec       0x50 ./Core/Src/stm32f4xx_hal_msp.o
                0x08001aec                HAL_MspInit
 .text.HAL_SPI_MspInit
                0x08001b3c       0x90 ./Core/Src/stm32f4xx_hal_msp.o
                0x08001b3c                HAL_SPI_MspInit
 .text.NMI_Handler
                0x08001bcc        0x8 ./Core/Src/stm32f4xx_it.o
                0x08001bcc                NMI_Handler
 .text.HardFault_Handler
                0x08001bd4        0x8 ./Core/Src/stm32f4xx_it.o
                0x08001bd4                HardFault_Handler
 .text.MemManage_Handler
                0x08001bdc        0x8 ./Core/Src/stm32f4xx_it.o
                0x08001bdc                MemManage_Handler
 .text.BusFault_Handler
                0x08001be4        0x8 ./Core/Src/stm32f4xx_it.o
                0x08001be4                BusFault_Handler
 .text.UsageFault_Handler
                0x08001bec        0x8 ./Core/Src/stm32f4xx_it.o
                0x08001bec                UsageFault_Handler
 .text.SVC_Handler
                0x08001bf4        0xe ./Core/Src/stm32f4xx_it.o
                0x08001bf4                SVC_Handler
 .text.DebugMon_Handler
                0x08001c02        0xe ./Core/Src/stm32f4xx_it.o
                0x08001c02                DebugMon_Handler
 .text.PendSV_Handler
                0x08001c10        0xe ./Core/Src/stm32f4xx_it.o
                0x08001c10                PendSV_Handler
 .text.SysTick_Handler
                0x08001c1e        0xc ./Core/Src/stm32f4xx_it.o
                0x08001c1e                SysTick_Handler
 *fill*         0x08001c2a        0x2 
 .text._sbrk    0x08001c2c       0x6c ./Core/Src/sysmem.o
                0x08001c2c                _sbrk
 .text.SystemInit
                0x08001c98       0x24 ./Core/Src/system_stm32f4xx.o
                0x08001c98                SystemInit
 .text._TransformTouch
                0x08001cbc       0xa4 ./Core/Src/ugfx.o
 .text._TransformOrigin
                0x08001d60       0xa4 ./Core/Src/ugfx.o
 .text._SliderValToPos
                0x08001e04       0xaa ./Core/Src/ugfx.o
 .text._SliderPosToVal
                0x08001eae       0x7e ./Core/Src/ugfx.o
 .text.UGFX_SliderDraw
                0x08001f2c      0x1c6 ./Core/Src/ugfx.o
                0x08001f2c                UGFX_SliderDraw
 .text.UGFX_ButtonDraw
                0x080020f2      0x15e ./Core/Src/ugfx.o
                0x080020f2                UGFX_ButtonDraw
 .text.UGFX_IconDraw
                0x08002250       0x5a ./Core/Src/ugfx.o
                0x08002250                UGFX_IconDraw
 .text.UGFX_LabelDraw
                0x080022aa       0x98 ./Core/Src/ugfx.o
                0x080022aa                UGFX_LabelDraw
 .text._InRect  0x08002342       0x5c ./Core/Src/ugfx.o
 .text._SliderTouch
                0x0800239e       0xf4 ./Core/Src/ugfx.o
 .text._SliderRelease
                0x08002492       0x1c ./Core/Src/ugfx.o
 .text._ButtonInBounds
                0x080024ae       0x3a ./Core/Src/ugfx.o
 .text.UGFX_Init
                0x080024e8       0x88 ./Core/Src/ugfx.o
                0x080024e8                UGFX_Init
 .text.UGFX_Begin
                0x08002570       0xdc ./Core/Src/ugfx.o
                0x08002570                UGFX_Begin
 .text.UGFX_Commit
                0x0800264c       0xcc ./Core/Src/ugfx.o
                0x0800264c                UGFX_Commit
 .text.UGFX_SliderSetValue
                0x08002718       0x46 ./Core/Src/ugfx.o
                0x08002718                UGFX_SliderSetValue
 .text.UGFX_LabelSetText
                0x0800275e       0x44 ./Core/Src/ugfx.o
                0x0800275e                UGFX_LabelSetText
 *fill*         0x080027a2        0x2 
 .text.UGFX_Poll
                0x080027a4      0x1a0 ./Core/Src/ugfx.o
                0x080027a4                UGFX_Poll
 .text._SB_frame
                0x08002944       0x2a ./Core/Src/ugfx.o
 .text._SB_origin
                0x0800296e       0x2a ./Core/Src/ugfx.o
 .text._SB_direction
                0x08002998       0x20 ./Core/Src/ugfx.o
 .text._SB_colors
                0x080029b8       0x3a ./Core/Src/ugfx.o
 .text._SB_touchMask
                0x080029f2       0x20 ./Core/Src/ugfx.o
 .text._SB_onChanged
                0x08002a12       0x1e ./Core/Src/ugfx.o
 .text._SB_build
                0x08002a30       0x6c ./Core/Src/ugfx.o
 .text.Slider   0x08002a9c       0xa0 ./Core/Src/ugfx.o
                0x08002a9c                Slider
 .text._BB_frame
                0x08002b3c       0x2a ./Core/Src/ugfx.o
 .text._BB_origin
                0x08002b66       0x2a ./Core/Src/ugfx.o
 .text._BB_labelSize
                0x08002b90       0x20 ./Core/Src/ugfx.o
 .text._BB_colors
                0x08002bb0       0x40 ./Core/Src/ugfx.o
 .text._BB_touchMask
                0x08002bf0       0x20 ./Core/Src/ugfx.o
 .text._BB_onTap
                0x08002c10       0x1e ./Core/Src/ugfx.o
 *fill*         0x08002c2e        0x2 
 .text._BB_build
                0x08002c30       0x5c ./Core/Src/ugfx.o
 .text.Button   0x08002c8c       0x98 ./Core/Src/ugfx.o
                0x08002c8c                Button
 .text.UI_DrawBitmap
                0x08002d24       0xee ./Core/Src/ui_gfx.o
                0x08002d24                UI_DrawBitmap
 *fill*         0x08002e12        0x2 
 .text._SPI_SetPrescaler
                0x08002e14       0x6c ./Core/Src/xpt2046.o
 .text._TOUCH_CS_Assert
                0x08002e80       0x18 ./Core/Src/xpt2046.o
 .text._TOUCH_CS_Deassert
                0x08002e98       0x18 ./Core/Src/xpt2046.o
 .text._ReadChannel
                0x08002eb0       0x60 ./Core/Src/xpt2046.o
 .text._SampleAvg
                0x08002f10       0x40 ./Core/Src/xpt2046.o
 .text.XPT2046_Init
                0x08002f50       0x3c ./Core/Src/xpt2046.o
                0x08002f50                XPT2046_Init
 .text.XPT2046_GetTouchRaw
                0x08002f8c       0xa6 ./Core/Src/xpt2046.o
                0x08002f8c                XPT2046_GetTouchRaw
 *fill*         0x08003032        0x2 
 .text.XPT2046_GetTouchPixel
                0x08003034      0x1a0 ./Core/Src/xpt2046.o
                0x08003034                XPT2046_GetTouchPixel
 .text.Reset_Handler
                0x080031d4       0x50 ./Core/Startup/startup_stm32f429zgtx.o
                0x080031d4                Reset_Handler
 .text.Default_Handler
                0x08003224        0x2 ./Core/Startup/startup_stm32f429zgtx.o
                0x08003224                DMA1_Stream3_IRQHandler
                0x08003224                HASH_RNG_IRQHandler
                0x08003224                EXTI2_IRQHandler
                0x08003224                TIM8_CC_IRQHandler
                0x08003224                UART8_IRQHandler
                0x08003224                SPI4_IRQHandler
                0x08003224                TIM1_CC_IRQHandler
                0x08003224                DMA2_Stream5_IRQHandler
                0x08003224                DMA1_Stream5_IRQHandler
                0x08003224                PVD_IRQHandler
                0x08003224                SDIO_IRQHandler
                0x08003224                TAMP_STAMP_IRQHandler
                0x08003224                CAN2_RX1_IRQHandler
                0x08003224                EXTI3_IRQHandler
                0x08003224                TIM8_TRG_COM_TIM14_IRQHandler
                0x08003224                TIM1_UP_TIM10_IRQHandler
                0x08003224                TIM8_UP_TIM13_IRQHandler
                0x08003224                I2C3_ER_IRQHandler
                0x08003224                EXTI0_IRQHandler
                0x08003224                I2C2_EV_IRQHandler
                0x08003224                DMA1_Stream2_IRQHandler
                0x08003224                CAN1_RX0_IRQHandler
                0x08003224                FPU_IRQHandler
                0x08003224                OTG_HS_WKUP_IRQHandler
                0x08003224                LTDC_ER_IRQHandler
                0x08003224                CAN2_SCE_IRQHandler
                0x08003224                DMA2_Stream2_IRQHandler
                0x08003224                SPI1_IRQHandler
                0x08003224                TIM6_DAC_IRQHandler
                0x08003224                TIM1_BRK_TIM9_IRQHandler
                0x08003224                DCMI_IRQHandler
                0x08003224                CAN2_RX0_IRQHandler
                0x08003224                DMA2_Stream3_IRQHandler
                0x08003224                USART6_IRQHandler
                0x08003224                USART3_IRQHandler
                0x08003224                CAN1_RX1_IRQHandler
                0x08003224                UART5_IRQHandler
                0x08003224                DMA2_Stream0_IRQHandler
                0x08003224                TIM4_IRQHandler
                0x08003224                I2C1_EV_IRQHandler
                0x08003224                DMA1_Stream6_IRQHandler
                0x08003224                DMA1_Stream1_IRQHandler
                0x08003224                UART4_IRQHandler
                0x08003224                TIM3_IRQHandler
                0x08003224                RCC_IRQHandler
                0x08003224                TIM8_BRK_TIM12_IRQHandler
                0x08003224                Default_Handler
                0x08003224                EXTI15_10_IRQHandler
                0x08003224                ADC_IRQHandler
                0x08003224                DMA1_Stream7_IRQHandler
                0x08003224                SPI5_IRQHandler
                0x08003224                TIM7_IRQHandler
                0x08003224                CAN2_TX_IRQHandler
                0x08003224                TIM5_IRQHandler
                0x08003224                DMA2_Stream7_IRQHandler
                0x08003224                I2C3_EV_IRQHandler
                0x08003224                EXTI9_5_IRQHandler
                0x08003224                RTC_WKUP_IRQHandler
                0x08003224                LTDC_IRQHandler
                0x08003224                ETH_WKUP_IRQHandler
                0x08003224                SPI2_IRQHandler
                0x08003224                OTG_HS_EP1_IN_IRQHandler
                0x08003224                DMA1_Stream0_IRQHandler
                0x08003224                CAN1_TX_IRQHandler
                0x08003224                EXTI4_IRQHandler
                0x08003224                ETH_IRQHandler
                0x08003224                OTG_HS_EP1_OUT_IRQHandler
                0x08003224                WWDG_IRQHandler
                0x08003224                SPI6_IRQHandler
                0x08003224                TIM2_IRQHandler
                0x08003224                OTG_FS_WKUP_IRQHandler
                0x08003224                TIM1_TRG_COM_TIM11_IRQHandler
                0x08003224                OTG_HS_IRQHandler
                0x08003224                DMA2D_IRQHandler
                0x08003224                EXTI1_IRQHandler
                0x08003224                UART7_IRQHandler
                0x08003224                USART2_IRQHandler
                0x08003224                I2C2_ER_IRQHandler
                0x08003224                DMA2_Stream1_IRQHandler
                0x08003224                CAN1_SCE_IRQHandler
                0x08003224                FLASH_IRQHandler
                0x08003224                DMA2_Stream4_IRQHandler
                0x08003224                USART1_IRQHandler
                0x08003224                OTG_FS_IRQHandler
                0x08003224                SPI3_IRQHandler
                0x08003224                DMA1_Stream4_IRQHandler
                0x08003224                I2C1_ER_IRQHandler
                0x08003224                FMC_IRQHandler
                0x08003224                DMA2_Stream6_IRQHandler
                0x08003224                SAI1_IRQHandler
                0x08003224                RTC_Alarm_IRQHandler
 *fill*         0x08003226        0x2 
 .text.HAL_Init
                0x08003228       0x44 ./Drivers/STM32F4xx_HAL_Driver/Src/stm32f4xx_hal.o
                0x08003228                HAL_Init
 .text.HAL_InitTick
                0x0800326c       0x60 ./Drivers/STM32F4xx_HAL_Driver/Src/stm32f4xx_hal.o
                0x0800326c                HAL_InitTick
 .text.HAL_IncTick
                0x080032cc       0x28 ./Drivers/STM32F4xx_HAL_Driver/Src/stm32f4xx_hal.o
                0x080032cc                HAL_IncTick
 .text.HAL_GetTick
                0x080032f4       0x18 ./Drivers/STM32F4xx_HAL_Driver/Src/stm32f4xx_hal.o
                0x080032f4                HAL_GetTick
 .text.HAL_Delay
                0x0800330c       0x48 ./Drivers/STM32F4xx_HAL_Driver/Src/stm32f4xx_hal.o
                0x0800330c                HAL_Delay
 .text.__NVIC_SetPriorityGrouping
                0x08003354       0x48 ./Drivers/STM32F4xx_HAL_Driver/Src/stm32f4xx_hal_cortex.o
 .text.__NVIC_GetPriorityGrouping
                0x0800339c       0x1c ./Drivers/STM32F4xx_HAL_Driver/Src/stm32f4xx_hal_cortex.o
 .text.__NVIC_SetPriority
                0x080033b8       0x54 ./Drivers/STM32F4xx_HAL_Driver/Src/stm32f4xx_hal_cortex.o
 .text.NVIC_EncodePriority
                0x0800340c       0x66 ./Drivers/STM32F4xx_HAL_Driver/Src/stm32f4xx_hal_cortex.o
 *fill*         0x08003472        0x2 
 .text.SysTick_Config
                0x08003474       0x44 ./Drivers/STM32F4xx_HAL_Driver/Src/stm32f4xx_hal_cortex.o
 .text.HAL_NVIC_SetPriorityGrouping
                0x080034b8       0x16 ./Drivers/STM32F4xx_HAL_Driver/Src/stm32f4xx_hal_cortex.o
                0x080034b8                HAL_NVIC_SetPriorityGrouping
 .text.HAL_NVIC_SetPriority
                0x080034ce       0x38 ./Drivers/STM32F4xx_HAL_Driver/Src/stm32f4xx_hal_cortex.o
                0x080034ce                HAL_NVIC_SetPriority
 .text.HAL_SYSTICK_Config
                0x08003506       0x18 ./Drivers/STM32F4xx_HAL_Driver/Src/stm32f4xx_hal_cortex.o
                0x08003506                HAL_SYSTICK_Config
 *fill*         0x0800351e        0x2 
 .text.HAL_GPIO_Init
                0x08003520      0x358 ./Drivers/STM32F4xx_HAL_Driver/Src/stm32f4xx_hal_gpio.o
                0x08003520                HAL_GPIO_Init
 .text.HAL_GPIO_WritePin
                0x08003878       0x32 ./Drivers/STM32F4xx_HAL_Driver/Src/stm32f4xx_hal_gpio.o
                0x08003878                HAL_GPIO_WritePin
 *fill*         0x080038aa        0x2 
 .text.HAL_PWREx_EnableOverDrive
                0x080038ac       0xa0 ./Drivers/STM32F4xx_HAL_Driver/Src/stm32f4xx_hal_pwr_ex.o
                0x080038ac                HAL_PWREx_EnableOverDrive
 .text.HAL_RCC_OscConfig
                0x0800394c      0x4f0 ./Drivers/STM32F4xx_HAL_Driver/Src/stm32f4xx_hal_rcc.o
                0x0800394c                HAL_RCC_OscConfig
 .text.HAL_RCC_ClockConfig
                0x08003e3c      0x1cc ./Drivers/STM32F4xx_HAL_Driver/Src/stm32f4xx_hal_rcc.o
                0x08003e3c                HAL_RCC_ClockConfig
 .text.HAL_RCC_GetSysClockFreq
                0x08004008      0x188 ./Drivers/STM32F4xx_HAL_Driver/Src/stm32f4xx_hal_rcc.o
                0x08004008                HAL_RCC_GetSysClockFreq
 .text.HAL_SPI_Init
                0x08004190      0x112 ./Drivers/STM32F4xx_HAL_Driver/Src/stm32f4xx_hal_spi.o
                0x08004190                HAL_SPI_Init
 .text.HAL_SPI_Transmit
                0x080042a2      0x288 ./Drivers/STM32F4xx_HAL_Driver/Src/stm32f4xx_hal_spi.o
                0x080042a2                HAL_SPI_Transmit
 .text.HAL_SPI_TransmitReceive
                0x0800452a      0x352 ./Drivers/STM32F4xx_HAL_Driver/Src/stm32f4xx_hal_spi.o
                0x0800452a                HAL_SPI_TransmitReceive
 .text.SPI_WaitFlagStateUntilTimeout
                0x0800487c      0x110 ./Drivers/STM32F4xx_HAL_Driver/Src/stm32f4xx_hal_spi.o
 .text.SPI_EndRxTxTransaction
                0x0800498c       0xa8 ./Drivers/STM32F4xx_HAL_Driver/Src/stm32f4xx_hal_spi.o
 .text.snprintf
                0x08004a34       0x6c /Applications/STM32CubeIDE.app/Contents/Eclipse/plugins/com.st.stm32cube.ide.mcu.externaltools.gnu-tools-for-stm32.14.3.rel1.macosaarch64_1.0.0.202602081740/tools/bin/../lib/gcc/arm-none-eabi/14.3.1/../../../../arm-none-eabi/lib/thumb/v7e-m+fp/hard/libc_nano.a(libc_a-snprintf.o)
                0x08004a34                snprintf
                0x08004a34                sniprintf
 .text.memset   0x08004aa0       0x10 /Applications/STM32CubeIDE.app/Contents/Eclipse/plugins/com.st.stm32cube.ide.mcu.externaltools.gnu-tools-for-stm32.14.3.rel1.macosaarch64_1.0.0.202602081740/tools/bin/../lib/gcc/arm-none-eabi/14.3.1/../../../../arm-none-eabi/lib/thumb/v7e-m+fp/hard/libc_nano.a(libc_a-memset.o)
                0x08004aa0                memset
 .text.strncpy  0x08004ab0       0x26 /Applications/STM32CubeIDE.app/Contents/Eclipse/plugins/com.st.stm32cube.ide.mcu.externaltools.gnu-tools-for-stm32.14.3.rel1.macosaarch64_1.0.0.202602081740/tools/bin/../lib/gcc/arm-none-eabi/14.3.1/../../../../arm-none-eabi/lib/thumb/v7e-m+fp/hard/libc_nano.a(libc_a-strncpy.o)
                0x08004ab0                strncpy
 *fill*         0x08004ad6        0x2 
 .text.__errno  0x08004ad8        0xc /Applications/STM32CubeIDE.app/Contents/Eclipse/plugins/com.st.stm32cube.ide.mcu.externaltools.gnu-tools-for-stm32.14.3.rel1.macosaarch64_1.0.0.202602081740/tools/bin/../lib/gcc/arm-none-eabi/14.3.1/../../../../arm-none-eabi/lib/thumb/v7e-m+fp/hard/libc_nano.a(libc_a-errno.o)
                0x08004ad8                __errno
 .text.__libc_init_array
                0x08004ae4       0x48 /Applications/STM32CubeIDE.app/Contents/Eclipse/plugins/com.st.stm32cube.ide.mcu.externaltools.gnu-tools-for-stm32.14.3.rel1.macosaarch64_1.0.0.202602081740/tools/bin/../lib/gcc/arm-none-eabi/14.3.1/../../../../arm-none-eabi/lib/thumb/v7e-m+fp/hard/libc_nano.a(libc_a-init.o)
                0x08004ae4                __libc_init_array
 .text.__retarget_lock_acquire_recursive
                0x08004b2c        0x2 /Applications/STM32CubeIDE.app/Contents/Eclipse/plugins/com.st.stm32cube.ide.mcu.externaltools.gnu-tools-for-stm32.14.3.rel1.macosaarch64_1.0.0.202602081740/tools/bin/../lib/gcc/arm-none-eabi/14.3.1/../../../../arm-none-eabi/lib/thumb/v7e-m+fp/hard/libc_nano.a(libc_a-lock.o)
                0x08004b2c                __retarget_lock_acquire_recursive
 .text.__retarget_lock_release_recursive
                0x08004b2e        0x2 /Applications/STM32CubeIDE.app/Contents/Eclipse/plugins/com.st.stm32cube.ide.mcu.externaltools.gnu-tools-for-stm32.14.3.rel1.macosaarch64_1.0.0.202602081740/tools/bin/../lib/gcc/arm-none-eabi/14.3.1/../../../../arm-none-eabi/lib/thumb/v7e-m+fp/hard/libc_nano.a(libc_a-lock.o)
                0x08004b2e                __retarget_lock_release_recursive
 .text.memcpy   0x08004b30       0x1c /Applications/STM32CubeIDE.app/Contents/Eclipse/plugins/com.st.stm32cube.ide.mcu.externaltools.gnu-tools-for-stm32.14.3.rel1.macosaarch64_1.0.0.202602081740/tools/bin/../lib/gcc/arm-none-eabi/14.3.1/../../../../arm-none-eabi/lib/thumb/v7e-m+fp/hard/libc_nano.a(libc_a-memcpy-stub.o)
                0x08004b30                memcpy
 .text.__ssputs_r
                0x08004b4c       0xc0 /Applications/STM32CubeIDE.app/Contents/Eclipse/plugins/com.st.stm32cube.ide.mcu.externaltools.gnu-tools-for-stm32.14.3.rel1.macosaarch64_1.0.0.202602081740/tools/bin/../lib/gcc/arm-none-eabi/14.3.1/../../../../arm-none-eabi/lib/thumb/v7e-m+fp/hard/libc_nano.a(libc_a-nano-svfprintf.o)
                0x08004b4c                __ssputs_r
 .text._svfprintf_r
                0x08004c0c      0x1f0 /Applications/STM32CubeIDE.app/Contents/Eclipse/plugins/com.st.stm32cube.ide.mcu.externaltools.gnu-tools-for-stm32.14.3.rel1.macosaarch64_1.0.0.202602081740/tools/bin/../lib/gcc/arm-none-eabi/14.3.1/../../../../arm-none-eabi/lib/thumb/v7e-m+fp/hard/libc_nano.a(libc_a-nano-svfprintf.o)
                0x08004c0c                _svfprintf_r
                0x08004c0c                _svfiprintf_r
 .text.sbrk_aligned
                0x08004dfc       0x44 /Applications/STM32CubeIDE.app/Contents/Eclipse/plugins/com.st.stm32cube.ide.mcu.externaltools.gnu-tools-for-stm32.14.3.rel1.macosaarch64_1.0.0.202602081740/tools/bin/../lib/gcc/arm-none-eabi/14.3.1/../../../../arm-none-eabi/lib/thumb/v7e-m+fp/hard/libc_nano.a(libc_a-mallocr.o)
 .text._malloc_r
                0x08004e40      0x100 /Applications/STM32CubeIDE.app/Contents/Eclipse/plugins/com.st.stm32cube.ide.mcu.externaltools.gnu-tools-for-stm32.14.3.rel1.macosaarch64_1.0.0.202602081740/tools/bin/../lib/gcc/arm-none-eabi/14.3.1/../../../../arm-none-eabi/lib/thumb/v7e-m+fp/hard/libc_nano.a(libc_a-mallocr.o)
                0x08004e40                _malloc_r
 .text._printf_common
                0x08004f40       0xda /Applications/STM32CubeIDE.app/Contents/Eclipse/plugins/com.st.stm32cube.ide.mcu.externaltools.gnu-tools-for-stm32.14.3.rel1.macosaarch64_1.0.0.202602081740/tools/bin/../lib/gcc/arm-none-eabi/14.3.1/../../../../arm-none-eabi/lib/thumb/v7e-m+fp/hard/libc_nano.a(libc_a-nano-vfprintf_i.o)
                0x08004f40                _printf_common
 *fill*         0x0800501a        0x2 
 .text._printf_i
                0x0800501c      0x24c /Applications/STM32CubeIDE.app/Contents/Eclipse/plugins/com.st.stm32cube.ide.mcu.externaltools.gnu-tools-for-stm32.14.3.rel1.macosaarch64_1.0.0.202602081740/tools/bin/../lib/gcc/arm-none-eabi/14.3.1/../../../../arm-none-eabi/lib/thumb/v7e-m+fp/hard/libc_nano.a(libc_a-nano-vfprintf_i.o)
                0x0800501c                _printf_i
 .text.__malloc_lock
                0x08005268        0xc /Applications/STM32CubeIDE.app/Contents/Eclipse/plugins/com.st.stm32cube.ide.mcu.externaltools.gnu-tools-for-stm32.14.3.rel1.macosaarch64_1.0.0.202602081740/tools/bin/../lib/gcc/arm-none-eabi/14.3.1/../../../../arm-none-eabi/lib/thumb/v7e-m+fp/hard/libc_nano.a(libc_a-mlock.o)
                0x08005268                __malloc_lock
 .text.__malloc_unlock
                0x08005274        0xc /Applications/STM32CubeIDE.app/Contents/Eclipse/plugins/com.st.stm32cube.ide.mcu.externaltools.gnu-tools-for-stm32.14.3.rel1.macosaarch64_1.0.0.202602081740/tools/bin/../lib/gcc/arm-none-eabi/14.3.1/../../../../arm-none-eabi/lib/thumb/v7e-m+fp/hard/libc_nano.a(libc_a-mlock.o)
                0x08005274                __malloc_unlock
 .text._realloc_r
                0x08005280       0x5c /Applications/STM32CubeIDE.app/Contents/Eclipse/plugins/com.st.stm32cube.ide.mcu.externaltools.gnu-tools-for-stm32.14.3.rel1.macosaarch64_1.0.0.202602081740/tools/bin/../lib/gcc/arm-none-eabi/14.3.1/../../../../arm-none-eabi/lib/thumb/v7e-m+fp/hard/libc_nano.a(libc_a-reallocr.o)
                0x08005280                _realloc_r
 .text.memmove  0x080052dc       0x32 /Applications/STM32CubeIDE.app/Contents/Eclipse/plugins/com.st.stm32cube.ide.mcu.externaltools.gnu-tools-for-stm32.14.3.rel1.macosaarch64_1.0.0.202602081740/tools/bin/../lib/gcc/arm-none-eabi/14.3.1/../../../../arm-none-eabi/lib/thumb/v7e-m+fp/hard/libc_nano.a(libc_a-memmove.o)
                0x080052dc                memmove
 *fill*         0x0800530e        0x2 
 .text._sbrk_r  0x08005310       0x20 /Applications/STM32CubeIDE.app/Contents/Eclipse/plugins/com.st.stm32cube.ide.mcu.externaltools.gnu-tools-for-stm32.14.3.rel1.macosaarch64_1.0.0.202602081740/tools/bin/../lib/gcc/arm-none-eabi/14.3.1/../../../../arm-none-eabi/lib/thumb/v7e-m+fp/hard/libc_nano.a(libc_a-sbrkr.o)
                0x08005310                _sbrk_r
 .text._free_r  0x08005330       0x94 /Applications/STM32CubeIDE.app/Contents/Eclipse/plugins/com.st.stm32cube.ide.mcu.externaltools.gnu-tools-for-stm32.14.3.rel1.macosaarch64_1.0.0.202602081740/tools/bin/../lib/gcc/arm-none-eabi/14.3.1/../../../../arm-none-eabi/lib/thumb/v7e-m+fp/hard/libc_nano.a(libc_a-freer.o)
                0x08005330                _free_r
 .text._malloc_usable_size_r
                0x080053c4       0x10 /Applications/STM32CubeIDE.app/Contents/Eclipse/plugins/com.st.stm32cube.ide.mcu.externaltools.gnu-tools-for-stm32.14.3.rel1.macosaarch64_1.0.0.202602081740/tools/bin/../lib/gcc/arm-none-eabi/14.3.1/../../../../arm-none-eabi/lib/thumb/v7e-m+fp/hard/libc_nano.a(libc_a-msizer.o)
                0x080053c4                _malloc_usable_size_r
 *(.glue_7)
 .glue_7        0x080053d4        0x0 linker stubs
 *(.glue_7t)
 .glue_7t       0x080053d4        0x0 linker stubs
 *(.eh_frame)
 .eh_frame      0x080053d4        0x0 /Applications/STM32CubeIDE.app/Contents/Eclipse/plugins/com.st.stm32cube.ide.mcu.externaltools.gnu-tools-for-stm32.14.3.rel1.macosaarch64_1.0.0.202602081740/tools/bin/../lib/gcc/arm-none-eabi/14.3.1/thumb/v7e-m+fp/hard/crtbegin.o
 *(.init)
 .init          0x080053d4        0x4 /Applications/STM32CubeIDE.app/Contents/Eclipse/plugins/com.st.stm32cube.ide.mcu.externaltools.gnu-tools-for-stm32.14.3.rel1.macosaarch64_1.0.0.202602081740/tools/bin/../lib/gcc/arm-none-eabi/14.3.1/thumb/v7e-m+fp/hard/crti.o
                0x080053d4                _init
 .init          0x080053d8        0x8 /Applications/STM32CubeIDE.app/Contents/Eclipse/plugins/com.st.stm32cube.ide.mcu.externaltools.gnu-tools-for-stm32.14.3.rel1.macosaarch64_1.0.0.202602081740/tools/bin/../lib/gcc/arm-none-eabi/14.3.1/thumb/v7e-m+fp/hard/crtn.o
 *(.fini)
 .fini          0x080053e0        0x4 /Applications/STM32CubeIDE.app/Contents/Eclipse/plugins/com.st.stm32cube.ide.mcu.externaltools.gnu-tools-for-stm32.14.3.rel1.macosaarch64_1.0.0.202602081740/tools/bin/../lib/gcc/arm-none-eabi/14.3.1/thumb/v7e-m+fp/hard/crti.o
                0x080053e0                _fini
 .fini          0x080053e4        0x8 /Applications/STM32CubeIDE.app/Contents/Eclipse/plugins/com.st.stm32cube.ide.mcu.externaltools.gnu-tools-for-stm32.14.3.rel1.macosaarch64_1.0.0.202602081740/tools/bin/../lib/gcc/arm-none-eabi/14.3.1/thumb/v7e-m+fp/hard/crtn.o
                0x080053ec                        . = ALIGN (0x4)
                0x080053ec                        _etext = .

.vfp11_veneer   0x080053ec        0x0
 .vfp11_veneer  0x080053ec        0x0 linker stubs

.v4_bx          0x080053ec        0x0
 .v4_bx         0x080053ec        0x0 linker stubs

.iplt           0x080053ec        0x0
 .iplt          0x080053ec        0x0 /Applications/STM32CubeIDE.app/Contents/Eclipse/plugins/com.st.stm32cube.ide.mcu.externaltools.gnu-tools-for-stm32.14.3.rel1.macosaarch64_1.0.0.202602081740/tools/bin/../lib/gcc/arm-none-eabi/14.3.1/thumb/v7e-m+fp/hard/crtbegin.o

.rodata         0x080053ec      0x2a4
                0x080053ec                        . = ALIGN (0x4)
 *(.rodata)
 .rodata        0x080053ec       0x4c ./Core/Src/main.o
 *(.rodata*)
 .rodata._font5x7
                0x08005438      0x1c7 ./Core/Src/ili9488.o
 *fill*         0x080055ff        0x1 
 .rodata.p.12   0x08005600        0xf ./Core/Src/ili9488.o
 *fill*         0x0800560f        0x1 
 .rodata.p.11   0x08005610        0xf ./Core/Src/ili9488.o
 *fill*         0x0800561f        0x1 
 .rodata.p.10   0x08005620        0x2 ./Core/Src/ili9488.o
 *fill*         0x08005622        0x2 
 .rodata.p.9    0x08005624        0x1 ./Core/Src/ili9488.o
 *fill*         0x08005625        0x3 
 .rodata.p.8    0x08005628        0x3 ./Core/Src/ili9488.o
 *fill*         0x0800562b        0x1 
 .rodata.p.7    0x0800562c        0x1 ./Core/Src/ili9488.o
 *fill*         0x0800562d        0x3 
 .rodata.p.6    0x08005630        0x1 ./Core/Src/ili9488.o
 *fill*         0x08005631        0x3 
 .rodata.p.5    0x08005634        0x1 ./Core/Src/ili9488.o
 *fill*         0x08005635        0x3 
 .rodata.p.4    0x08005638        0x1 ./Core/Src/ili9488.o
 *fill*         0x08005639        0x3 
 .rodata.p.3    0x0800563c        0x1 ./Core/Src/ili9488.o
 *fill*         0x0800563d        0x3 
 .rodata.p.2    0x08005640        0x3 ./Core/Src/ili9488.o
 *fill*         0x08005643        0x1 
 .rodata.p.1    0x08005644        0x1 ./Core/Src/ili9488.o
 *fill*         0x08005645        0x3 
 .rodata.p.0    0x08005648        0x4 ./Core/Src/ili9488.o
 .rodata.AHBPrescTable
                0x0800564c       0x10 ./Core/Src/system_stm32f4xx.o
                0x0800564c                AHBPrescTable
 .rodata._svfprintf_r.str1.1
                0x0800565c       0x33 /Applications/STM32CubeIDE.app/Contents/Eclipse/plugins/com.st.stm32cube.ide.mcu.externaltools.gnu-tools-for-stm32.14.3.rel1.macosaarch64_1.0.0.202602081740/tools/bin/../lib/gcc/arm-none-eabi/14.3.1/../../../../arm-none-eabi/lib/thumb/v7e-m+fp/hard/libc_nano.a(libc_a-nano-svfprintf.o)
                                 0x11 (size before relaxing)
 .rodata._printf_i.str1.1
                0x0800568f       0x22 /Applications/STM32CubeIDE.app/Contents/Eclipse/plugins/com.st.stm32cube.ide.mcu.externaltools.gnu-tools-for-stm32.14.3.rel1.macosaarch64_1.0.0.202602081740/tools/bin/../lib/gcc/arm-none-eabi/14.3.1/../../../../arm-none-eabi/lib/thumb/v7e-m+fp/hard/libc_nano.a(libc_a-nano-vfprintf_i.o)
                0x080056b4                        . = ALIGN (0x4)
 *fill*         0x0800568f        0x1 

.ARM.extab      0x08005690        0x0
                0x08005690                        . = ALIGN (0x4)
 *(.ARM.extab* .gnu.linkonce.armextab.*)
                0x08005690                        . = ALIGN (0x4)

.ARM            0x08005690        0x8
                0x08005690                        . = ALIGN (0x4)
                0x08005690                        __exidx_start = .
 *(.ARM.exidx*)
 .ARM.exidx     0x08005690        0x8 /Applications/STM32CubeIDE.app/Contents/Eclipse/plugins/com.st.stm32cube.ide.mcu.externaltools.gnu-tools-for-stm32.14.3.rel1.macosaarch64_1.0.0.202602081740/tools/bin/../lib/gcc/arm-none-eabi/14.3.1/../../../../arm-none-eabi/lib/thumb/v7e-m+fp/hard/libc_nano.a(libc_a-strlen.o)
 .ARM.exidx     0x08005698        0x0 /Applications/STM32CubeIDE.app/Contents/Eclipse/plugins/com.st.stm32cube.ide.mcu.externaltools.gnu-tools-for-stm32.14.3.rel1.macosaarch64_1.0.0.202602081740/tools/bin/../lib/gcc/arm-none-eabi/14.3.1/../../../../arm-none-eabi/lib/thumb/v7e-m+fp/hard/libc_nano.a(libc_a-memchr.o)
                                  0x8 (size before relaxing)
 .ARM.exidx     0x08005698        0x0 /Applications/STM32CubeIDE.app/Contents/Eclipse/plugins/com.st.stm32cube.ide.mcu.externaltools.gnu-tools-for-stm32.14.3.rel1.macosaarch64_1.0.0.202602081740/tools/bin/../lib/gcc/arm-none-eabi/14.3.1/thumb/v7e-m+fp/hard/libgcc.a(_udivmoddi4.o)
                                  0x8 (size before relaxing)
                0x08005698                        __exidx_end = .
                0x08005698                        . = ALIGN (0x4)

.preinit_array  0x08005698        0x0
                0x08005698                        . = ALIGN (0x4)
                0x08005698                        PROVIDE (__preinit_array_start = .)
 *(.preinit_array*)
                0x08005698                        PROVIDE (__preinit_array_end = .)
                0x08005698                        . = ALIGN (0x4)

.init_array     0x08005698        0x4
                0x08005698                        . = ALIGN (0x4)
                0x08005698                        PROVIDE (__init_array_start = .)
 *(SORT_BY_NAME(.init_array.*))
 *(.init_array*)
 .init_array    0x08005698        0x4 /Applications/STM32CubeIDE.app/Contents/Eclipse/plugins/com.st.stm32cube.ide.mcu.externaltools.gnu-tools-for-stm32.14.3.rel1.macosaarch64_1.0.0.202602081740/tools/bin/../lib/gcc/arm-none-eabi/14.3.1/thumb/v7e-m+fp/hard/crtbegin.o
                0x0800569c                        PROVIDE (__init_array_end = .)
                0x0800569c                        . = ALIGN (0x4)

.fini_array     0x0800569c        0x4
                0x0800569c                        . = ALIGN (0x4)
                [!provide]                        PROVIDE (__fini_array_start = .)
 *(SORT_BY_NAME(.fini_array.*))
 *(.fini_array*)
 .fini_array    0x0800569c        0x4 /Applications/STM32CubeIDE.app/Contents/Eclipse/plugins/com.st.stm32cube.ide.mcu.externaltools.gnu-tools-for-stm32.14.3.rel1.macosaarch64_1.0.0.202602081740/tools/bin/../lib/gcc/arm-none-eabi/14.3.1/thumb/v7e-m+fp/hard/crtbegin.o
                [!provide]                        PROVIDE (__fini_array_end = .)
                0x080056a0                        . = ALIGN (0x4)
                0x080056a0                        _sidata = LOADADDR (.data)

.rel.dyn        0x080056a0        0x0
 .rel.iplt      0x080056a0        0x0 /Applications/STM32CubeIDE.app/Contents/Eclipse/plugins/com.st.stm32cube.ide.mcu.externaltools.gnu-tools-for-stm32.14.3.rel1.macosaarch64_1.0.0.202602081740/tools/bin/../lib/gcc/arm-none-eabi/14.3.1/thumb/v7e-m+fp/hard/crtbegin.o

.data           0x20000000       0x60 load address 0x080056a0
                0x20000000                        . = ALIGN (0x4)
                0x20000000                        _sdata = .
 *(.data)
 *(.data*)
 .data._width   0x20000000        0x2 ./Core/Src/ili9488.o
 .data._height  0x20000002        0x2 ./Core/Src/ili9488.o
 .data.SystemCoreClock
                0x20000004        0x4 ./Core/Src/system_stm32f4xx.o
                0x20000004                SystemCoreClock
 .data.uwTickPrio
                0x20000008        0x4 ./Drivers/STM32F4xx_HAL_Driver/Src/stm32f4xx_hal.o
                0x20000008                uwTickPrio
 .data.uwTickFreq
                0x2000000c        0x1 ./Drivers/STM32F4xx_HAL_Driver/Src/stm32f4xx_hal.o
                0x2000000c                uwTickFreq
 *fill*         0x2000000d        0x3 
 .data._impure_ptr
                0x20000010        0x4 /Applications/STM32CubeIDE.app/Contents/Eclipse/plugins/com.st.stm32cube.ide.mcu.externaltools.gnu-tools-for-stm32.14.3.rel1.macosaarch64_1.0.0.202602081740/tools/bin/../lib/gcc/arm-none-eabi/14.3.1/../../../../arm-none-eabi/lib/thumb/v7e-m+fp/hard/libc_nano.a(libc_a-impure.o)
                0x20000010                _impure_ptr
 .data._impure_data
                0x20000014       0x4c /Applications/STM32CubeIDE.app/Contents/Eclipse/plugins/com.st.stm32cube.ide.mcu.externaltools.gnu-tools-for-stm32.14.3.rel1.macosaarch64_1.0.0.202602081740/tools/bin/../lib/gcc/arm-none-eabi/14.3.1/../../../../arm-none-eabi/lib/thumb/v7e-m+fp/hard/libc_nano.a(libc_a-impure.o)
                0x20000014                _impure_data
 *(.RamFunc)
 *(.RamFunc*)
                0x20000060                        . = ALIGN (0x4)
                0x20000060                        _edata = .
                0x08005700                        _siccmram = LOADADDR (.ccmram)

.igot.plt       0x20000060        0x0 load address 0x08005700
 .igot.plt      0x20000060        0x0 /Applications/STM32CubeIDE.app/Contents/Eclipse/plugins/com.st.stm32cube.ide.mcu.externaltools.gnu-tools-for-stm32.14.3.rel1.macosaarch64_1.0.0.202602081740/tools/bin/../lib/gcc/arm-none-eabi/14.3.1/thumb/v7e-m+fp/hard/crtbegin.o

.ccmram         0x10000000        0x0 load address 0x08005700
                0x10000000                        . = ALIGN (0x4)
                0x10000000                        _sccmram = .
 *(.ccmram)
 *(.ccmram*)
                0x10000000                        . = ALIGN (0x4)
                0x10000000                        _eccmram = .
                0x10000000                        . = ALIGN (0x4)

.bss            0x20000060      0x6f0
                0x20000060                        _sbss = .
                0x20000060                        __bss_start__ = _sbss
 *(.bss)
 .bss           0x20000060       0x1c /Applications/STM32CubeIDE.app/Contents/Eclipse/plugins/com.st.stm32cube.ide.mcu.externaltools.gnu-tools-for-stm32.14.3.rel1.macosaarch64_1.0.0.202602081740/tools/bin/../lib/gcc/arm-none-eabi/14.3.1/thumb/v7e-m+fp/hard/crtbegin.o
 *(.bss*)
 .bss._hspi     0x2000007c        0x4 ./Core/Src/ili9488.o
 .bss.hspi1     0x20000080       0x58 ./Core/Src/main.o
                0x20000080                hspi1
 .bss.msg       0x200000d8       0x40 ./Core/Src/main.o
 .bss.g_sliderR
                0x20000118        0x4 ./Core/Src/main.o
 .bss.g_sliderG
                0x2000011c        0x4 ./Core/Src/main.o
 .bss.g_sliderB
                0x20000120        0x4 ./Core/Src/main.o
 .bss.g_label   0x20000124        0x4 ./Core/Src/main.o
 .bss.atest     0x20000128        0x4 ./Core/Src/main.o
                0x20000128                atest
 .bss.btest     0x2000012c        0x4 ./Core/Src/main.o
                0x2000012c                btest
 .bss.ctest     0x20000130        0x4 ./Core/Src/main.o
                0x20000130                ctest
 .bss.test      0x20000134        0x4 ./Core/Src/main.o
                0x20000134                test
 .bss.__sbrk_heap_end
                0x20000138        0x4 ./Core/Src/sysmem.o
 .bss._sliders  0x2000013c      0x140 ./Core/Src/ugfx.o
 .bss._buttons  0x2000027c      0x100 ./Core/Src/ugfx.o
 .bss._icons    0x2000037c       0x80 ./Core/Src/ugfx.o
 .bss._labels   0x200003fc      0x160 ./Core/Src/ugfx.o
 .bss._n_sliders
                0x2000055c        0x1 ./Core/Src/ugfx.o
 .bss._n_buttons
                0x2000055d        0x1 ./Core/Src/ugfx.o
 .bss._n_icons  0x2000055e        0x1 ./Core/Src/ugfx.o
 .bss._n_labels
                0x2000055f        0x1 ./Core/Src/ugfx.o
 .bss._sb       0x20000560       0x44 ./Core/Src/ugfx.o
 .bss._bb       0x200005a4       0x3c ./Core/Src/ugfx.o
 .bss._rotation
                0x200005e0        0x1 ./Core/Src/ugfx.o
 .bss._was_touched
                0x200005e1        0x1 ./Core/Src/ugfx.o
 *fill*         0x200005e2        0x2 
 .bss._hspi     0x200005e4        0x4 ./Core/Src/xpt2046.o
 .bss._touched  0x200005e8        0x1 ./Core/Src/xpt2046.o
 *fill*         0x200005e9        0x3 
 .bss._calib    0x200005ec       0x18 ./Core/Src/xpt2046.o
 .bss.uwTick    0x20000604        0x4 ./Drivers/STM32F4xx_HAL_Driver/Src/stm32f4xx_hal.o
                0x20000604                uwTick
 .bss.__sf      0x20000608      0x138 /Applications/STM32CubeIDE.app/Contents/Eclipse/plugins/com.st.stm32cube.ide.mcu.externaltools.gnu-tools-for-stm32.14.3.rel1.macosaarch64_1.0.0.202602081740/tools/bin/../lib/gcc/arm-none-eabi/14.3.1/../../../../arm-none-eabi/lib/thumb/v7e-m+fp/hard/libc_nano.a(libc_a-findfp.o)
                0x20000608                __sf
 .bss.__lock___malloc_recursive_mutex
                0x20000740        0x1 /Applications/STM32CubeIDE.app/Contents/Eclipse/plugins/com.st.stm32cube.ide.mcu.externaltools.gnu-tools-for-stm32.14.3.rel1.macosaarch64_1.0.0.202602081740/tools/bin/../lib/gcc/arm-none-eabi/14.3.1/../../../../arm-none-eabi/lib/thumb/v7e-m+fp/hard/libc_nano.a(libc_a-lock.o)
                0x20000740                __lock___malloc_recursive_mutex
 *fill*         0x20000741        0x3 
 .bss.__malloc_sbrk_start
                0x20000744        0x4 /Applications/STM32CubeIDE.app/Contents/Eclipse/plugins/com.st.stm32cube.ide.mcu.externaltools.gnu-tools-for-stm32.14.3.rel1.macosaarch64_1.0.0.202602081740/tools/bin/../lib/gcc/arm-none-eabi/14.3.1/../../../../arm-none-eabi/lib/thumb/v7e-m+fp/hard/libc_nano.a(libc_a-mallocr.o)
                0x20000744                __malloc_sbrk_start
 .bss.__malloc_free_list
                0x20000748        0x4 /Applications/STM32CubeIDE.app/Contents/Eclipse/plugins/com.st.stm32cube.ide.mcu.externaltools.gnu-tools-for-stm32.14.3.rel1.macosaarch64_1.0.0.202602081740/tools/bin/../lib/gcc/arm-none-eabi/14.3.1/../../../../arm-none-eabi/lib/thumb/v7e-m+fp/hard/libc_nano.a(libc_a-mallocr.o)
                0x20000748                __malloc_free_list
 .bss.errno     0x2000074c        0x4 /Applications/STM32CubeIDE.app/Contents/Eclipse/plugins/com.st.stm32cube.ide.mcu.externaltools.gnu-tools-for-stm32.14.3.rel1.macosaarch64_1.0.0.202602081740/tools/bin/../lib/gcc/arm-none-eabi/14.3.1/../../../../arm-none-eabi/lib/thumb/v7e-m+fp/hard/libc_nano.a(libc_a-reent.o)
                0x2000074c                errno
 *(COMMON)
                0x20000750                        . = ALIGN (0x4)
                0x20000750                        _ebss = .
                0x20000750                        __bss_end__ = _ebss

._user_heap_stack
                0x20000750      0x600
                0x20000750                        . = ALIGN (0x8)
                [!provide]                        PROVIDE (end = .)
                0x20000750                        PROVIDE (_end = .)
                0x20000950                        . = (. + _Min_Heap_Size)
 *fill*         0x20000750      0x200 
                0x20000d50                        . = (. + _Min_Stack_Size)
 *fill*         0x20000950      0x400 
                0x20000d50                        . = ALIGN (0x8)

/DISCARD/
 libc.a(*)
 libm.a(*)
 libgcc.a(*)

.ARM.attributes
                0x00000000       0x30
 *(.ARM.attributes)
 .ARM.attributes
                0x00000000       0x22 /Applications/STM32CubeIDE.app/Contents/Eclipse/plugins/com.st.stm32cube.ide.mcu.externaltools.gnu-tools-for-stm32.14.3.rel1.macosaarch64_1.0.0.202602081740/tools/bin/../lib/gcc/arm-none-eabi/14.3.1/thumb/v7e-m+fp/hard/crti.o
 .ARM.attributes
                0x00000022       0x34 /Applications/STM32CubeIDE.app/Contents/Eclipse/plugins/com.st.stm32cube.ide.mcu.externaltools.gnu-tools-for-stm32.14.3.rel1.macosaarch64_1.0.0.202602081740/tools/bin/../lib/gcc/arm-none-eabi/14.3.1/thumb/v7e-m+fp/hard/crtbegin.o
 .ARM.attributes
                0x00000056       0x34 ./Core/Src/ili9488.o
 .ARM.attributes
                0x0000008a       0x34 ./Core/Src/main.o
 .ARM.attributes
                0x000000be       0x34 ./Core/Src/stm32f4xx_hal_msp.o
 .ARM.attributes
                0x000000f2       0x34 ./Core/Src/stm32f4xx_it.o
 .ARM.attributes
                0x00000126       0x34 ./Core/Src/sysmem.o
 .ARM.attributes
                0x0000015a       0x34 ./Core/Src/system_stm32f4xx.o
 .ARM.attributes
                0x0000018e       0x34 ./Core/Src/ugfx.o
 .ARM.attributes
                0x000001c2       0x34 ./Core/Src/ui_gfx.o
 .ARM.attributes
                0x000001f6       0x34 ./Core/Src/xpt2046.o
 .ARM.attributes
                0x0000022a       0x21 ./Core/Startup/startup_stm32f429zgtx.o
 .ARM.attributes
                0x0000024b       0x34 ./Drivers/STM32F4xx_HAL_Driver/Src/stm32f4xx_hal.o
 .ARM.attributes
                0x0000027f       0x34 ./Drivers/STM32F4xx_HAL_Driver/Src/stm32f4xx_hal_cortex.o
 .ARM.attributes
                0x000002b3       0x34 ./Drivers/STM32F4xx_HAL_Driver/Src/stm32f4xx_hal_gpio.o
 .ARM.attributes
                0x000002e7       0x34 ./Drivers/STM32F4xx_HAL_Driver/Src/stm32f4xx_hal_pwr_ex.o
 .ARM.attributes
                0x0000031b       0x34 ./Drivers/STM32F4xx_HAL_Driver/Src/stm32f4xx_hal_rcc.o
 .ARM.attributes
                0x0000034f       0x34 ./Drivers/STM32F4xx_HAL_Driver/Src/stm32f4xx_hal_spi.o
 .ARM.attributes
                0x00000383       0x34 /Applications/STM32CubeIDE.app/Contents/Eclipse/plugins/com.st.stm32cube.ide.mcu.externaltools.gnu-tools-for-stm32.14.3.rel1.macosaarch64_1.0.0.202602081740/tools/bin/../lib/gcc/arm-none-eabi/14.3.1/../../../../arm-none-eabi/lib/thumb/v7e-m+fp/hard/libc_nano.a(libc_a-snprintf.o)
 .ARM.attributes
                0x000003b7       0x34 /Applications/STM32CubeIDE.app/Contents/Eclipse/plugins/com.st.stm32cube.ide.mcu.externaltools.gnu-tools-for-stm32.14.3.rel1.macosaarch64_1.0.0.202602081740/tools/bin/../lib/gcc/arm-none-eabi/14.3.1/../../../../arm-none-eabi/lib/thumb/v7e-m+fp/hard/libc_nano.a(libc_a-findfp.o)
 .ARM.attributes
                0x000003eb       0x34 /Applications/STM32CubeIDE.app/Contents/Eclipse/plugins/com.st.stm32cube.ide.mcu.externaltools.gnu-tools-for-stm32.14.3.rel1.macosaarch64_1.0.0.202602081740/tools/bin/../lib/gcc/arm-none-eabi/14.3.1/../../../../arm-none-eabi/lib/thumb/v7e-m+fp/hard/libc_nano.a(libc_a-memset.o)
 .ARM.attributes
                0x0000041f       0x34 /Applications/STM32CubeIDE.app/Contents/Eclipse/plugins/com.st.stm32cube.ide.mcu.externaltools.gnu-tools-for-stm32.14.3.rel1.macosaarch64_1.0.0.202602081740/tools/bin/../lib/gcc/arm-none-eabi/14.3.1/../../../../arm-none-eabi/lib/thumb/v7e-m+fp/hard/libc_nano.a(libc_a-strncpy.o)
 .ARM.attributes
                0x00000453       0x34 /Applications/STM32CubeIDE.app/Contents/Eclipse/plugins/com.st.stm32cube.ide.mcu.externaltools.gnu-tools-for-stm32.14.3.rel1.macosaarch64_1.0.0.202602081740/tools/bin/../lib/gcc/arm-none-eabi/14.3.1/../../../../arm-none-eabi/lib/thumb/v7e-m+fp/hard/libc_nano.a(libc_a-errno.o)
 .ARM.attributes
                0x00000487       0x34 /Applications/STM32CubeIDE.app/Contents/Eclipse/plugins/com.st.stm32cube.ide.mcu.externaltools.gnu-tools-for-stm32.14.3.rel1.macosaarch64_1.0.0.202602081740/tools/bin/../lib/gcc/arm-none-eabi/14.3.1/../../../../arm-none-eabi/lib/thumb/v7e-m+fp/hard/libc_nano.a(libc_a-init.o)
 .ARM.attributes
                0x000004bb       0x34 /Applications/STM32CubeIDE.app/Contents/Eclipse/plugins/com.st.stm32cube.ide.mcu.externaltools.gnu-tools-for-stm32.14.3.rel1.macosaarch64_1.0.0.202602081740/tools/bin/../lib/gcc/arm-none-eabi/14.3.1/../../../../arm-none-eabi/lib/thumb/v7e-m+fp/hard/libc_nano.a(libc_a-lock.o)
 .ARM.attributes
                0x000004ef       0x34 /Applications/STM32CubeIDE.app/Contents/Eclipse/plugins/com.st.stm32cube.ide.mcu.externaltools.gnu-tools-for-stm32.14.3.rel1.macosaarch64_1.0.0.202602081740/tools/bin/../lib/gcc/arm-none-eabi/14.3.1/../../../../arm-none-eabi/lib/thumb/v7e-m+fp/hard/libc_nano.a(libc_a-impure.o)
 .ARM.attributes
                0x00000523       0x34 /Applications/STM32CubeIDE.app/Contents/Eclipse/plugins/com.st.stm32cube.ide.mcu.externaltools.gnu-tools-for-stm32.14.3.rel1.macosaarch64_1.0.0.202602081740/tools/bin/../lib/gcc/arm-none-eabi/14.3.1/../../../../arm-none-eabi/lib/thumb/v7e-m+fp/hard/libc_nano.a(libc_a-memcpy-stub.o)
 .ARM.attributes
                0x00000557       0x17 /Applications/STM32CubeIDE.app/Contents/Eclipse/plugins/com.st.stm32cube.ide.mcu.externaltools.gnu-tools-for-stm32.14.3.rel1.macosaarch64_1.0.0.202602081740/tools/bin/../lib/gcc/arm-none-eabi/14.3.1/../../../../arm-none-eabi/lib/thumb/v7e-m+fp/hard/libc_nano.a(libc_a-strlen.o)
 .ARM.attributes
                0x0000056e       0x34 /Applications/STM32CubeIDE.app/Contents/Eclipse/plugins/com.st.stm32cube.ide.mcu.externaltools.gnu-tools-for-stm32.14.3.rel1.macosaarch64_1.0.0.202602081740/tools/bin/../lib/gcc/arm-none-eabi/14.3.1/../../../../arm-none-eabi/lib/thumb/v7e-m+fp/hard/libc_nano.a(libc_a-nano-svfprintf.o)
 .ARM.attributes
                0x000005a2       0x34 /Applications/STM32CubeIDE.app/Contents/Eclipse/plugins/com.st.stm32cube.ide.mcu.externaltools.gnu-tools-for-stm32.14.3.rel1.macosaarch64_1.0.0.202602081740/tools/bin/../lib/gcc/arm-none-eabi/14.3.1/../../../../arm-none-eabi/lib/thumb/v7e-m+fp/hard/libc_nano.a(libc_a-mallocr.o)
 .ARM.attributes
                0x000005d6       0x34 /Applications/STM32CubeIDE.app/Contents/Eclipse/plugins/com.st.stm32cube.ide.mcu.externaltools.gnu-tools-for-stm32.14.3.rel1.macosaarch64_1.0.0.202602081740/tools/bin/../lib/gcc/arm-none-eabi/14.3.1/../../../../arm-none-eabi/lib/thumb/v7e-m+fp/hard/libc_nano.a(libc_a-nano-vfprintf_i.o)
 .ARM.attributes
                0x0000060a       0x34 /Applications/STM32CubeIDE.app/Contents/Eclipse/plugins/com.st.stm32cube.ide.mcu.externaltools.gnu-tools-for-stm32.14.3.rel1.macosaarch64_1.0.0.202602081740/tools/bin/../lib/gcc/arm-none-eabi/14.3.1/../../../../arm-none-eabi/lib/thumb/v7e-m+fp/hard/libc_nano.a(libc_a-mlock.o)
 .ARM.attributes
                0x0000063e       0x34 /Applications/STM32CubeIDE.app/Contents/Eclipse/plugins/com.st.stm32cube.ide.mcu.externaltools.gnu-tools-for-stm32.14.3.rel1.macosaarch64_1.0.0.202602081740/tools/bin/../lib/gcc/arm-none-eabi/14.3.1/../../../../arm-none-eabi/lib/thumb/v7e-m+fp/hard/libc_nano.a(libc_a-reallocr.o)
 .ARM.attributes
                0x00000672       0x34 /Applications/STM32CubeIDE.app/Contents/Eclipse/plugins/com.st.stm32cube.ide.mcu.externaltools.gnu-tools-for-stm32.14.3.rel1.macosaarch64_1.0.0.202602081740/tools/bin/../lib/gcc/arm-none-eabi/14.3.1/../../../../arm-none-eabi/lib/thumb/v7e-m+fp/hard/libc_nano.a(libc_a-memmove.o)
 .ARM.attributes
                0x000006a6       0x34 /Applications/STM32CubeIDE.app/Contents/Eclipse/plugins/com.st.stm32cube.ide.mcu.externaltools.gnu-tools-for-stm32.14.3.rel1.macosaarch64_1.0.0.202602081740/tools/bin/../lib/gcc/arm-none-eabi/14.3.1/../../../../arm-none-eabi/lib/thumb/v7e-m+fp/hard/libc_nano.a(libc_a-sbrkr.o)
 .ARM.attributes
                0x000006da       0x34 /Applications/STM32CubeIDE.app/Contents/Eclipse/plugins/com.st.stm32cube.ide.mcu.externaltools.gnu-tools-for-stm32.14.3.rel1.macosaarch64_1.0.0.202602081740/tools/bin/../lib/gcc/arm-none-eabi/14.3.1/../../../../arm-none-eabi/lib/thumb/v7e-m+fp/hard/libc_nano.a(libc_a-reent.o)
 .ARM.attributes
                0x0000070e       0x1c /Applications/STM32CubeIDE.app/Contents/Eclipse/plugins/com.st.stm32cube.ide.mcu.externaltools.gnu-tools-for-stm32.14.3.rel1.macosaarch64_1.0.0.202602081740/tools/bin/../lib/gcc/arm-none-eabi/14.3.1/../../../../arm-none-eabi/lib/thumb/v7e-m+fp/hard/libc_nano.a(libc_a-memchr.o)
 .ARM.attributes
                0x0000072a       0x34 /Applications/STM32CubeIDE.app/Contents/Eclipse/plugins/com.st.stm32cube.ide.mcu.externaltools.gnu-tools-for-stm32.14.3.rel1.macosaarch64_1.0.0.202602081740/tools/bin/../lib/gcc/arm-none-eabi/14.3.1/../../../../arm-none-eabi/lib/thumb/v7e-m+fp/hard/libc_nano.a(libc_a-freer.o)
 .ARM.attributes
                0x0000075e       0x34 /Applications/STM32CubeIDE.app/Contents/Eclipse/plugins/com.st.stm32cube.ide.mcu.externaltools.gnu-tools-for-stm32.14.3.rel1.macosaarch64_1.0.0.202602081740/tools/bin/../lib/gcc/arm-none-eabi/14.3.1/../../../../arm-none-eabi/lib/thumb/v7e-m+fp/hard/libc_nano.a(libc_a-msizer.o)
 .ARM.attributes
                0x00000792       0x22 /Applications/STM32CubeIDE.app/Contents/Eclipse/plugins/com.st.stm32cube.ide.mcu.externaltools.gnu-tools-for-stm32.14.3.rel1.macosaarch64_1.0.0.202602081740/tools/bin/../lib/gcc/arm-none-eabi/14.3.1/thumb/v7e-m+fp/hard/libgcc.a(_aeabi_uldivmod.o)
 .ARM.attributes
                0x000007b4       0x34 /Applications/STM32CubeIDE.app/Contents/Eclipse/plugins/com.st.stm32cube.ide.mcu.externaltools.gnu-tools-for-stm32.14.3.rel1.macosaarch64_1.0.0.202602081740/tools/bin/../lib/gcc/arm-none-eabi/14.3.1/thumb/v7e-m+fp/hard/libgcc.a(_udivmoddi4.o)
 .ARM.attributes
                0x000007e8       0x22 /Applications/STM32CubeIDE.app/Contents/Eclipse/plugins/com.st.stm32cube.ide.mcu.externaltools.gnu-tools-for-stm32.14.3.rel1.macosaarch64_1.0.0.202602081740/tools/bin/../lib/gcc/arm-none-eabi/14.3.1/thumb/v7e-m+fp/hard/libgcc.a(_dvmd_tls.o)
 .ARM.attributes
                0x0000080a       0x22 /Applications/STM32CubeIDE.app/Contents/Eclipse/plugins/com.st.stm32cube.ide.mcu.externaltools.gnu-tools-for-stm32.14.3.rel1.macosaarch64_1.0.0.202602081740/tools/bin/../lib/gcc/arm-none-eabi/14.3.1/thumb/v7e-m+fp/hard/crtn.o
OUTPUT(TOUCH_TFT.elf elf32-littlearm)
LOAD linker stubs
LOAD /Applications/STM32CubeIDE.app/Contents/Eclipse/plugins/com.st.stm32cube.ide.mcu.externaltools.gnu-tools-for-stm32.14.3.rel1.macosaarch64_1.0.0.202602081740/tools/bin/../lib/gcc/arm-none-eabi/14.3.1/../../../../arm-none-eabi/lib/thumb/v7e-m+fp/hard/libc.a
LOAD /Applications/STM32CubeIDE.app/Contents/Eclipse/plugins/com.st.stm32cube.ide.mcu.externaltools.gnu-tools-for-stm32.14.3.rel1.macosaarch64_1.0.0.202602081740/tools/bin/../lib/gcc/arm-none-eabi/14.3.1/../../../../arm-none-eabi/lib/thumb/v7e-m+fp/hard/libm.a
LOAD /Applications/STM32CubeIDE.app/Contents/Eclipse/plugins/com.st.stm32cube.ide.mcu.externaltools.gnu-tools-for-stm32.14.3.rel1.macosaarch64_1.0.0.202602081740/tools/bin/../lib/gcc/arm-none-eabi/14.3.1/thumb/v7e-m+fp/hard/libgcc.a

.debug_info     0x00000000     0xac99
 .debug_info    0x00000000     0x1395 ./Core/Src/ili9488.o
 .debug_info    0x00001395     0x16fd ./Core/Src/main.o
 .debug_info    0x00002a92      0x931 ./Core/Src/stm32f4xx_hal_msp.o
 .debug_info    0x000033c3      0x112 ./Core/Src/stm32f4xx_it.o
 .debug_info    0x000034d5      0x168 ./Core/Src/sysmem.o
 .debug_info    0x0000363d      0x52e ./Core/Src/system_stm32f4xx.o
 .debug_info    0x00003b6b     0x19e0 ./Core/Src/ugfx.o
 .debug_info    0x0000554b      0x8d7 ./Core/Src/ui_gfx.o
 .debug_info    0x00005e22      0xb32 ./Core/Src/xpt2046.o
 .debug_info    0x00006954       0x30 ./Core/Startup/startup_stm32f429zgtx.o
 .debug_info    0x00006984      0x9ba ./Drivers/STM32F4xx_HAL_Driver/Src/stm32f4xx_hal.o
 .debug_info    0x0000733e      0xdc2 ./Drivers/STM32F4xx_HAL_Driver/Src/stm32f4xx_hal_cortex.o
 .debug_info    0x00008100      0x6db ./Drivers/STM32F4xx_HAL_Driver/Src/stm32f4xx_hal_gpio.o
 .debug_info    0x000087db      0x6be ./Drivers/STM32F4xx_HAL_Driver/Src/stm32f4xx_hal_pwr_ex.o
 .debug_info    0x00008e99      0x8db ./Drivers/STM32F4xx_HAL_Driver/Src/stm32f4xx_hal_rcc.o
 .debug_info    0x00009774     0x1525 ./Drivers/STM32F4xx_HAL_Driver/Src/stm32f4xx_hal_spi.o

.debug_abbrev   0x00000000     0x1fa1
 .debug_abbrev  0x00000000      0x2c2 ./Core/Src/ili9488.o
 .debug_abbrev  0x000002c2      0x324 ./Core/Src/main.o
 .debug_abbrev  0x000005e6      0x1ae ./Core/Src/stm32f4xx_hal_msp.o
 .debug_abbrev  0x00000794       0x73 ./Core/Src/stm32f4xx_it.o
 .debug_abbrev  0x00000807       0xbc ./Core/Src/sysmem.o
 .debug_abbrev  0x000008c3      0x11a ./Core/Src/system_stm32f4xx.o
 .debug_abbrev  0x000009dd      0x2fd ./Core/Src/ugfx.o
 .debug_abbrev  0x00000cda      0x1e9 ./Core/Src/ui_gfx.o
 .debug_abbrev  0x00000ec3      0x2b5 ./Core/Src/xpt2046.o
 .debug_abbrev  0x00001178       0x24 ./Core/Startup/startup_stm32f429zgtx.o
 .debug_abbrev  0x0000119c      0x214 ./Drivers/STM32F4xx_HAL_Driver/Src/stm32f4xx_hal.o
 .debug_abbrev  0x000013b0      0x31d ./Drivers/STM32F4xx_HAL_Driver/Src/stm32f4xx_hal_cortex.o
 .debug_abbrev  0x000016cd      0x1d4 ./Drivers/STM32F4xx_HAL_Driver/Src/stm32f4xx_hal_gpio.o
 .debug_abbrev  0x000018a1      0x1cf ./Drivers/STM32F4xx_HAL_Driver/Src/stm32f4xx_hal_pwr_ex.o
 .debug_abbrev  0x00001a70      0x2b7 ./Drivers/STM32F4xx_HAL_Driver/Src/stm32f4xx_hal_rcc.o
 .debug_abbrev  0x00001d27      0x27a ./Drivers/STM32F4xx_HAL_Driver/Src/stm32f4xx_hal_spi.o

.debug_aranges  0x00000000      0xa50
 .debug_aranges
                0x00000000      0x110 ./Core/Src/ili9488.o
 .debug_aranges
                0x00000110       0x88 ./Core/Src/main.o
 .debug_aranges
                0x00000198       0x30 ./Core/Src/stm32f4xx_hal_msp.o
 .debug_aranges
                0x000001c8       0x60 ./Core/Src/stm32f4xx_it.o
 .debug_aranges
                0x00000228       0x20 ./Core/Src/sysmem.o
 .debug_aranges
                0x00000248       0x28 ./Core/Src/system_stm32f4xx.o
 .debug_aranges
                0x00000270      0x188 ./Core/Src/ugfx.o
 .debug_aranges
                0x000003f8       0x78 ./Core/Src/ui_gfx.o
 .debug_aranges
                0x00000470       0x78 ./Core/Src/xpt2046.o
 .debug_aranges
                0x000004e8       0x28 ./Core/Startup/startup_stm32f429zgtx.o
 .debug_aranges
                0x00000510      0x100 ./Drivers/STM32F4xx_HAL_Driver/Src/stm32f4xx_hal.o
 .debug_aranges
                0x00000610      0x130 ./Drivers/STM32F4xx_HAL_Driver/Src/stm32f4xx_hal_cortex.o
 .debug_aranges
                0x00000740       0x58 ./Drivers/STM32F4xx_HAL_Driver/Src/stm32f4xx_hal_gpio.o
 .debug_aranges
                0x00000798       0x60 ./Drivers/STM32F4xx_HAL_Driver/Src/stm32f4xx_hal_pwr_ex.o
 .debug_aranges
                0x000007f8       0x88 ./Drivers/STM32F4xx_HAL_Driver/Src/stm32f4xx_hal_rcc.o
 .debug_aranges
                0x00000880      0x1d0 ./Drivers/STM32F4xx_HAL_Driver/Src/stm32f4xx_hal_spi.o

.debug_rnglists
                0x00000000      0x7c6
 .debug_rnglists
                0x00000000       0xde ./Core/Src/ili9488.o
 .debug_rnglists
                0x000000de       0x67 ./Core/Src/main.o
 .debug_rnglists
                0x00000145       0x20 ./Core/Src/stm32f4xx_hal_msp.o
 .debug_rnglists
                0x00000165       0x43 ./Core/Src/stm32f4xx_it.o
 .debug_rnglists
                0x000001a8       0x13 ./Core/Src/sysmem.o
 .debug_rnglists
                0x000001bb       0x1a ./Core/Src/system_stm32f4xx.o
 .debug_rnglists
                0x000001d5      0x12f ./Core/Src/ugfx.o
 .debug_rnglists
                0x00000304       0x5c ./Core/Src/ui_gfx.o
 .debug_rnglists
                0x00000360       0x57 ./Core/Src/xpt2046.o
 .debug_rnglists
                0x000003b7       0x19 ./Core/Startup/startup_stm32f429zgtx.o
 .debug_rnglists
                0x000003d0       0xbb ./Drivers/STM32F4xx_HAL_Driver/Src/stm32f4xx_hal.o
 .debug_rnglists
                0x0000048b       0xe0 ./Drivers/STM32F4xx_HAL_Driver/Src/stm32f4xx_hal_cortex.o
 .debug_rnglists
                0x0000056b       0x3f ./Drivers/STM32F4xx_HAL_Driver/Src/stm32f4xx_hal_gpio.o
 .debug_rnglists
                0x000005aa       0x47 ./Drivers/STM32F4xx_HAL_Driver/Src/stm32f4xx_hal_pwr_ex.o
 .debug_rnglists
                0x000005f1       0x66 ./Drivers/STM32F4xx_HAL_Driver/Src/stm32f4xx_hal_rcc.o
 .debug_rnglists
                0x00000657      0x16f ./Drivers/STM32F4xx_HAL_Driver/Src/stm32f4xx_hal_spi.o

.debug_macro    0x00000000    0x22f3c
 .debug_macro   0x00000000      0x3ad ./Core/Src/ili9488.o
 .debug_macro   0x000003ad      0x295 ./Core/Src/ili9488.o
 .debug_macro   0x00000642       0x2e ./Core/Src/ili9488.o
 .debug_macro   0x00000670       0x28 ./Core/Src/ili9488.o
 .debug_macro   0x00000698       0x22 ./Core/Src/ili9488.o
 .debug_macro   0x000006ba       0x8e ./Core/Src/ili9488.o
 .debug_macro   0x00000748       0x51 ./Core/Src/ili9488.o
 .debug_macro   0x00000799      0x103 ./Core/Src/ili9488.o
 .debug_macro   0x0000089c       0x6a ./Core/Src/ili9488.o
 .debug_macro   0x00000906      0x1df ./Core/Src/ili9488.o
 .debug_macro   0x00000ae5       0x1c ./Core/Src/ili9488.o
 .debug_macro   0x00000b01       0x22 ./Core/Src/ili9488.o
 .debug_macro   0x00000b23       0xfb ./Core/Src/ili9488.o
 .debug_macro   0x00000c1e     0x1011 ./Core/Src/ili9488.o
 .debug_macro   0x00001c2f      0x11f ./Core/Src/ili9488.o
 .debug_macro   0x00001d4e    0x17ff1 ./Core/Src/ili9488.o
 .debug_macro   0x00019d3f       0x6d ./Core/Src/ili9488.o
 .debug_macro   0x00019dac     0x370a ./Core/Src/ili9488.o
 .debug_macro   0x0001d4b6      0x190 ./Core/Src/ili9488.o
 .debug_macro   0x0001d646       0x5c ./Core/Src/ili9488.o
 .debug_macro   0x0001d6a2      0xcba ./Core/Src/ili9488.o
 .debug_macro   0x0001e35c      0x9e9 ./Core/Src/ili9488.o
 .debug_macro   0x0001ed45      0x115 ./Core/Src/ili9488.o
 .debug_macro   0x0001ee5a      0x156 ./Core/Src/ili9488.o
 .debug_macro   0x0001efb0       0xa5 ./Core/Src/ili9488.o
 .debug_macro   0x0001f055      0x182 ./Core/Src/ili9488.o
 .debug_macro   0x0001f1d7      0x287 ./Core/Src/ili9488.o
 .debug_macro   0x0001f45e       0x5f ./Core/Src/ili9488.o
 .debug_macro   0x0001f4bd      0x236 ./Core/Src/ili9488.o
 .debug_macro   0x0001f6f3      0x132 ./Core/Src/ili9488.o
 .debug_macro   0x0001f825      0x41d ./Core/Src/ili9488.o
 .debug_macro   0x0001fc42       0x2e ./Core/Src/ili9488.o
 .debug_macro   0x0001fc70      0x127 ./Core/Src/ili9488.o
 .debug_macro   0x0001fd97       0xe2 ./Core/Src/ili9488.o
 .debug_macro   0x0001fe79       0x89 ./Core/Src/ili9488.o
 .debug_macro   0x0001ff02      0x225 ./Core/Src/ili9488.o
 .debug_macro   0x00020127      0x134 ./Core/Src/ili9488.o
 .debug_macro   0x0002025b       0x70 ./Core/Src/ili9488.o
 .debug_macro   0x000202cb       0x22 ./Core/Src/ili9488.o
 .debug_macro   0x000202ed       0x52 ./Core/Src/ili9488.o
 .debug_macro   0x0002033f       0x2a ./Core/Src/ili9488.o
 .debug_macro   0x00020369       0x61 ./Core/Src/ili9488.o
 .debug_macro   0x000203ca       0x43 ./Core/Src/ili9488.o
 .debug_macro   0x0002040d       0x34 ./Core/Src/ili9488.o
 .debug_macro   0x00020441       0x16 ./Core/Src/ili9488.o
 .debug_macro   0x00020457       0x3c ./Core/Src/ili9488.o
 .debug_macro   0x00020493      0x364 ./Core/Src/ili9488.o
 .debug_macro   0x000207f7       0x16 ./Core/Src/ili9488.o
 .debug_macro   0x0002080d       0x4a ./Core/Src/ili9488.o
 .debug_macro   0x00020857       0x34 ./Core/Src/ili9488.o
 .debug_macro   0x0002088b       0x10 ./Core/Src/ili9488.o
 .debug_macro   0x0002089b       0x58 ./Core/Src/ili9488.o
 .debug_macro   0x000208f3       0x8e ./Core/Src/ili9488.o
 .debug_macro   0x00020981       0x1c ./Core/Src/ili9488.o
 .debug_macro   0x0002099d      0x17e ./Core/Src/ili9488.o
 .debug_macro   0x00020b1b       0x16 ./Core/Src/ili9488.o
 .debug_macro   0x00020b31       0x29 ./Core/Src/ili9488.o
 .debug_macro   0x00020b5a       0x16 ./Core/Src/ili9488.o
 .debug_macro   0x00020b70       0x20 ./Core/Src/ili9488.o
 .debug_macro   0x00020b90      0x36a ./Core/Src/main.o
 .debug_macro   0x00020efa       0xa9 ./Core/Src/main.o
 .debug_macro   0x00020fa3       0x40 ./Core/Src/main.o
 .debug_macro   0x00020fe3       0x16 ./Core/Src/main.o
 .debug_macro   0x00020ff9       0x10 ./Core/Src/main.o
 .debug_macro   0x00021009       0x16 ./Core/Src/main.o
 .debug_macro   0x0002101f       0x16 ./Core/Src/main.o
 .debug_macro   0x00021035      0x146 ./Core/Src/main.o
 .debug_macro   0x0002117b       0x5e ./Core/Src/main.o
 .debug_macro   0x000211d9      0x1c9 ./Core/Src/stm32f4xx_hal_msp.o
 .debug_macro   0x000213a2      0x1d3 ./Core/Src/stm32f4xx_it.o
 .debug_macro   0x00021575      0x112 ./Core/Src/sysmem.o
 .debug_macro   0x00021687      0x23c ./Core/Src/sysmem.o
 .debug_macro   0x000218c3      0x1ba ./Core/Src/system_stm32f4xx.o
 .debug_macro   0x00021a7d      0x2e0 ./Core/Src/ugfx.o
 .debug_macro   0x00021d5d       0x10 ./Core/Src/ugfx.o
 .debug_macro   0x00021d6d       0x56 ./Core/Src/ugfx.o
 .debug_macro   0x00021dc3      0x2fb ./Core/Src/ui_gfx.o
 .debug_macro   0x000220be       0x58 ./Core/Src/ui_gfx.o
 .debug_macro   0x00022116      0x319 ./Core/Src/xpt2046.o
 .debug_macro   0x0002242f      0x21a ./Drivers/STM32F4xx_HAL_Driver/Src/stm32f4xx_hal.o
 .debug_macro   0x00022649      0x1ba ./Drivers/STM32F4xx_HAL_Driver/Src/stm32f4xx_hal_cortex.o
 .debug_macro   0x00022803      0x1c0 ./Drivers/STM32F4xx_HAL_Driver/Src/stm32f4xx_hal_gpio.o
 .debug_macro   0x000229c3      0x1d2 ./Drivers/STM32F4xx_HAL_Driver/Src/stm32f4xx_hal_pwr_ex.o
 .debug_macro   0x00022b95      0x1de ./Drivers/STM32F4xx_HAL_Driver/Src/stm32f4xx_hal_rcc.o
 .debug_macro   0x00022d73      0x1c9 ./Drivers/STM32F4xx_HAL_Driver/Src/stm32f4xx_hal_spi.o

.debug_line     0x00000000     0xb967
 .debug_line    0x00000000     0x1016 ./Core/Src/ili9488.o
 .debug_line    0x00001016      0xc9f ./Core/Src/main.o
 .debug_line    0x00001cb5      0x70a ./Core/Src/stm32f4xx_hal_msp.o
 .debug_line    0x000023bf      0x76c ./Core/Src/stm32f4xx_it.o
 .debug_line    0x00002b2b      0x53a ./Core/Src/sysmem.o
 .debug_line    0x00003065      0x733 ./Core/Src/system_stm32f4xx.o
 .debug_line    0x00003798     0x1440 ./Core/Src/ugfx.o
 .debug_line    0x00004bd8      0xd0a ./Core/Src/ui_gfx.o
 .debug_line    0x000058e2      0xb56 ./Core/Src/xpt2046.o
 .debug_line    0x00006438       0x7a ./Core/Startup/startup_stm32f429zgtx.o
 .debug_line    0x000064b2      0x9e8 ./Drivers/STM32F4xx_HAL_Driver/Src/stm32f4xx_hal.o
 .debug_line    0x00006e9a      0xc7f ./Drivers/STM32F4xx_HAL_Driver/Src/stm32f4xx_hal_cortex.o
 .debug_line    0x00007b19      0xb2c ./Drivers/STM32F4xx_HAL_Driver/Src/stm32f4xx_hal_gpio.o
 .debug_line    0x00008645      0x91c ./Drivers/STM32F4xx_HAL_Driver/Src/stm32f4xx_hal_pwr_ex.o
 .debug_line    0x00008f61      0xdbc ./Drivers/STM32F4xx_HAL_Driver/Src/stm32f4xx_hal_rcc.o
 .debug_line    0x00009d1d     0x1c4a ./Drivers/STM32F4xx_HAL_Driver/Src/stm32f4xx_hal_spi.o

.debug_str      0x00000000    0xd2c2d
 .debug_str     0x00000000    0xd2c2d ./Core/Src/ili9488.o
                              0xcf536 (size before relaxing)
 .debug_str     0x000d2c2d    0xd01fd ./Core/Src/main.o
 .debug_str     0x000d2c2d    0xcbbcb ./Core/Src/stm32f4xx_hal_msp.o
 .debug_str     0x000d2c2d    0xcb643 ./Core/Src/stm32f4xx_it.o
 .debug_str     0x000d2c2d     0x76f3 ./Core/Src/sysmem.o
 .debug_str     0x000d2c2d    0xcb5b5 ./Core/Src/system_stm32f4xx.o
 .debug_str     0x000d2c2d    0xcf55e ./Core/Src/ugfx.o
 .debug_str     0x000d2c2d    0xcf578 ./Core/Src/ui_gfx.o
 .debug_str     0x000d2c2d    0xcf126 ./Core/Src/xpt2046.o
 .debug_str     0x000d2c2d       0x6b ./Core/Startup/startup_stm32f429zgtx.o
 .debug_str     0x000d2c2d    0xcc1d8 ./Drivers/STM32F4xx_HAL_Driver/Src/stm32f4xx_hal.o
 .debug_str     0x000d2c2d    0xcbf06 ./Drivers/STM32F4xx_HAL_Driver/Src/stm32f4xx_hal_cortex.o
 .debug_str     0x000d2c2d    0xcb730 ./Drivers/STM32F4xx_HAL_Driver/Src/stm32f4xx_hal_gpio.o
 .debug_str     0x000d2c2d    0xcb78d ./Drivers/STM32F4xx_HAL_Driver/Src/stm32f4xx_hal_pwr_ex.o
 .debug_str     0x000d2c2d    0xcb9e9 ./Drivers/STM32F4xx_HAL_Driver/Src/stm32f4xx_hal_rcc.o
 .debug_str     0x000d2c2d    0xcbe60 ./Drivers/STM32F4xx_HAL_Driver/Src/stm32f4xx_hal_spi.o

.comment        0x00000000       0x43
 .comment       0x00000000       0x43 ./Core/Src/ili9488.o
                                 0x44 (size before relaxing)
 .comment       0x00000043       0x44 ./Core/Src/main.o
 .comment       0x00000043       0x44 ./Core/Src/stm32f4xx_hal_msp.o
 .comment       0x00000043       0x44 ./Core/Src/stm32f4xx_it.o
 .comment       0x00000043       0x44 ./Core/Src/sysmem.o
 .comment       0x00000043       0x44 ./Core/Src/system_stm32f4xx.o
 .comment       0x00000043       0x44 ./Core/Src/ugfx.o
 .comment       0x00000043       0x44 ./Core/Src/ui_gfx.o
 .comment       0x00000043       0x44 ./Core/Src/xpt2046.o
 .comment       0x00000043       0x44 ./Drivers/STM32F4xx_HAL_Driver/Src/stm32f4xx_hal.o
 .comment       0x00000043       0x44 ./Drivers/STM32F4xx_HAL_Driver/Src/stm32f4xx_hal_cortex.o
 .comment       0x00000043       0x44 ./Drivers/STM32F4xx_HAL_Driver/Src/stm32f4xx_hal_gpio.o
 .comment       0x00000043       0x44 ./Drivers/STM32F4xx_HAL_Driver/Src/stm32f4xx_hal_pwr_ex.o
 .comment       0x00000043       0x44 ./Drivers/STM32F4xx_HAL_Driver/Src/stm32f4xx_hal_rcc.o
 .comment       0x00000043       0x44 ./Drivers/STM32F4xx_HAL_Driver/Src/stm32f4xx_hal_spi.o

.debug_frame    0x00000000     0x2d38
 .debug_frame   0x00000000      0x464 ./Core/Src/ili9488.o
 .debug_frame   0x00000464      0x1f4 ./Core/Src/main.o
 .debug_frame   0x00000658       0x7c ./Core/Src/stm32f4xx_hal_msp.o
 .debug_frame   0x000006d4       0xf8 ./Core/Src/stm32f4xx_it.o
 .debug_frame   0x000007cc       0x34 ./Core/Src/sysmem.o
 .debug_frame   0x00000800       0x50 ./Core/Src/system_stm32f4xx.o
 .debug_frame   0x00000850      0x6bc ./Core/Src/ugfx.o
 .debug_frame   0x00000f0c      0x1d4 ./Core/Src/ui_gfx.o
 .debug_frame   0x000010e0      0x1a0 ./Core/Src/xpt2046.o
 .debug_frame   0x00001280      0x354 ./Drivers/STM32F4xx_HAL_Driver/Src/stm32f4xx_hal.o
 .debug_frame   0x000015d4      0x4b8 ./Drivers/STM32F4xx_HAL_Driver/Src/stm32f4xx_hal_cortex.o
 .debug_frame   0x00001a8c      0x130 ./Drivers/STM32F4xx_HAL_Driver/Src/stm32f4xx_hal_gpio.o
 .debug_frame   0x00001bbc      0x13c ./Drivers/STM32F4xx_HAL_Driver/Src/stm32f4xx_hal_pwr_ex.o
 .debug_frame   0x00001cf8      0x1d8 ./Drivers/STM32F4xx_HAL_Driver/Src/stm32f4xx_hal_rcc.o
 .debug_frame   0x00001ed0      0x7e0 ./Drivers/STM32F4xx_HAL_Driver/Src/stm32f4xx_hal_spi.o
 .debug_frame   0x000026b0       0x7c /Applications/STM32CubeIDE.app/Contents/Eclipse/plugins/com.st.stm32cube.ide.mcu.externaltools.gnu-tools-for-stm32.14.3.rel1.macosaarch64_1.0.0.202602081740/tools/bin/../lib/gcc/arm-none-eabi/14.3.1/../../../../arm-none-eabi/lib/thumb/v7e-m+fp/hard/libc_nano.a(libc_a-snprintf.o)
 .debug_frame   0x0000272c      0x144 /Applications/STM32CubeIDE.app/Contents/Eclipse/plugins/com.st.stm32cube.ide.mcu.externaltools.gnu-tools-for-stm32.14.3.rel1.macosaarch64_1.0.0.202602081740/tools/bin/../lib/gcc/arm-none-eabi/14.3.1/../../../../arm-none-eabi/lib/thumb/v7e-m+fp/hard/libc_nano.a(libc_a-findfp.o)
 .debug_frame   0x00002870       0x20 /Applications/STM32CubeIDE.app/Contents/Eclipse/plugins/com.st.stm32cube.ide.mcu.externaltools.gnu-tools-for-stm32.14.3.rel1.macosaarch64_1.0.0.202602081740/tools/bin/../lib/gcc/arm-none-eabi/14.3.1/../../../../arm-none-eabi/lib/thumb/v7e-m+fp/hard/libc_nano.a(libc_a-memset.o)
 .debug_frame   0x00002890       0x28 /Applications/STM32CubeIDE.app/Contents/Eclipse/plugins/com.st.stm32cube.ide.mcu.externaltools.gnu-tools-for-stm32.14.3.rel1.macosaarch64_1.0.0.202602081740/tools/bin/../lib/gcc/arm-none-eabi/14.3.1/../../../../arm-none-eabi/lib/thumb/v7e-m+fp/hard/libc_nano.a(libc_a-strncpy.o)
 .debug_frame   0x000028b8       0x20 /Applications/STM32CubeIDE.app/Contents/Eclipse/plugins/com.st.stm32cube.ide.mcu.externaltools.gnu-tools-for-stm32.14.3.rel1.macosaarch64_1.0.0.202602081740/tools/bin/../lib/gcc/arm-none-eabi/14.3.1/../../../../arm-none-eabi/lib/thumb/v7e-m+fp/hard/libc_nano.a(libc_a-errno.o)
 .debug_frame   0x000028d8       0x2c /Applications/STM32CubeIDE.app/Contents/Eclipse/plugins/com.st.stm32cube.ide.mcu.externaltools.gnu-tools-for-stm32.14.3.rel1.macosaarch64_1.0.0.202602081740/tools/bin/../lib/gcc/arm-none-eabi/14.3.1/../../../../arm-none-eabi/lib/thumb/v7e-m+fp/hard/libc_nano.a(libc_a-init.o)
 .debug_frame   0x00002904       0xb0 /Applications/STM32CubeIDE.app/Contents/Eclipse/plugins/com.st.stm32cube.ide.mcu.externaltools.gnu-tools-for-stm32.14.3.rel1.macosaarch64_1.0.0.202602081740/tools/bin/../lib/gcc/arm-none-eabi/14.3.1/../../../../arm-none-eabi/lib/thumb/v7e-m+fp/hard/libc_nano.a(libc_a-lock.o)
 .debug_frame   0x000029b4       0x28 /Applications/STM32CubeIDE.app/Contents/Eclipse/plugins/com.st.stm32cube.ide.mcu.externaltools.gnu-tools-for-stm32.14.3.rel1.macosaarch64_1.0.0.202602081740/tools/bin/../lib/gcc/arm-none-eabi/14.3.1/../../../../arm-none-eabi/lib/thumb/v7e-m+fp/hard/libc_nano.a(libc_a-memcpy-stub.o)
 .debug_frame   0x000029dc       0x20 /Applications/STM32CubeIDE.app/Contents/Eclipse/plugins/com.st.stm32cube.ide.mcu.externaltools.gnu-tools-for-stm32.14.3.rel1.macosaarch64_1.0.0.202602081740/tools/bin/../lib/gcc/arm-none-eabi/14.3.1/../../../../arm-none-eabi/lib/thumb/v7e-m+fp/hard/libc_nano.a(libc_a-strlen.o)
 .debug_frame   0x000029fc       0x90 /Applications/STM32CubeIDE.app/Contents/Eclipse/plugins/com.st.stm32cube.ide.mcu.externaltools.gnu-tools-for-stm32.14.3.rel1.macosaarch64_1.0.0.202602081740/tools/bin/../lib/gcc/arm-none-eabi/14.3.1/../../../../arm-none-eabi/lib/thumb/v7e-m+fp/hard/libc_nano.a(libc_a-nano-svfprintf.o)
 .debug_frame   0x00002a8c       0x50 /Applications/STM32CubeIDE.app/Contents/Eclipse/plugins/com.st.stm32cube.ide.mcu.externaltools.gnu-tools-for-stm32.14.3.rel1.macosaarch64_1.0.0.202602081740/tools/bin/../lib/gcc/arm-none-eabi/14.3.1/../../../../arm-none-eabi/lib/thumb/v7e-m+fp/hard/libc_nano.a(libc_a-mallocr.o)
 .debug_frame   0x00002adc       0x60 /Applications/STM32CubeIDE.app/Contents/Eclipse/plugins/com.st.stm32cube.ide.mcu.externaltools.gnu-tools-for-stm32.14.3.rel1.macosaarch64_1.0.0.202602081740/tools/bin/../lib/gcc/arm-none-eabi/14.3.1/../../../../arm-none-eabi/lib/thumb/v7e-m+fp/hard/libc_nano.a(libc_a-nano-vfprintf_i.o)
 .debug_frame   0x00002b3c       0x30 /Applications/STM32CubeIDE.app/Contents/Eclipse/plugins/com.st.stm32cube.ide.mcu.externaltools.gnu-tools-for-stm32.14.3.rel1.macosaarch64_1.0.0.202602081740/tools/bin/../lib/gcc/arm-none-eabi/14.3.1/../../../../arm-none-eabi/lib/thumb/v7e-m+fp/hard/libc_nano.a(libc_a-mlock.o)
 .debug_frame   0x00002b6c       0x3c /Applications/STM32CubeIDE.app/Contents/Eclipse/plugins/com.st.stm32cube.ide.mcu.externaltools.gnu-tools-for-stm32.14.3.rel1.macosaarch64_1.0.0.202602081740/tools/bin/../lib/gcc/arm-none-eabi/14.3.1/../../../../arm-none-eabi/lib/thumb/v7e-m+fp/hard/libc_nano.a(libc_a-reallocr.o)
 .debug_frame   0x00002ba8       0x28 /Applications/STM32CubeIDE.app/Contents/Eclipse/plugins/com.st.stm32cube.ide.mcu.externaltools.gnu-tools-for-stm32.14.3.rel1.macosaarch64_1.0.0.202602081740/tools/bin/../lib/gcc/arm-none-eabi/14.3.1/../../../../arm-none-eabi/lib/thumb/v7e-m+fp/hard/libc_nano.a(libc_a-memmove.o)
 .debug_frame   0x00002bd0       0x2c /Applications/STM32CubeIDE.app/Contents/Eclipse/plugins/com.st.stm32cube.ide.mcu.externaltools.gnu-tools-for-stm32.14.3.rel1.macosaarch64_1.0.0.202602081740/tools/bin/../lib/gcc/arm-none-eabi/14.3.1/../../../../arm-none-eabi/lib/thumb/v7e-m+fp/hard/libc_nano.a(libc_a-sbrkr.o)
 .debug_frame   0x00002bfc       0x38 /Applications/STM32CubeIDE.app/Contents/Eclipse/plugins/com.st.stm32cube.ide.mcu.externaltools.gnu-tools-for-stm32.14.3.rel1.macosaarch64_1.0.0.202602081740/tools/bin/../lib/gcc/arm-none-eabi/14.3.1/../../../../arm-none-eabi/lib/thumb/v7e-m+fp/hard/libc_nano.a(libc_a-reent.o)
 .debug_frame   0x00002c34       0x4c /Applications/STM32CubeIDE.app/Contents/Eclipse/plugins/com.st.stm32cube.ide.mcu.externaltools.gnu-tools-for-stm32.14.3.rel1.macosaarch64_1.0.0.202602081740/tools/bin/../lib/gcc/arm-none-eabi/14.3.1/../../../../arm-none-eabi/lib/thumb/v7e-m+fp/hard/libc_nano.a(libc_a-memchr.o)
 .debug_frame   0x00002c80       0x38 /Applications/STM32CubeIDE.app/Contents/Eclipse/plugins/com.st.stm32cube.ide.mcu.externaltools.gnu-tools-for-stm32.14.3.rel1.macosaarch64_1.0.0.202602081740/tools/bin/../lib/gcc/arm-none-eabi/14.3.1/../../../../arm-none-eabi/lib/thumb/v7e-m+fp/hard/libc_nano.a(libc_a-freer.o)
 .debug_frame   0x00002cb8       0x20 /Applications/STM32CubeIDE.app/Contents/Eclipse/plugins/com.st.stm32cube.ide.mcu.externaltools.gnu-tools-for-stm32.14.3.rel1.macosaarch64_1.0.0.202602081740/tools/bin/../lib/gcc/arm-none-eabi/14.3.1/../../../../arm-none-eabi/lib/thumb/v7e-m+fp/hard/libc_nano.a(libc_a-msizer.o)
 .debug_frame   0x00002cd8       0x2c /Applications/STM32CubeIDE.app/Contents/Eclipse/plugins/com.st.stm32cube.ide.mcu.externaltools.gnu-tools-for-stm32.14.3.rel1.macosaarch64_1.0.0.202602081740/tools/bin/../lib/gcc/arm-none-eabi/14.3.1/thumb/v7e-m+fp/hard/libgcc.a(_aeabi_uldivmod.o)
 .debug_frame   0x00002d04       0x34 /Applications/STM32CubeIDE.app/Contents/Eclipse/plugins/com.st.stm32cube.ide.mcu.externaltools.gnu-tools-for-stm32.14.3.rel1.macosaarch64_1.0.0.202602081740/tools/bin/../lib/gcc/arm-none-eabi/14.3.1/thumb/v7e-m+fp/hard/libgcc.a(_udivmoddi4.o)

.debug_line_str
                0x00000000       0x4f
 .debug_line_str
                0x00000000       0x4f ./Core/Startup/startup_stm32f429zgtx.o
