../Core/Src/ili9488.c:17:17:_isqrt	24	static
../Core/Src/ili9488.c:73:20:_DC_Cmd	8	static
../Core/Src/ili9488.c:74:20:_DC_Data	8	static
../Core/Src/ili9488.c:75:20:_RST_Low	8	static
../Core/Src/ili9488.c:76:20:_RST_High	8	static
../Core/Src/ili9488.c:77:20:_LED_On	8	static
../Core/Src/ili9488.c:78:20:_LED_Off	8	static
../Core/Src/ili9488.c:80:6:ILI9488_CS_Assert	8	static
../Core/Src/ili9488.c:81:6:ILI9488_CS_Deassert	8	static
../Core/Src/ili9488.c:87:13:_WriteCmd	16	static
../Core/Src/ili9488.c:93:13:_WriteDataBuf	16	static
../Core/Src/ili9488.c:99:13:_WriteReg	16	static
../Core/Src/ili9488.c:113:6:ILI9488_SetWindow	32	static
../Core/Src/ili9488.c:131:6:ILI9488_WritePixels_RGB666	24	static
../Core/Src/ili9488.c:142:6:ILI9488_WritePixels_RGB565	224	static
../Core/Src/ili9488.c:166:6:ILI9488_Init	16	static
../Core/Src/ili9488.c:208:6:ILI9488_SetOrientation	24	static
../Core/Src/ili9488.c:241:6:ILI9488_SetBacklight	16	static
../Core/Src/ili9488.c:250:6:ILI9488_FillScreen	24	static
../Core/Src/ili9488.c:255:6:ILI9488_DrawPixel	24	static
../Core/Src/ili9488.c:264:6:ILI9488_FillRect	424	static
../Core/Src/ili9488.c:292:6:ILI9488_DrawHLine	32	static
../Core/Src/ili9488.c:297:6:ILI9488_DrawVLine	32	static
../Core/Src/ili9488.c:302:6:ILI9488_DrawRect	24	static
../Core/Src/ili9488.c:310:6:ILI9488_DrawLine	40	static
../Core/Src/ili9488.c:327:13:_DrawCirclePoints	24	static
../Core/Src/ili9488.c:339:6:ILI9488_DrawCircle	40	static
../Core/Src/ili9488.c:351:6:ILI9488_FillCircle	32	static
../Core/Src/ili9488.c:456:6:ILI9488_DrawChar	64	static
../Core/Src/ili9488.c:484:6:ILI9488_DrawString	48	static
../Core/Src/ili9488.c:498:6:ILI9488_CopyFrameBufferBlockToLCD	32	static
