../Core/Src/ili9488.c:17:17:_isqrt	24	static
../Core/Src/ili9488.c:73:20:_DC_Cmd	8	static
../Core/Src/ili9488.c:74:20:_DC_Data	8	static
../Core/Src/ili9488.c:75:20:_RST_Low	8	static
../Core/Src/ili9488.c:76:20:_RST_High	8	static
../Core/Src/ili9488.c:77:20:_LED_On	8	static
../Core/Src/ili9488.c:78:20:_LED_Off	8	static
../Core/Src/ili9488.c:80:6:ILI9488_CS_Assert	8	static
../Core/Src/ili9488.c:81:6:ILI9488_CS_Deassert	8	static
../Core/Src/ili9488.c:87:13:_WriteCmd	16	static
../Core/Src/ili9488.c:93:13:_WriteDataBuf	16	static
../Core/Src/ili9488.c:99:13:_WriteReg	16	static
../Core/Src/ili9488.c:113:6:ILI9488_SetWindow	32	static
../Core/Src/ili9488.c:131:6:ILI9488_WritePixels_RGB666	24	static
../Core/Src/ili9488.c:142:6:ILI9488_WritePixels_RGB565	224	static
../Core/Src/ili9488.c:205:6:ILI9488_Init	16	static
../Core/Src/ili9488.c:278:6:ILI9488_SetOrientation	24	static
../Core/Src/ili9488.c:306:6:ILI9488_SetBacklight	16	static
../Core/Src/ili9488.c:315:6:ILI9488_FillScreen	24	static
../Core/Src/ili9488.c:320:6:ILI9488_DrawPixel	24	static
../Core/Src/ili9488.c:329:6:ILI9488_FillRect	424	static
../Core/Src/ili9488.c:357:6:ILI9488_DrawHLine	32	static
../Core/Src/ili9488.c:362:6:ILI9488_DrawVLine	32	static
../Core/Src/ili9488.c:367:6:ILI9488_DrawRect	24	static
../Core/Src/ili9488.c:375:6:ILI9488_DrawLine	40	static
../Core/Src/ili9488.c:392:13:_DrawCirclePoints	24	static
../Core/Src/ili9488.c:404:6:ILI9488_DrawCircle	40	static
../Core/Src/ili9488.c:416:6:ILI9488_FillCircle	32	static
../Core/Src/ili9488.c:521:6:ILI9488_DrawChar	64	static
../Core/Src/ili9488.c:549:6:ILI9488_DrawString	48	static
../Core/Src/ili9488.c:563:6:ILI9488_CopyFrameBufferBlockToLCD	32	static
