../Core/Src/main.c:77:13:OnSliderR_Changed	16	static
../Core/Src/main.c:94:13:OnSliderG_Changed	16	static
../Core/Src/main.c:104:13:OnSliderB_Changed	16	static
../Core/Src/main.c:118:13:OnOkPressed	16	static
../Core/Src/main.c:137:13:OnTestPressed	16	static
../Core/Src/main.c:156:13:OnTestPresseda	16	static
../Core/Src/main.c:171:5:main	32	static
../Core/Src/main.c:435:6:SystemClock_Config	88	static
../Core/Src/main.c:468:13:MX_SPI1_Init	8	static
../Core/Src/main.c:488:13:MX_GPIO_Init	48	static
../Core/Src/main.c:525:6:HAL_GPIO_EXTI_Callback	16	static
../Core/Src/main.c:532:6:Error_Handler	4	static,ignoring_inline_asm
