../Core/Src/main.c:80:13:OnSliderR_Changed	16	static
../Core/Src/main.c:87:13:OnSliderG_Changed	16	static
../Core/Src/main.c:102:13:OnSliderB_Changed	16	static
../Core/Src/main.c:116:13:OnOkPressed	16	static
../Core/Src/main.c:132:13:OnTestPressed	16	static
../Core/Src/main.c:148:13:OnTestPresseda	16	static
../Core/Src/main.c:163:5:main	32	static
../Core/Src/main.c:295:6:SystemClock_Config	88	static
../Core/Src/main.c:336:13:MX_SPI1_Init	8	static
../Core/Src/main.c:369:13:MX_GPIO_Init	48	static
../Core/Src/main.c:412:6:HAL_GPIO_EXTI_Callback	16	static
../Core/Src/main.c:423:6:Error_Handler	4	static,ignoring_inline_asm
