../Core/Src/ugfx.c:47:13:_TransformTouch	32	static
../Core/Src/ugfx.c:70:13:_TransformOrigin	32	static
../Core/Src/ugfx.c:93:17:_SliderValToPos	32	static
../Core/Src/ugfx.c:108:16:_SliderPosToVal	32	static
../Core/Src/ugfx.c:121:6:UGFX_SliderDraw	56	static
../Core/Src/ugfx.c:178:6:UGFX_ButtonDraw	56	static
../Core/Src/ugfx.c:211:6:UGFX_IconDraw	40	static
../Core/Src/ugfx.c:223:6:UGFX_LabelDraw	40	static
../Core/Src/ugfx.c:236:13:_InRect	16	static
../Core/Src/ugfx.c:246:13:_SliderTouch	48	static
../Core/Src/ugfx.c:275:13:_SliderRelease	16	static
../Core/Src/ugfx.c:284:13:_ButtonInBounds	32	static
../Core/Src/ugfx.c:293:6:UGFX_Init	8	static
../Core/Src/ugfx.c:304:6:UGFX_Begin	16	static
../Core/Src/ugfx.c:313:6:UGFX_Commit	16	static
../Core/Src/ugfx.c:321:6:UGFX_SetRotation	16	static
../Core/Src/ugfx.c:328:6:UGFX_SliderSetValue	16	static
../Core/Src/ugfx.c:337:9:UGFX_SliderGetValue	16	static
../Core/Src/ugfx.c:342:6:UGFX_LabelSetText	16	static
../Core/Src/ugfx.c:355:6:UGFX_Poll	40	static
../Core/Src/ugfx.c:437:31:_SB_frame	16	static
../Core/Src/ugfx.c:441:31:_SB_origin	16	static
../Core/Src/ugfx.c:445:31:_SB_direction	16	static
../Core/Src/ugfx.c:449:31:_SB_colors	24	static
../Core/Src/ugfx.c:458:31:_SB_touchMask	16	static
../Core/Src/ugfx.c:462:31:_SB_onChanged	16	static
../Core/Src/ugfx.c:466:23:_SB_build	32	static
../Core/Src/ugfx.c:476:24:Slider	24	static
../Core/Src/ugfx.c:500:31:_BB_frame	16	static
../Core/Src/ugfx.c:504:31:_BB_origin	16	static
../Core/Src/ugfx.c:508:31:_BB_labelSize	16	static
../Core/Src/ugfx.c:512:31:_BB_colors	24	static
../Core/Src/ugfx.c:521:31:_BB_touchMask	16	static
../Core/Src/ugfx.c:525:31:_BB_onTap	16	static
../Core/Src/ugfx.c:529:23:_BB_build	32	static
../Core/Src/ugfx.c:539:24:Button	16	static
../Core/Src/ugfx.c:562:29:_IB_origin	16	static
../Core/Src/ugfx.c:566:29:_IB_scale	16	static
../Core/Src/ugfx.c:569:29:_IB_color	16	static
../Core/Src/ugfx.c:572:21:_IB_build	24	static
../Core/Src/ugfx.c:581:22:Icon	16	static
../Core/Src/ugfx.c:597:30:_LB_origin	16	static
../Core/Src/ugfx.c:601:30:_LB_color	16	static
../Core/Src/ugfx.c:605:30:_LB_size	16	static
../Core/Src/ugfx.c:608:22:_LB_build	40	static
../Core/Src/ugfx.c:618:23:Label	16	static
