../Core/Src/ugfx.c:86:13:_TransformTouch	32	static
../Core/Src/ugfx.c:100:13:_TransformOrigin	32	static
../Core/Src/ugfx.c:118:17:_SliderValToPos	40	static
../Core/Src/ugfx.c:140:16:_SliderPosToVal	32	static
../Core/Src/ugfx.c:160:6:UGFX_SliderDraw	72	static
../Core/Src/ugfx.c:238:6:UGFX_ButtonDraw	56	static
../Core/Src/ugfx.c:271:6:UGFX_IconDraw	40	static
../Core/Src/ugfx.c:283:6:UGFX_LabelDraw	40	static
../Core/Src/ugfx.c:300:13:_InRect	16	static
../Core/Src/ugfx.c:310:13:_SliderTouch	48	static
../Core/Src/ugfx.c:337:13:_SliderRelease	16	static
../Core/Src/ugfx.c:343:13:_ButtonInBounds	32	static
../Core/Src/ugfx.c:352:6:UGFX_Init	8	static
../Core/Src/ugfx.c:363:6:UGFX_Begin	16	static
../Core/Src/ugfx.c:372:6:UGFX_Commit	16	static
../Core/Src/ugfx.c:380:6:UGFX_SetRotation	16	static
../Core/Src/ugfx.c:382:6:UGFX_SliderSetValue	16	static
../Core/Src/ugfx.c:391:9:UGFX_SliderGetValue	16	static
../Core/Src/ugfx.c:393:6:UGFX_LabelSetText	16	static
../Core/Src/ugfx.c:406:6:UGFX_Poll	40	static
../Core/Src/ugfx.c:461:31:_SB_frame	16	static
../Core/Src/ugfx.c:464:31:_SB_origin	16	static
../Core/Src/ugfx.c:467:31:_SB_direction	16	static
../Core/Src/ugfx.c:470:31:_SB_colors	24	static
../Core/Src/ugfx.c:474:31:_SB_touchMask	16	static
../Core/Src/ugfx.c:477:31:_SB_onChanged	16	static
../Core/Src/ugfx.c:480:31:_SB_bgRedraw	16	static
../Core/Src/ugfx.c:483:31:_SB_knobBitmap	24	static
../Core/Src/ugfx.c:488:23:_SB_build	32	static
../Core/Src/ugfx.c:498:24:Slider	24	static
../Core/Src/ugfx.c:528:31:_BB_frame	16	static
../Core/Src/ugfx.c:531:31:_BB_origin	16	static
../Core/Src/ugfx.c:534:31:_BB_labelSize	16	static
../Core/Src/ugfx.c:537:31:_BB_colors	24	static
../Core/Src/ugfx.c:543:31:_BB_touchMask	16	static
../Core/Src/ugfx.c:546:31:_BB_onTap	16	static
../Core/Src/ugfx.c:549:23:_BB_build	32	static
../Core/Src/ugfx.c:559:24:Button	16	static
../Core/Src/ugfx.c:582:29:_IB_origin	16	static
../Core/Src/ugfx.c:585:29:_IB_scale	16	static
../Core/Src/ugfx.c:588:29:_IB_color	16	static
../Core/Src/ugfx.c:591:21:_IB_build	24	static
../Core/Src/ugfx.c:600:22:Icon	16	static
../Core/Src/ugfx.c:615:30:_LB_origin	16	static
../Core/Src/ugfx.c:618:30:_LB_color	16	static
../Core/Src/ugfx.c:621:30:_LB_size	16	static
../Core/Src/ugfx.c:624:22:_LB_build	40	static
../Core/Src/ugfx.c:634:23:Label	16	static
