../Core/Src/ugfx.c:713:13:_TransformTouch	32	static
../Core/Src/ugfx.c:727:13:_TransformOrigin	32	static
../Core/Src/ugfx.c:745:17:_SliderValToPos	40	static
../Core/Src/ugfx.c:767:16:_SliderPosToVal	32	static
../Core/Src/ugfx.c:787:6:UGFX_SliderDraw	72	static
../Core/Src/ugfx.c:865:6:UGFX_ButtonDraw	56	static
../Core/Src/ugfx.c:898:6:UGFX_IconDraw	40	static
../Core/Src/ugfx.c:910:6:UGFX_LabelDraw	40	static
../Core/Src/ugfx.c:927:13:_InRect	16	static
../Core/Src/ugfx.c:937:13:_SliderTouch	48	static
../Core/Src/ugfx.c:964:13:_SliderRelease	16	static
../Core/Src/ugfx.c:970:13:_ButtonInBounds	32	static
../Core/Src/ugfx.c:979:6:UGFX_Init	8	static
../Core/Src/ugfx.c:990:6:UGFX_Begin	16	static
../Core/Src/ugfx.c:999:6:UGFX_Commit	16	static
../Core/Src/ugfx.c:1007:6:UGFX_SetRotation	16	static
../Core/Src/ugfx.c:1009:6:UGFX_SliderSetValue	16	static
../Core/Src/ugfx.c:1018:9:UGFX_SliderGetValue	16	static
../Core/Src/ugfx.c:1020:6:UGFX_LabelSetText	16	static
../Core/Src/ugfx.c:1033:6:UGFX_Poll	40	static
../Core/Src/ugfx.c:1088:31:_SB_frame	16	static
../Core/Src/ugfx.c:1091:31:_SB_origin	16	static
../Core/Src/ugfx.c:1094:31:_SB_direction	16	static
../Core/Src/ugfx.c:1097:31:_SB_colors	24	static
../Core/Src/ugfx.c:1101:31:_SB_touchMask	16	static
../Core/Src/ugfx.c:1104:31:_SB_onChanged	16	static
../Core/Src/ugfx.c:1107:31:_SB_bgRedraw	16	static
../Core/Src/ugfx.c:1110:31:_SB_knobBitmap	24	static
../Core/Src/ugfx.c:1115:23:_SB_build	32	static
../Core/Src/ugfx.c:1125:24:Slider	24	static
../Core/Src/ugfx.c:1155:31:_BB_frame	16	static
../Core/Src/ugfx.c:1158:31:_BB_origin	16	static
../Core/Src/ugfx.c:1161:31:_BB_labelSize	16	static
../Core/Src/ugfx.c:1164:31:_BB_colors	24	static
../Core/Src/ugfx.c:1170:31:_BB_touchMask	16	static
../Core/Src/ugfx.c:1173:31:_BB_onTap	16	static
../Core/Src/ugfx.c:1176:23:_BB_build	32	static
../Core/Src/ugfx.c:1186:24:Button	16	static
../Core/Src/ugfx.c:1209:29:_IB_origin	16	static
../Core/Src/ugfx.c:1212:29:_IB_scale	16	static
../Core/Src/ugfx.c:1215:29:_IB_color	16	static
../Core/Src/ugfx.c:1218:21:_IB_build	24	static
../Core/Src/ugfx.c:1227:22:Icon	16	static
../Core/Src/ugfx.c:1242:30:_LB_origin	16	static
../Core/Src/ugfx.c:1245:30:_LB_color	16	static
../Core/Src/ugfx.c:1248:30:_LB_size	16	static
../Core/Src/ugfx.c:1251:22:_LB_build	40	static
../Core/Src/ugfx.c:1261:23:Label	16	static
