../Core/Src/ugfx.c:47:13:_TransformTouch	32	static
../Core/Src/ugfx.c:70:13:_TransformOrigin	32	static
../Core/Src/ugfx.c:93:17:_SliderValToPos	40	static
../Core/Src/ugfx.c:117:16:_SliderPosToVal	32	static
../Core/Src/ugfx.c:135:6:UGFX_SliderDraw	64	static
../Core/Src/ugfx.c:202:6:UGFX_ButtonDraw	56	static
../Core/Src/ugfx.c:235:6:UGFX_IconDraw	40	static
../Core/Src/ugfx.c:256:6:UGFX_LabelDraw	40	static
../Core/Src/ugfx.c:276:13:_InRect	16	static
../Core/Src/ugfx.c:286:13:_SliderTouch	48	static
../Core/Src/ugfx.c:315:13:_SliderRelease	16	static
../Core/Src/ugfx.c:324:13:_ButtonInBounds	32	static
../Core/Src/ugfx.c:333:6:UGFX_Init	8	static
../Core/Src/ugfx.c:344:6:UGFX_Begin	16	static
../Core/Src/ugfx.c:353:6:UGFX_Commit	16	static
../Core/Src/ugfx.c:361:6:UGFX_SetRotation	16	static
../Core/Src/ugfx.c:368:6:UGFX_SliderSetValue	16	static
../Core/Src/ugfx.c:377:9:UGFX_SliderGetValue	16	static
../Core/Src/ugfx.c:382:6:UGFX_LabelSetText	16	static
../Core/Src/ugfx.c:395:6:UGFX_Poll	40	static
../Core/Src/ugfx.c:477:31:_SB_frame	16	static
../Core/Src/ugfx.c:481:31:_SB_origin	16	static
../Core/Src/ugfx.c:485:31:_SB_direction	16	static
../Core/Src/ugfx.c:489:31:_SB_colors	24	static
../Core/Src/ugfx.c:498:31:_SB_touchMask	16	static
../Core/Src/ugfx.c:502:31:_SB_onChanged	16	static
../Core/Src/ugfx.c:506:23:_SB_build	32	static
../Core/Src/ugfx.c:516:24:Slider	24	static
../Core/Src/ugfx.c:540:31:_BB_frame	16	static
../Core/Src/ugfx.c:544:31:_BB_origin	16	static
../Core/Src/ugfx.c:548:31:_BB_labelSize	16	static
../Core/Src/ugfx.c:552:31:_BB_colors	24	static
../Core/Src/ugfx.c:561:31:_BB_touchMask	16	static
../Core/Src/ugfx.c:565:31:_BB_onTap	16	static
../Core/Src/ugfx.c:569:23:_BB_build	32	static
../Core/Src/ugfx.c:579:24:Button	16	static
../Core/Src/ugfx.c:602:29:_IB_origin	16	static
../Core/Src/ugfx.c:606:29:_IB_scale	16	static
../Core/Src/ugfx.c:609:29:_IB_color	16	static
../Core/Src/ugfx.c:612:21:_IB_build	24	static
../Core/Src/ugfx.c:621:22:Icon	16	static
../Core/Src/ugfx.c:637:30:_LB_origin	16	static
../Core/Src/ugfx.c:641:30:_LB_color	16	static
../Core/Src/ugfx.c:645:30:_LB_size	16	static
../Core/Src/ugfx.c:648:22:_LB_build	40	static
../Core/Src/ugfx.c:658:23:Label	16	static
