../Core/Src/ugfx.c:48:13:_TransformTouch	32	static
../Core/Src/ugfx.c:71:13:_TransformOrigin	32	static
../Core/Src/ugfx.c:99:17:_SliderValToPos	32	static
../Core/Src/ugfx.c:115:16:_SliderPosToVal	32	static
../Core/Src/ugfx.c:128:6:UGFX_SliderDraw	56	static
../Core/Src/ugfx.c:190:6:UGFX_ButtonDraw	56	static
../Core/Src/ugfx.c:223:6:UGFX_IconDraw	40	static
../Core/Src/ugfx.c:235:6:UGFX_LabelDraw	40	static
../Core/Src/ugfx.c:248:13:_InRect	16	static
../Core/Src/ugfx.c:258:13:_SliderTouch	48	static
../Core/Src/ugfx.c:289:13:_SliderRelease	16	static
../Core/Src/ugfx.c:298:13:_ButtonInBounds	32	static
../Core/Src/ugfx.c:307:6:UGFX_Init	8	static
../Core/Src/ugfx.c:318:6:UGFX_Begin	16	static
../Core/Src/ugfx.c:328:6:UGFX_Commit	16	static
../Core/Src/ugfx.c:336:6:UGFX_SetRotation	16	static
../Core/Src/ugfx.c:343:6:UGFX_SliderSetValue	16	static
../Core/Src/ugfx.c:352:9:UGFX_SliderGetValue	16	static
../Core/Src/ugfx.c:357:6:UGFX_LabelSetText	16	static
../Core/Src/ugfx.c:370:6:UGFX_Poll	40	static
../Core/Src/ugfx.c:429:31:_SB_frame	16	static
../Core/Src/ugfx.c:431:31:_SB_origin	16	static
../Core/Src/ugfx.c:433:31:_SB_direction	16	static
../Core/Src/ugfx.c:435:31:_SB_colors	24	static
../Core/Src/ugfx.c:438:31:_SB_touchMask	16	static
../Core/Src/ugfx.c:440:31:_SB_onChanged	16	static
../Core/Src/ugfx.c:443:23:_SB_build	32	static
../Core/Src/ugfx.c:453:24:Slider	24	static
../Core/Src/ugfx.c:477:31:_BB_frame	16	static
../Core/Src/ugfx.c:479:31:_BB_origin	16	static
../Core/Src/ugfx.c:481:31:_BB_labelSize	16	static
../Core/Src/ugfx.c:483:31:_BB_colors	24	static
../Core/Src/ugfx.c:488:31:_BB_touchMask	16	static
../Core/Src/ugfx.c:490:31:_BB_onTap	16	static
../Core/Src/ugfx.c:493:23:_BB_build	32	static
../Core/Src/ugfx.c:503:24:Button	16	static
../Core/Src/ugfx.c:526:29:_IB_origin	16	static
../Core/Src/ugfx.c:528:29:_IB_scale	16	static
../Core/Src/ugfx.c:530:29:_IB_color	16	static
../Core/Src/ugfx.c:533:21:_IB_build	24	static
../Core/Src/ugfx.c:542:22:Icon	16	static
../Core/Src/ugfx.c:558:30:_LB_origin	16	static
../Core/Src/ugfx.c:560:30:_LB_color	16	static
../Core/Src/ugfx.c:562:30:_LB_size	16	static
../Core/Src/ugfx.c:565:22:_LB_build	24	static
../Core/Src/ugfx.c:575:23:Label	16	static
